idle after 120s wait
N=32 p=2 np=1 A_pt none r1 rc=0 wall=40s  A_pt N=32 p=2 np=1 ND=786432  build 3.5  evsetup 0.3517  plan 6.257 (collect 0.7952 find 5.462)  eval 1.861  dofs 0.5468  solve 0 (its 0/0)  gauge 0 (0)  curl 0.003388  steady 2.412  oneshot 9.02  pea
N=32 p=2 np=1 A_pt none r2 rc=0 wall=42s  A_pt N=32 p=2 np=1 ND=786432  build 3.395  evsetup 0.4157  plan 6.4 (collect 0.8897 find 5.51)  eval 2.146  dofs 0.6049  solve 0 (its 0/0)  gauge 0 (0)  curl 0.004113  steady 2.755  oneshot 9.571  pea
N=32 p=2 np=1 A_int none r1 rc=0 wall=85s  A_int N=32 p=2 np=1 ND=786432  build 3.575  evsetup 0.4222  plan 27.31 (collect 3.62 find 23.69)  eval 7.332  dofs 1.937  solve 0 (its 0/0)  gauge 0 (0)  curl 0.003549  steady 9.276  oneshot 37.01  pe
N=32 p=2 np=1 A_int none r2 rc=0 wall=86s  A_int N=32 p=2 np=1 ND=786432  build 3.705  evsetup 0.4517  plan 27.7 (collect 3.649 find 24.06)  eval 8.292  dofs 2.164  solve 0 (its 0/0)  gauge 0 (0)  curl 0.004199  steady 10.46  oneshot 38.62  pe
N=32 p=2 np=1 A_int coulomb r1 rc=0 wall=140s  A_int N=32 p=2 np=1 ND=786432  build 3.351  evsetup 0.3956  plan 26.32 (collect 3.212 find 23.11)  eval 8.081  dofs 1.978  solve 0 (its 0/0)  gauge 3.656 (16)  curl 0.004001  steady 13.72  oneshot 40.
N=32 p=2 np=1 A_int coulomb r2 rc=0 wall=141s  A_int N=32 p=2 np=1 ND=786432  build 3.402  evsetup 0.42  plan 27.97 (collect 3.466 find 24.5)  eval 8.224  dofs 2.444  solve 0 (its 0/0)  gauge 3.459 (16)  curl 0.004074  steady 14.13  oneshot 42.52 
N=32 p=2 np=1 A_int jacobi:20 r1 rc=0 wall=128s  A_int N=32 p=2 np=1 ND=786432  build 3.877  evsetup 0.4169  plan 26.35 (collect 3.6 find 22.75)  eval 7.289  dofs 1.972  solve 0 (its 0/0)  gauge 0.7589 (20)  curl 0.003423  steady 10.02  oneshot 36.7
N=32 p=2 np=1 A_int jacobi:20 r2 rc=0 wall=132s  A_int N=32 p=2 np=1 ND=786432  build 3.326  evsetup 0.3853  plan 26.12 (collect 3.332 find 22.79)  eval 7.418  dofs 2.396  solve 0 (its 0/0)  gauge 0.7716 (20)  curl 0.004404  steady 10.59  oneshot 37
N=32 p=2 np=1 A_l2 coulomb r1 rc=0 wall=161s  A_l2 N=32 p=2 np=1 ND=786432  build 3.612  evsetup 0.3783  plan 27.69 (collect 0.7499 find 26.14)  eval 7.745  dofs 5.658  solve 3.924 (its 18/0)  gauge 3.516 (16)  curl 0.004704  steady 20.85  onesho
N=32 p=2 np=1 A_l2 coulomb r2 rc=0 wall=162s  A_l2 N=32 p=2 np=1 ND=786432  build 3.412  evsetup 0.3364  plan 26.48 (collect 0.697 find 25.05)  eval 8.206  dofs 5.535  solve 4.147 (its 18/0)  gauge 3.537 (16)  curl 0.004024  steady 21.43  oneshot
N=32 p=2 np=1 B_l2 none r1 rc=0 wall=90s  B_l2 N=32 p=2 np=1 ND=786432  build 3.323  evsetup 0.3791  plan 26.06 (collect 0.7043 find 24.57)  eval 6.618  dofs 4.466  solve 2.716 (its 12/0)  gauge 0 (0)  curl 0  steady 13.8  oneshot 40.24  peak
N=32 p=2 np=1 B_l2 none r2 rc=0 wall=90s  B_l2 N=32 p=2 np=1 ND=786432  build 3.633  evsetup 0.4159  plan 27.85 (collect 0.8566 find 26.1)  eval 6.196  dofs 4.727  solve 2.6 (its 12/0)  gauge 0 (0)  curl 0  steady 13.52  oneshot 41.78  peak 2
N=32 p=2 np=1 B_l2c none r1 rc=0 wall=376s  B_l2c N=32 p=2 np=1 ND=786432  build 3.641  evsetup 0.4112  plan 26.47 (collect 0.8347 find 24.44)  eval 7.579  dofs 4.81  solve 151.8 (its 34/630)  gauge 0 (0)  curl 0  steady 164.2  oneshot 191  pea
N=12 p=4 np=1 A_pt none r1 rc=0 wall=60s  A_pt N=12 p=4 np=1 ND=331776  build 3.105  evsetup 0.08876  plan 4.823 (collect 0.8506 find 3.972)  eval 1.83  dofs 0.4879  solve 0 (its 0/0)  gauge 0 (0)  curl 0.002293  steady 2.321  oneshot 7.233  
N=12 p=4 np=1 A_pt none r2 rc=0 wall=60s  A_pt N=12 p=4 np=1 ND=331776  build 3.427  evsetup 0.07231  plan 5.149 (collect 0.7437 find 4.405)  eval 2.224  dofs 0.5893  solve 0 (its 0/0)  gauge 0 (0)  curl 0.002821  steady 2.815  oneshot 8.036 
N=12 p=4 np=1 A_int none r1 rc=0 wall=125s  A_int N=12 p=4 np=1 ND=331776  build 3.118  evsetup 0.09633  plan 29.49 (collect 5.441 find 24.05)  eval 11.82  dofs 3.876  solve 0 (its 0/0)  gauge 0 (0)  curl 0.002766  steady 15.71  oneshot 45.3  p
N=12 p=4 np=1 A_int none r2 rc=0 wall=122s  A_int N=12 p=4 np=1 ND=331776  build 3.384  evsetup 0.07534  plan 27.99 (collect 4.99 find 23)  eval 12.15  dofs 3.535  solve 0 (its 0/0)  gauge 0 (0)  curl 0.002496  steady 15.69  oneshot 43.75  peak
N=12 p=4 np=1 A_int coulomb r1 rc=0 wall=308s  A_int N=12 p=4 np=1 ND=331776  build 2.754  evsetup 0.08193  plan 28.27 (collect 4.561 find 23.71)  eval 12.06  dofs 3.926  solve 0 (its 0/0)  gauge 6.807 (23)  curl 0.00311  steady 22.8  oneshot 51.1
N=12 p=4 np=1 A_int jacobi:20 r1 rc=0 wall=290s  A_int N=12 p=4 np=1 ND=331776  build 3.122  evsetup 0.08964  plan 29.76 (collect 5.388 find 24.38)  eval 12.08  dofs 3.507  solve 0 (its 0/0)  gauge 0.807 (20)  curl 0.002469  steady 16.4  oneshot 46.
N=12 p=4 np=1 A_int jacobi:20 r2 rc=0 wall=293s  A_int N=12 p=4 np=1 ND=331776  build 3.198  evsetup 0.07631  plan 27.48 (collect 4.853 find 22.63)  eval 12.29  dofs 3.218  solve 0 (its 0/0)  gauge 0.7698 (20)  curl 0.002301  steady 16.28  oneshot 4
N=12 p=4 np=1 A_l2 coulomb r1 rc=0 wall=281s  A_l2 N=12 p=4 np=1 ND=331776  build 3.453  evsetup 0.07196  plan 12.76 (collect 0.586 find 11.93)  eval 7.385  dofs 5.215  solve 0.7514 (its 12/0)  gauge 6.756 (23)  curl 0.002779  steady 20.11  onesh
N=12 p=4 np=1 A_l2 coulomb r2 rc=0 wall=289s  A_l2 N=12 p=4 np=1 ND=331776  build 3.992  evsetup 0.07907  plan 13.66 (collect 0.6587 find 12.75)  eval 6.402  dofs 4.356  solve 0.6326 (its 12/0)  gauge 6.983 (23)  curl 0.002106  steady 18.38  ones
N=12 p=4 np=1 B_l2 none r1 rc=0 wall=77s  B_l2 N=12 p=4 np=1 ND=331776  build 3.326  evsetup 0.09116  plan 14.02 (collect 0.7682 find 12.94)  eval 6.075  dofs 4.159  solve 0.4338 (its 8/0)  gauge 0 (0)  curl 0  steady 10.67  oneshot 24.78  pe
N=12 p=4 np=1 B_l2 none r2 rc=0 wall=78s  B_l2 N=12 p=4 np=1 ND=331776  build 3.192  evsetup 0.08655  plan 14.37 (collect 0.7478 find 13.33)  eval 6.212  dofs 4.101  solve 0.3844 (its 8/0)  gauge 0 (0)  curl 0  steady 10.7  oneshot 25.15  pea
N=12 p=4 np=1 B_l2c none r1 rc=0 wall=181s  B_l2c N=12 p=4 np=1 ND=331776  build 3.213  evsetup 0.08887  plan 13.3 (collect 0.7383 find 11.98)  eval 6.126  dofs 4.616  solve 34.17 (its 69/560)  gauge 0 (0)  curl 0  steady 44.91  oneshot 58.31  
N=12 p=4 np=1 B_l2c none r2 rc=0 wall=183s  B_l2c N=12 p=4 np=1 ND=331776  build 3.439  evsetup 0.07413  plan 13.73 (collect 0.6362 find 12.61)  eval 6.795  dofs 4.744  solve 35.16 (its 69/560)  gauge 0 (0)  curl 0  steady 46.7  oneshot 60.51  
stage 3 done
