N=16 p=1 np=1 A_pt none r1 rc=0 wall=1s  A_pt N=16 p=1 np=1 ND=12288  build 0.09986  evsetup 0.01819  plan 0.1104 (collect 0.01064 find 0.09971)  eval 0.02123  dofs 0.00618  solve 0 (its 0/0)  gauge 0 (0)  curl 2.018e-05  steady 0.02743  one
N=16 p=1 np=1 A_pt none r2 rc=0 wall=1s  A_pt N=16 p=1 np=1 ND=12288  build 0.107  evsetup 0.02261  plan 0.1363 (collect 0.01299 find 0.1233)  eval 0.02537  dofs 0.007366  solve 0 (its 0/0)  gauge 0 (0)  curl 2.61e-05  steady 0.03277  onesho
N=16 p=1 np=1 A_int none r1 rc=0 wall=1s  A_int N=16 p=1 np=1 ND=12288  build 0.105  evsetup 0.0223  plan 0.3968 (collect 0.03633 find 0.3604)  eval 0.06757  dofs 0.02235  solve 0 (its 0/0)  gauge 0 (0)  curl 2.504e-05  steady 0.08995  onesho
N=16 p=1 np=1 A_int none r2 rc=0 wall=2s  A_int N=16 p=1 np=1 ND=12288  build 0.08309  evsetup 0.01783  plan 0.3421 (collect 0.02927 find 0.3129)  eval 0.07771  dofs 0.02256  solve 0 (its 0/0)  gauge 0 (0)  curl 3.69e-05  steady 0.1003  onesh
N=16 p=1 np=1 A_int coulomb r1 rc=0 wall=1s  A_int N=16 p=1 np=1 ND=12288  build 0.0843  evsetup 0.017  plan 0.3081 (collect 0.02828 find 0.2798)  eval 0.06041  dofs 0.01804  solve 0 (its 0/0)  gauge 0.01407 (13)  curl 2.137e-05  steady 0.09255 
N=16 p=1 np=1 A_int coulomb r2 rc=0 wall=2s  A_int N=16 p=1 np=1 ND=12288  build 0.08078  evsetup 0.01712  plan 0.3008 (collect 0.02823 find 0.2725)  eval 0.07691  dofs 0.02279  solve 0 (its 0/0)  gauge 0.01498 (13)  curl 2.058e-05  steady 0.114
N=16 p=1 np=1 A_int jacobi:20 r1 rc=0 wall=1s  A_int N=16 p=1 np=1 ND=12288  build 0.1022  evsetup 0.02229  plan 0.3755 (collect 0.03595 find 0.3395)  eval 0.07639  dofs 0.02302  solve 0 (its 0/0)  gauge 0.01045 (20)  curl 2.801e-05  steady 0.1099
N=16 p=1 np=1 A_int jacobi:20 r2 rc=0 wall=2s  A_int N=16 p=1 np=1 ND=12288  build 0.1029  evsetup 0.02161  plan 0.3795 (collect 0.0358 find 0.3437)  eval 0.07614  dofs 0.02278  solve 0 (its 0/0)  gauge 0.009654 (20)  curl 2.175e-05  steady 0.1086
N=16 p=1 np=1 A_l2 coulomb r1 rc=0 wall=3s  A_l2 N=16 p=1 np=1 ND=12288  build 0.109  evsetup 0.02158  plan 0.5716 (collect 0.01462 find 0.5301)  eval 0.1079  dofs 0.06549  solve 0.1962 (its 29/0)  gauge 0.01419 (13)  curl 2.047e-05  steady 0.3
N=16 p=1 np=1 A_l2 coulomb r2 rc=0 wall=2s  A_l2 N=16 p=1 np=1 ND=12288  build 0.08171  evsetup 0.01743  plan 0.5162 (collect 0.01193 find 0.481)  eval 0.1074  dofs 0.06501  solve 0.1972 (its 29/0)  gauge 0.0138 (13)  curl 1.986e-05  steady 0.3
N=16 p=1 np=1 B_l2 none r1 rc=0 wall=3s  B_l2 N=16 p=1 np=1 ND=12288  build 0.104  evsetup 0.02263  plan 0.6552 (collect 0.01501 find 0.61)  eval 0.1339  dofs 0.07244  solve 0.07678 (its 9/0)  gauge 0 (0)  curl 0  steady 0.2832  oneshot 0.96
N=16 p=1 np=1 B_l2 none r2 rc=0 wall=2s  B_l2 N=16 p=1 np=1 ND=12288  build 0.1083  evsetup 0.03013  plan 0.6472 (collect 0.01563 find 0.6011)  eval 0.1277  dofs 0.07106  solve 0.07336 (its 9/0)  gauge 0 (0)  curl 0  steady 0.2721  oneshot 0
N=16 p=1 np=1 B_l2c none r1 rc=0 wall=6s  B_l2c N=16 p=1 np=1 ND=12288  build 0.08071  evsetup 0.01709  plan 0.5678 (collect 0.01218 find 0.5283)  eval 0.1011  dofs 0.05688  solve 1.609 (its 28/232)  gauge 0 (0)  curl 0  steady 1.767  oneshot
N=16 p=1 np=1 B_l2c none r2 rc=0 wall=7s  B_l2c N=16 p=1 np=1 ND=12288  build 0.1016  evsetup 0.02476  plan 0.6101 (collect 0.01484 find 0.5563)  eval 0.1021  dofs 0.05795  solve 1.62 (its 28/232)  gauge 0 (0)  curl 0  steady 1.78  oneshot 2.
N=32 p=1 np=1 A_pt none r1 rc=0 wall=5s  A_pt N=32 p=1 np=1 ND=98304  build 0.8148  evsetup 0.1754  plan 1.078 (collect 0.1078 find 0.9707)  eval 0.2106  dofs 0.05971  solve 0 (its 0/0)  gauge 0 (0)  curl 0.0003441  steady 0.2707  oneshot 1.
N=32 p=1 np=1 A_pt none r2 rc=0 wall=6s  A_pt N=32 p=1 np=1 ND=98304  build 0.8373  evsetup 0.1767  plan 1.047 (collect 0.1002 find 0.9473)  eval 0.2055  dofs 0.05951  solve 0 (its 0/0)  gauge 0 (0)  curl 0.0003316  steady 0.2654  oneshot 1.
N=32 p=1 np=1 A_int none r1 rc=0 wall=8s  A_int N=32 p=1 np=1 ND=98304  build 0.807  evsetup 0.1582  plan 2.715 (collect 0.2709 find 2.445)  eval 0.4764  dofs 0.1416  solve 0 (its 0/0)  gauge 0 (0)  curl 0.0002996  steady 0.6184  oneshot 3.49
N=32 p=1 np=1 A_int none r2 rc=0 wall=8s  A_int N=32 p=1 np=1 ND=98304  build 0.8455  evsetup 0.1737  plan 3.114 (collect 0.2948 find 2.819)  eval 0.484  dofs 0.1427  solve 0 (its 0/0)  gauge 0 (0)  curl 0.000255  steady 0.6271  oneshot 3.915
N=32 p=1 np=1 A_int coulomb r1 rc=0 wall=10s  A_int N=32 p=1 np=1 ND=98304  build 0.8443  evsetup 0.1512  plan 2.594 (collect 0.252 find 2.342)  eval 0.4894  dofs 0.1451  solve 0 (its 0/0)  gauge 0.1443 (16)  curl 0.0002998  steady 0.7792  onesho
N=32 p=1 np=1 A_int coulomb r2 rc=0 wall=11s  A_int N=32 p=1 np=1 ND=98304  build 0.8311  evsetup 0.1661  plan 2.763 (collect 0.2859 find 2.477)  eval 0.6112  dofs 0.1788  solve 0 (its 0/0)  gauge 0.1768 (16)  curl 0.0003819  steady 0.9672  onesh
N=32 p=1 np=1 A_int jacobi:20 r1 rc=0 wall=9s  A_int N=32 p=1 np=1 ND=98304  build 0.7807  evsetup 0.1532  plan 2.656 (collect 0.257 find 2.399)  eval 0.5726  dofs 0.1632  solve 0 (its 0/0)  gauge 0.07858 (20)  curl 0.0003394  steady 0.8148  onesh
N=32 p=1 np=1 A_int jacobi:20 r2 rc=0 wall=10s  A_int N=32 p=1 np=1 ND=98304  build 0.6757  evsetup 0.138  plan 2.69 (collect 0.2326 find 2.457)  eval 0.4782  dofs 0.143  solve 0 (its 0/0)  gauge 0.07538 (20)  curl 0.0003196  steady 0.697  oneshot 
N=32 p=1 np=1 A_l2 coulomb r1 rc=0 wall=20s  A_l2 N=32 p=1 np=1 ND=98304  build 0.7022  evsetup 0.1388  plan 4.369 (collect 0.09818 find 4.073)  eval 0.8981  dofs 0.581  solve 2.182 (its 30/0)  gauge 0.1765 (16)  curl 0.0003366  steady 3.838  on
N=32 p=1 np=1 A_l2 coulomb r2 rc=0 wall=22s  A_l2 N=32 p=1 np=1 ND=98304  build 0.8297  evsetup 0.1781  plan 5.082 (collect 0.1256 find 4.724)  eval 0.8667  dofs 0.5887  solve 2.38 (its 30/0)  gauge 0.1542 (16)  curl 0.0002744  steady 3.99  ones
N=32 p=1 np=1 B_l2 none r1 rc=0 wall=17s  B_l2 N=32 p=1 np=1 ND=98304  build 0.7633  evsetup 0.1513  plan 4.941 (collect 0.1124 find 4.591)  eval 0.8988  dofs 0.6018  solve 1.267 (its 17/0)  gauge 0 (0)  curl 0  steady 2.767  oneshot 7.86  pe
N=32 p=1 np=1 B_l2 none r2 rc=0 wall=17s  B_l2 N=32 p=1 np=1 ND=98304  build 0.7001  evsetup 0.1414  plan 5.036 (collect 0.09681 find 4.73)  eval 0.8474  dofs 0.4679  solve 1.205 (its 17/0)  gauge 0 (0)  curl 0  steady 2.52  oneshot 7.698  pe
N=32 p=1 np=1 B_l2c none r1 rc=0 wall=122s  B_l2c N=32 p=1 np=1 ND=98304  build 0.7197  evsetup 0.164  plan 5.051 (collect 0.1157 find 4.623)  eval 0.9634  dofs 0.5078  solve 36.38 (its 32/528)  gauge 0 (0)  curl 0  steady 37.85  oneshot 43.06 
N=32 p=1 np=1 B_l2c none r2 rc=0 wall=129s  B_l2c N=32 p=1 np=1 ND=98304  build 0.8982  evsetup 0.1419  plan 5.16 (collect 0.1012 find 4.763)  eval 1.044  dofs 0.5922  solve 38.06 (its 32/528)  gauge 0 (0)  curl 0  steady 39.69  oneshot 45  pea
N=8 p=2 np=1 A_pt none r1 rc=0 wall=1s  A_pt N=8 p=2 np=1 ND=12288  build 0.05414  evsetup 0.007543  plan 0.1156 (collect 0.01365 find 0.102)  eval 0.03203  dofs 0.008561  solve 0 (its 0/0)  gauge 0 (0)  curl 3.78e-05  steady 0.04063  onesh
N=8 p=2 np=1 A_pt none r2 rc=0 wall=1s  A_pt N=8 p=2 np=1 ND=12288  build 0.0432  evsetup 0.007773  plan 0.1043 (collect 0.01082 find 0.0935)  eval 0.03371  dofs 0.00877  solve 0 (its 0/0)  gauge 0 (0)  curl 4.999e-05  steady 0.04253  onesh
N=8 p=2 np=1 A_int none r1 rc=0 wall=2s  A_int N=8 p=2 np=1 ND=12288  build 0.04416  evsetup 0.005597  plan 0.3643 (collect 0.04335 find 0.321)  eval 0.1127  dofs 0.02975  solve 0 (its 0/0)  gauge 0 (0)  curl 4.023e-05  steady 0.1424  onesho
N=8 p=2 np=1 A_int none r2 rc=0 wall=2s  A_int N=8 p=2 np=1 ND=12288  build 0.05521  evsetup 0.007195  plan 0.4143 (collect 0.05566 find 0.3586)  eval 0.1111  dofs 0.0357  solve 0 (its 0/0)  gauge 0 (0)  curl 3.917e-05  steady 0.1468  onesho
N=8 p=2 np=1 A_int coulomb r1 rc=0 wall=2s  A_int N=8 p=2 np=1 ND=12288  build 0.04388  evsetup 0.005752  plan 0.3736 (collect 0.04412 find 0.3295)  eval 0.1056  dofs 0.02788  solve 0 (its 0/0)  gauge 0.02001 (14)  curl 3.219e-05  steady 0.1536
N=8 p=2 np=1 A_int coulomb r2 rc=0 wall=2s  A_int N=8 p=2 np=1 ND=12288  build 0.04889  evsetup 0.008123  plan 0.4624 (collect 0.05842 find 0.404)  eval 0.1338  dofs 0.0352  solve 0 (its 0/0)  gauge 0.02417 (14)  curl 4.08e-05  steady 0.1932  o
N=8 p=2 np=1 A_int jacobi:20 r1 rc=0 wall=2s  A_int N=8 p=2 np=1 ND=12288  build 0.04793  evsetup 0.008092  plan 0.3616 (collect 0.04581 find 0.3157)  eval 0.1047  dofs 0.02765  solve 0 (its 0/0)  gauge 0.007055 (20)  curl 3.799e-05  steady 0.139
N=8 p=2 np=1 A_int jacobi:20 r2 rc=0 wall=2s  A_int N=8 p=2 np=1 ND=12288  build 0.05406  evsetup 0.00703  plan 0.4331 (collect 0.05372 find 0.3794)  eval 0.1077  dofs 0.02943  solve 0 (its 0/0)  gauge 0.006806 (20)  curl 3.464e-05  steady 0.144 
N=8 p=2 np=1 A_l2 coulomb r1 rc=0 wall=3s  A_l2 N=8 p=2 np=1 ND=12288  build 0.07014  evsetup 0.007059  plan 0.4191 (collect 0.01295 find 0.3933)  eval 0.1299  dofs 0.0751  solve 0.04985 (its 18/0)  gauge 0.01952 (14)  curl 3.798e-05  steady 0
N=8 p=2 np=1 A_l2 coulomb r2 rc=0 wall=2s  A_l2 N=8 p=2 np=1 ND=12288  build 0.04906  evsetup 0.006252  plan 0.3414 (collect 0.01088 find 0.3193)  eval 0.105  dofs 0.07321  solve 0.05024 (its 18/0)  gauge 0.02118 (14)  curl 3.423e-05  steady 0
N=8 p=2 np=1 B_l2 none r1 rc=0 wall=2s  B_l2 N=8 p=2 np=1 ND=12288  build 0.05582  evsetup 0.00614  plan 0.3724 (collect 0.01211 find 0.3475)  eval 0.1056  dofs 0.08599  solve 0.0226 (its 6/0)  gauge 0 (0)  curl 0  steady 0.2141  oneshot 0.
N=8 p=2 np=1 B_l2 none r2 rc=0 wall=1s  B_l2 N=8 p=2 np=1 ND=12288  build 0.0503  evsetup 0.005769  plan 0.3535 (collect 0.01093 find 0.3306)  eval 0.09924  dofs 0.06997  solve 0.01864 (its 6/0)  gauge 0 (0)  curl 0  steady 0.1878  oneshot 
N=8 p=2 np=1 B_l2c none r1 rc=0 wall=4s  B_l2c N=8 p=2 np=1 ND=12288  build 0.05902  evsetup 0.006506  plan 0.3617 (collect 0.01178 find 0.333)  eval 0.1093  dofs 0.07534  solve 0.6696 (its 29/180)  gauge 0 (0)  curl 0  steady 0.8543  onesho
N=8 p=2 np=1 B_l2c none r2 rc=0 wall=3s  B_l2c N=8 p=2 np=1 ND=12288  build 0.05702  evsetup 0.005654  plan 0.3457 (collect 0.01046 find 0.3191)  eval 0.1075  dofs 0.07331  solve 0.5585 (its 29/180)  gauge 0 (0)  curl 0  steady 0.7393  onesh
N=8 p=3 np=1 A_pt none r1 rc=0 wall=4s  A_pt N=8 p=3 np=1 ND=41472  build 0.2906  evsetup 0.01219  plan 0.4094 (collect 0.05861 find 0.3508)  eval 0.1469  dofs 0.04063  solve 0 (its 0/0)  gauge 0 (0)  curl 0.0001954  steady 0.1878  oneshot 
N=8 p=3 np=1 A_pt none r2 rc=0 wall=5s  A_pt N=8 p=3 np=1 ND=41472  build 0.2491  evsetup 0.01571  plan 0.4792 (collect 0.07008 find 0.4091)  eval 0.1782  dofs 0.0496  solve 0 (its 0/0)  gauge 0 (0)  curl 0.0002614  steady 0.2281  oneshot 0
N=8 p=3 np=1 A_int none r1 rc=0 wall=8s  A_int N=8 p=3 np=1 ND=41472  build 0.2075  evsetup 0.01189  plan 1.899 (collect 0.2857 find 1.613)  eval 0.6794  dofs 0.1938  solve 0 (its 0/0)  gauge 0 (0)  curl 0.0002467  steady 0.8735  oneshot 2.7
N=8 p=3 np=1 A_int none r2 rc=0 wall=8s  A_int N=8 p=3 np=1 ND=41472  build 0.2054  evsetup 0.01485  plan 2.251 (collect 0.3651 find 1.886)  eval 0.6821  dofs 0.2038  solve 0 (its 0/0)  gauge 0 (0)  curl 0.0001939  steady 0.8861  oneshot 3.1
N=8 p=3 np=1 A_int coulomb r1 rc=0 wall=15s  A_int N=8 p=3 np=1 ND=41472  build 0.2366  evsetup 0.0148  plan 2.386 (collect 0.3551 find 2.031)  eval 0.7344  dofs 0.2019  solve 0 (its 0/0)  gauge 0.1841 (21)  curl 0.0001974  steady 1.121  oneshot
N=8 p=3 np=1 A_int coulomb r2 rc=0 wall=16s  A_int N=8 p=3 np=1 ND=41472  build 0.2427  evsetup 0.01454  plan 2.327 (collect 0.3554 find 1.971)  eval 0.8492  dofs 0.2533  solve 0 (its 0/0)  gauge 0.1936 (21)  curl 0.0001954  steady 1.296  onesho
N=8 p=3 np=1 A_int jacobi:20 r1 rc=0 wall=15s  A_int N=8 p=3 np=1 ND=41472  build 0.2629  evsetup 0.01494  plan 2.349 (collect 0.3557 find 1.993)  eval 0.8573  dofs 0.2452  solve 0 (its 0/0)  gauge 0.03539 (20)  curl 0.0002411  steady 1.138  onesh
N=8 p=3 np=1 A_int jacobi:20 r2 rc=0 wall=13s  A_int N=8 p=3 np=1 ND=41472  build 0.2467  evsetup 0.01171  plan 1.979 (collect 0.2915 find 1.687)  eval 0.6784  dofs 0.2016  solve 0 (its 0/0)  gauge 0.02768 (20)  curl 0.0002117  steady 0.9079  ones
N=8 p=3 np=1 A_l2 coulomb r1 rc=0 wall=14s  A_l2 N=8 p=3 np=1 ND=41472  build 0.2504  evsetup 0.01402  plan 1.455 (collect 0.05854 find 1.363)  eval 0.5391  dofs 0.3705  solve 0.0961 (its 15/0)  gauge 0.1925 (21)  curl 0.0002055  steady 1.198  
N=8 p=3 np=1 A_l2 coulomb r2 rc=0 wall=13s  A_l2 N=8 p=3 np=1 ND=41472  build 0.1964  evsetup 0.01175  plan 1.215 (collect 0.04883 find 1.138)  eval 0.4855  dofs 0.3535  solve 0.0964 (its 15/0)  gauge 0.2072 (21)  curl 0.0002048  steady 1.143  
N=8 p=3 np=1 B_l2 none r1 rc=0 wall=6s  B_l2 N=8 p=3 np=1 ND=41472  build 0.2528  evsetup 0.01195  plan 1.185 (collect 0.04996 find 1.103)  eval 0.4434  dofs 0.3269  solve 0.04137 (its 6/0)  gauge 0 (0)  curl 0  steady 0.8117  oneshot 2.008
N=8 p=3 np=1 B_l2 none r2 rc=0 wall=7s  B_l2 N=8 p=3 np=1 ND=41472  build 0.2581  evsetup 0.01498  plan 1.499 (collect 0.06353 find 1.392)  eval 0.5651  dofs 0.419  solve 0.05111 (its 6/0)  gauge 0 (0)  curl 0  steady 1.035  oneshot 2.549  
N=8 p=3 np=1 B_l2c none r1 rc=0 wall=12s  B_l2c N=8 p=3 np=1 ND=41472  build 0.2518  evsetup 0.0135  plan 1.288 (collect 0.05341 find 1.179)  eval 0.4834  dofs 0.3599  solve 1.899 (its 39/240)  gauge 0 (0)  curl 0  steady 2.742  oneshot 4.044
N=8 p=3 np=1 B_l2c none r2 rc=0 wall=13s  B_l2c N=8 p=3 np=1 ND=41472  build 0.2731  evsetup 0.01491  plan 1.397 (collect 0.07073 find 1.261)  eval 0.4542  dofs 0.324  solve 1.905 (its 39/240)  gauge 0 (0)  curl 0  steady 2.683  oneshot 4.095
N=8 p=4 np=1 A_pt none r1 rc=0 wall=18s  A_pt N=8 p=4 np=1 ND=98304  build 0.9854  evsetup 0.02159  plan 1.298 (collect 0.2061 find 1.092)  eval 0.5204  dofs 0.1448  solve 0 (its 0/0)  gauge 0 (0)  curl 0.0006529  steady 0.666  oneshot 1.986
N=8 p=4 np=1 A_pt none r2 rc=0 wall=18s  A_pt N=8 p=4 np=1 ND=98304  build 1.059  evsetup 0.02155  plan 1.579 (collect 0.2094 find 1.369)  eval 0.5305  dofs 0.1529  solve 0 (its 0/0)  gauge 0 (0)  curl 0.000744  steady 0.6841  oneshot 2.284 
N=8 p=4 np=1 A_int none r1 rc=0 wall=38s  A_int N=8 p=4 np=1 ND=98304  build 1.027  evsetup 0.02277  plan 9.395 (collect 1.49 find 7.905)  eval 3.292  dofs 0.9865  solve 0 (its 0/0)  gauge 0 (0)  curl 0.0006863  steady 4.279  oneshot 13.7  pe
N=8 p=4 np=1 A_int none r2 rc=0 wall=39s  A_int N=8 p=4 np=1 ND=98304  build 0.9942  evsetup 0.02467  plan 8.816 (collect 1.483 find 7.332)  eval 3.746  dofs 0.9493  solve 0 (its 0/0)  gauge 0 (0)  curl 0.0006889  steady 4.696  oneshot 13.54 
N=8 p=4 np=1 A_int coulomb r1 rc=0 wall=87s  A_int N=8 p=4 np=1 ND=98304  build 1.001  evsetup 0.02644  plan 9.349 (collect 1.587 find 7.761)  eval 3.559  dofs 0.9218  solve 0 (its 0/0)  gauge 1.011 (22)  curl 0.0007006  steady 5.493  oneshot 14
N=8 p=4 np=1 A_int coulomb r2 rc=0 wall=86s  A_int N=8 p=4 np=1 ND=98304  build 0.7827  evsetup 0.02719  plan 8.363 (collect 1.481 find 6.882)  eval 3.35  dofs 1.16  solve 0 (its 0/0)  gauge 1.065 (22)  curl 0.0007844  steady 5.575  oneshot 13.9
N=8 p=4 np=1 A_int jacobi:20 r1 rc=0 wall=83s  A_int N=8 p=4 np=1 ND=98304  build 0.8833  evsetup 0.02304  plan 8.138 (collect 1.289 find 6.849)  eval 3.593  dofs 1.063  solve 0 (its 0/0)  gauge 0.1159 (20)  curl 0.000697  steady 4.773  oneshot 12
N=8 p=4 np=1 A_int jacobi:20 r2 rc=0 wall=84s  A_int N=8 p=4 np=1 ND=98304  build 0.8192  evsetup 0.02168  plan 9.016 (collect 1.441 find 7.575)  eval 3.647  dofs 1.026  solve 0 (its 0/0)  gauge 0.1223 (20)  curl 0.000741  steady 4.796  oneshot 13
N=8 p=4 np=1 A_l2 coulomb r1 rc=0 wall=83s  A_l2 N=8 p=4 np=1 ND=98304  build 0.9825  evsetup 0.02816  plan 4.589 (collect 0.2271 find 4.274)  eval 2.156  dofs 1.574  solve 0.2408 (its 13/0)  gauge 1.684 (22)  curl 0.0006844  steady 5.656  ones
N=8 p=4 np=1 A_l2 coulomb r2 rc=0 wall=77s  A_l2 N=8 p=4 np=1 ND=98304  build 0.8233  evsetup 0.02255  plan 4.198 (collect 0.184 find 3.939)  eval 1.926  dofs 1.325  solve 0.2217 (its 13/0)  gauge 1.11 (22)  curl 0.0007693  steady 4.584  onesho
N=8 p=4 np=1 B_l2 none r1 rc=0 wall=25s  B_l2 N=8 p=4 np=1 ND=98304  build 0.967  evsetup 0.02775  plan 4.638 (collect 0.2223 find 4.326)  eval 1.827  dofs 1.347  solve 0.09371 (its 6/0)  gauge 0 (0)  curl 0  steady 3.268  oneshot 7.934  pea
N=8 p=4 np=1 B_l2 none r2 rc=0 wall=26s  B_l2 N=8 p=4 np=1 ND=98304  build 1.013  evsetup 0.02826  plan 4.757 (collect 0.2335 find 4.437)  eval 2.024  dofs 1.454  solve 0.1035 (its 6/0)  gauge 0 (0)  curl 0  steady 3.582  oneshot 8.367  peak
N=8 p=4 np=1 B_l2c none r1 rc=0 wall=42s  B_l2c N=8 p=4 np=1 ND=98304  build 0.8948  evsetup 0.0245  plan 4.217 (collect 0.203 find 3.856)  eval 1.8  dofs 1.183  solve 5.684 (its 53/324)  gauge 0 (0)  curl 0  steady 8.667  oneshot 12.91  peak
N=8 p=4 np=1 B_l2c none r2 rc=0 wall=40s  B_l2c N=8 p=4 np=1 ND=98304  build 1.018  evsetup 0.02218  plan 4.468 (collect 0.1975 find 4.095)  eval 1.959  dofs 1.214  solve 5.154 (its 53/324)  gauge 0 (0)  curl 0  steady 8.326  oneshot 12.82  p
N=16 p=2 np=1 A_pt none r1 rc=0 wall=5s  A_pt N=16 p=2 np=1 ND=98304  build 0.3861  evsetup 0.05427  plan 0.6996 (collect 0.1024 find 0.5972)  eval 0.2174  dofs 0.06082  solve 0 (its 0/0)  gauge 0 (0)  curl 0.0003876  steady 0.2787  oneshot 
N=16 p=2 np=1 A_pt none r2 rc=0 wall=5s  A_pt N=16 p=2 np=1 ND=98304  build 0.3915  evsetup 0.04208  plan 0.6717 (collect 0.08935 find 0.5824)  eval 0.2287  dofs 0.06981  solve 0 (its 0/0)  gauge 0 (0)  curl 0.0003928  steady 0.2992  oneshot
N=16 p=2 np=1 A_int none r1 rc=0 wall=10s  A_int N=16 p=2 np=1 ND=98304  build 0.3485  evsetup 0.05384  plan 2.843 (collect 0.4077 find 2.435)  eval 0.8395  dofs 0.2513  solve 0 (its 0/0)  gauge 0 (0)  curl 0.000381  steady 1.091  oneshot 3.98
N=16 p=2 np=1 A_int none r2 rc=0 wall=9s  A_int N=16 p=2 np=1 ND=98304  build 0.4287  evsetup 0.04151  plan 2.963 (collect 0.3736 find 2.59)  eval 0.8608  dofs 0.2476  solve 0 (its 0/0)  gauge 0 (0)  curl 0.000434  steady 1.109  oneshot 4.114
N=16 p=2 np=1 A_int coulomb r1 rc=0 wall=16s  A_int N=16 p=2 np=1 ND=98304  build 0.3825  evsetup 0.04314  plan 3.159 (collect 0.3927 find 2.766)  eval 0.9287  dofs 0.2906  solve 0 (its 0/0)  gauge 0.2631 (16)  curl 0.0004612  steady 1.483  onesh
N=16 p=2 np=1 A_int coulomb r2 rc=0 wall=15s  A_int N=16 p=2 np=1 ND=98304  build 0.3563  evsetup 0.04127  plan 3.044 (collect 0.3644 find 2.68)  eval 0.9426  dofs 0.2482  solve 0 (its 0/0)  gauge 0.2254 (16)  curl 0.0004228  steady 1.417  onesho
N=16 p=2 np=1 A_int jacobi:20 r1 rc=0 wall=14s  A_int N=16 p=2 np=1 ND=98304  build 0.4276  evsetup 0.04509  plan 3.088 (collect 0.4529 find 2.636)  eval 0.8473  dofs 0.2441  solve 0 (its 0/0)  gauge 0.06404 (20)  curl 0.0004358  steady 1.156  ones
N=16 p=2 np=1 A_int jacobi:20 r2 rc=0 wall=15s  A_int N=16 p=2 np=1 ND=98304  build 0.3451  evsetup 0.05116  plan 2.975 (collect 0.4922 find 2.483)  eval 1.044  dofs 0.3092  solve 0 (its 0/0)  gauge 0.06033 (20)  curl 0.000418  steady 1.414  onesho
N=16 p=2 np=1 A_l2 coulomb r1 rc=0 wall=17s  A_l2 N=16 p=2 np=1 ND=98304  build 0.4175  evsetup 0.0464  plan 3.14 (collect 0.08529 find 2.962)  eval 0.8788  dofs 0.6055  solve 0.4857 (its 19/0)  gauge 0.1972 (15)  curl 0.0003872  steady 2.168  o
N=16 p=2 np=1 A_l2 coulomb r2 rc=0 wall=17s  A_l2 N=16 p=2 np=1 ND=98304  build 0.4071  evsetup 0.05823  plan 2.653 (collect 0.1083 find 2.437)  eval 0.9487  dofs 0.697  solve 0.5129 (its 19/0)  gauge 0.2528 (15)  curl 0.0004766  steady 2.412  o
N=16 p=2 np=1 B_l2 none r1 rc=0 wall=12s  B_l2 N=16 p=2 np=1 ND=98304  build 0.4072  evsetup 0.04933  plan 3.033 (collect 0.09897 find 2.821)  eval 0.9676  dofs 0.7076  solve 0.3047 (its 10/0)  gauge 0 (0)  curl 0  steady 1.98  oneshot 5.063 
N=16 p=2 np=1 B_l2 none r2 rc=0 wall=11s  B_l2 N=16 p=2 np=1 ND=98304  build 0.3929  evsetup 0.04213  plan 2.425 (collect 0.08514 find 2.244)  eval 0.9429  dofs 0.6985  solve 0.3107 (its 10/0)  gauge 0 (0)  curl 0  steady 1.952  oneshot 4.419
N=16 p=2 np=1 B_l2c none r1 rc=0 wall=39s  B_l2c N=16 p=2 np=1 ND=98304  build 0.4173  evsetup 0.05344  plan 3.044 (collect 0.1053 find 2.781)  eval 0.7725  dofs 0.5516  solve 8.814 (its 32/330)  gauge 0 (0)  curl 0  steady 10.14  oneshot 13.2
N=16 p=2 np=1 B_l2c none r2 rc=0 wall=37s  B_l2c N=16 p=2 np=1 ND=98304  build 0.414  evsetup 0.0528  plan 2.521 (collect 0.1049 find 2.266)  eval 0.8182  dofs 0.5312  solve 8.915 (its 32/330)  gauge 0 (0)  curl 0  steady 10.26  oneshot 12.84 
N=16 p=2 np=2 A_pt none r1 rc=0 wall=3s  A_pt N=16 p=2 np=2 ND=98304  build 0.2087  evsetup 0.02883  plan 0.4159 (collect 0.05681 find 0.3591)  eval 0.1406  dofs 0.0384  solve 0 (its 0/0)  gauge 0 (0)  curl 0.0002792  steady 0.1793  oneshot 
N=16 p=2 np=2 A_pt none r2 rc=0 wall=3s  A_pt N=16 p=2 np=2 ND=98304  build 0.2795  evsetup 0.02761  plan 0.4251 (collect 0.05683 find 0.3686)  eval 0.1602  dofs 0.0401  solve 0 (its 0/0)  gauge 0 (0)  curl 0.000276  steady 0.2006  oneshot 0
N=16 p=2 np=2 A_int none r1 rc=0 wall=6s  A_int N=16 p=2 np=2 ND=98304  build 0.2592  evsetup 0.02763  plan 1.522 (collect 0.2219 find 1.301)  eval 0.5676  dofs 0.1397  solve 0 (its 0/0)  gauge 0 (0)  curl 0.0003036  steady 0.7076  oneshot 2.
N=16 p=2 np=2 A_int none r2 rc=0 wall=6s  A_int N=16 p=2 np=2 ND=98304  build 0.2496  evsetup 0.02868  plan 1.703 (collect 0.2259 find 1.477)  eval 0.5775  dofs 0.1532  solve 0 (its 0/0)  gauge 0 (0)  curl 0.0002578  steady 0.731  oneshot 2.4
N=16 p=2 np=2 A_int coulomb r1 rc=0 wall=8s  A_int N=16 p=2 np=2 ND=98304  build 0.2051  evsetup 0.03138  plan 1.572 (collect 0.2341 find 1.339)  eval 0.4998  dofs 0.1525  solve 0 (its 0/0)  gauge 0.1095 (16)  curl 0.0002175  steady 0.762  onesh
N=16 p=2 np=2 A_int coulomb r2 rc=0 wall=9s  A_int N=16 p=2 np=2 ND=98304  build 0.2712  evsetup 0.02643  plan 1.434 (collect 0.2062 find 1.228)  eval 0.4876  dofs 0.154  solve 0 (its 0/0)  gauge 0.1382 (16)  curl 0.0002757  steady 0.7801  onesh
N=16 p=2 np=2 A_int jacobi:20 r1 rc=0 wall=9s  A_int N=16 p=2 np=2 ND=98304  build 0.2565  evsetup 0.03182  plan 1.72 (collect 0.2519 find 1.468)  eval 0.5294  dofs 0.1375  solve 0 (its 0/0)  gauge 0.03579 (20)  curl 0.0002655  steady 0.703  onesh
N=16 p=2 np=2 A_int jacobi:20 r2 rc=0 wall=8s  A_int N=16 p=2 np=2 ND=98304  build 0.2666  evsetup 0.02793  plan 1.743 (collect 0.2204 find 1.523)  eval 0.58  dofs 0.1355  solve 0 (its 0/0)  gauge 0.03327 (20)  curl 0.0002717  steady 0.7491  onesh
N=16 p=2 np=2 A_l2 coulomb r1 rc=0 wall=10s  A_l2 N=16 p=2 np=2 ND=98304  build 0.2393  evsetup 0.02811  plan 1.524 (collect 0.05161 find 1.421)  eval 0.5548  dofs 0.351  solve 0.2283 (its 19/0)  gauge 0.1183 (16)  curl 0.0002682  steady 1.253  
N=16 p=2 np=2 A_l2 coulomb r2 rc=0 wall=10s  A_l2 N=16 p=2 np=2 ND=98304  build 0.2934  evsetup 0.02865  plan 1.516 (collect 0.05293 find 1.409)  eval 0.5295  dofs 0.3876  solve 0.2794 (its 19/0)  gauge 0.1373 (16)  curl 0.000264  steady 1.334  
N=16 p=2 np=2 B_l2 none r1 rc=0 wall=7s  B_l2 N=16 p=2 np=2 ND=98304  build 0.2597  evsetup 0.02243  plan 1.289 (collect 0.04841 find 1.186)  eval 0.5292  dofs 0.3688  solve 0.1584 (its 10/0)  gauge 0 (0)  curl 0  steady 1.056  oneshot 2.367
N=16 p=2 np=2 B_l2 none r2 rc=0 wall=6s  B_l2 N=16 p=2 np=2 ND=98304  build 0.2737  evsetup 0.02818  plan 1.62 (collect 0.05652 find 1.508)  eval 0.5121  dofs 0.3257  solve 0.1461 (its 10/0)  gauge 0 (0)  curl 0  steady 0.9839  oneshot 2.633
N=16 p=2 np=2 B_l2c none r1 rc=0 wall=20s  B_l2c N=16 p=2 np=2 ND=98304  build 0.2419  evsetup 0.02215  plan 1.389 (collect 0.04218 find 1.28)  eval 0.4573  dofs 0.2976  solve 4.948 (its 35/360)  gauge 0 (0)  curl 0  steady 5.702  oneshot 7.11
N=16 p=2 np=2 B_l2c none r2 rc=0 wall=21s  B_l2c N=16 p=2 np=2 ND=98304  build 0.2489  evsetup 0.02812  plan 1.359 (collect 0.05283 find 1.228)  eval 0.5135  dofs 0.338  solve 5.174 (its 35/360)  gauge 0 (0)  curl 0  steady 6.025  oneshot 7.41
N=16 p=2 np=4 A_pt none r1 rc=0 wall=2s  A_pt N=16 p=2 np=4 ND=98304  build 0.1648  evsetup 0.01505  plan 0.2263 (collect 0.02951 find 0.1968)  eval 0.07989  dofs 0.02068  solve 0 (its 0/0)  gauge 0 (0)  curl 0.000155  steady 0.1007  oneshot
N=16 p=2 np=4 A_pt none r2 rc=0 wall=2s  A_pt N=16 p=2 np=4 ND=98304  build 0.2341  evsetup 0.0188  plan 0.2395 (collect 0.03182 find 0.2077)  eval 0.07257  dofs 0.01945  solve 0 (its 0/0)  gauge 0 (0)  curl 0.000145  steady 0.09222  oneshot
N=16 p=2 np=4 A_int none r1 rc=0 wall=3s  A_int N=16 p=2 np=4 ND=98304  build 0.2035  evsetup 0.01659  plan 0.9038 (collect 0.1305 find 0.7735)  eval 0.2946  dofs 0.07723  solve 0 (its 0/0)  gauge 0 (0)  curl 0.0001545  steady 0.372  oneshot 
N=16 p=2 np=4 A_int none r2 rc=0 wall=4s  A_int N=16 p=2 np=4 ND=98304  build 0.1707  evsetup 0.01728  plan 0.9838 (collect 0.1166 find 0.8672)  eval 0.2913  dofs 0.07816  solve 0 (its 0/0)  gauge 0 (0)  curl 0.0001533  steady 0.3696  oneshot
N=16 p=2 np=4 A_int coulomb r1 rc=0 wall=5s  A_int N=16 p=2 np=4 ND=98304  build 0.1877  evsetup 0.01516  plan 0.8354 (collect 0.1141 find 0.7216)  eval 0.2891  dofs 0.07552  solve 0 (its 0/0)  gauge 0.1003 (20)  curl 0.0001622  steady 0.4651  o
N=16 p=2 np=4 A_int coulomb r2 rc=0 wall=5s  A_int N=16 p=2 np=4 ND=98304  build 0.1556  evsetup 0.01411  plan 0.9166 (collect 0.1118 find 0.8049)  eval 0.2554  dofs 0.07649  solve 0 (its 0/0)  gauge 0.07976 (20)  curl 0.0001634  steady 0.4118  
N=16 p=2 np=4 A_int jacobi:20 r1 rc=0 wall=5s  A_int N=16 p=2 np=4 ND=98304  build 0.1986  evsetup 0.02006  plan 0.9382 (collect 0.1366 find 0.8016)  eval 0.2704  dofs 0.08236  solve 0 (its 0/0)  gauge 0.02063 (20)  curl 0.0001536  steady 0.3736  
N=16 p=2 np=4 A_int jacobi:20 r2 rc=0 wall=5s  A_int N=16 p=2 np=4 ND=98304  build 0.1836  evsetup 0.02009  plan 0.9702 (collect 0.1276 find 0.8426)  eval 0.2943  dofs 0.07597  solve 0 (its 0/0)  gauge 0.0226 (20)  curl 0.0002631  steady 0.3931  o
N=16 p=2 np=4 A_l2 coulomb r1 rc=0 wall=6s  A_l2 N=16 p=2 np=4 ND=98304  build 0.2188  evsetup 0.0151  plan 0.814 (collect 0.02636 find 0.7618)  eval 0.2978  dofs 0.1981  solve 0.1493 (its 19/0)  gauge 0.08498 (20)  curl 0.0001562  steady 0.730
N=16 p=2 np=4 A_l2 coulomb r2 rc=0 wall=6s  A_l2 N=16 p=2 np=4 ND=98304  build 0.1565  evsetup 0.01454  plan 0.805 (collect 0.02604 find 0.754)  eval 0.2976  dofs 0.2022  solve 0.143 (its 19/0)  gauge 0.0966 (20)  curl 0.000156  steady 0.7396  
N=16 p=2 np=4 B_l2 none r1 rc=0 wall=3s  B_l2 N=16 p=2 np=4 ND=98304  build 0.1609  evsetup 0.01224  plan 0.6938 (collect 0.02167 find 0.6487)  eval 0.2526  dofs 0.1715  solve 0.07084 (its 10/0)  gauge 0 (0)  curl 0  steady 0.4949  oneshot 1
N=16 p=2 np=4 B_l2 none r2 rc=0 wall=4s  B_l2 N=16 p=2 np=4 ND=98304  build 0.1822  evsetup 0.01593  plan 0.7951 (collect 0.0272 find 0.739)  eval 0.2688  dofs 0.1765  solve 0.07372 (its 10/0)  gauge 0 (0)  curl 0  steady 0.519  oneshot 1.33
N=16 p=2 np=4 B_l2c none r1 rc=0 wall=11s  B_l2c N=16 p=2 np=4 ND=98304  build 0.1829  evsetup 0.01489  plan 0.751 (collect 0.02668 find 0.685)  eval 0.2566  dofs 0.1529  solve 2.732 (its 36/370)  gauge 0 (0)  curl 0  steady 3.141  oneshot 3.9
N=16 p=2 np=4 B_l2c none r2 rc=0 wall=12s  B_l2c N=16 p=2 np=4 ND=98304  build 0.1738  evsetup 0.01681  plan 0.8178 (collect 0.02974 find 0.7441)  eval 0.2622  dofs 0.1809  solve 2.811 (its 36/370)  gauge 0 (0)  curl 0  steady 3.254  oneshot 4
N=16 p=3 np=1 A_pt none r1 rc=0 wall=27s  A_pt N=16 p=3 np=1 ND=331776  build 1.87  evsetup 0.09082  plan 2.863 (collect 0.4368 find 2.426)  eval 1.131  dofs 0.3104  solve 0 (its 0/0)  gauge 0 (0)  curl 0.001979  steady 1.444  oneshot 4.397  
N=16 p=3 np=1 A_pt none r2 rc=0 wall=32s  A_pt N=16 p=3 np=1 ND=331776  build 2.089  evsetup 0.1134  plan 3.295 (collect 0.5635 find 2.732)  eval 1.236  dofs 0.4441  solve 0 (its 0/0)  gauge 0 (0)  curl 0.004666  steady 1.683  oneshot 5.091  
N=16 p=3 np=1 A_int none r1 rc=0 wall=62s  A_int N=16 p=3 np=1 ND=331776  build 2.181  evsetup 0.09346  plan 16.03 (collect 3.037 find 12.99)  eval 6.423  dofs 1.974  solve 0 (its 0/0)  gauge 0 (0)  curl 0.001763  steady 8.399  oneshot 24.52  
N=16 p=3 np=1 A_int none r2 rc=0 wall=63s  A_int N=16 p=3 np=1 ND=331776  build 1.713  evsetup 0.0993  plan 16.41 (collect 2.834 find 13.58)  eval 6.582  dofs 1.562  solve 0 (its 0/0)  gauge 0 (0)  curl 0.002336  steady 8.147  oneshot 24.66  p
N=16 p=3 np=1 A_int coulomb r1 rc=0 wall=127s  A_int N=16 p=3 np=1 ND=331776  build 1.843  evsetup 0.09174  plan 15.34 (collect 2.404 find 12.93)  eval 6.433  dofs 2.007  solve 0 (its 0/0)  gauge 3.131 (22)  curl 0.001782  steady 11.57  oneshot 27
N=16 p=3 np=1 A_int coulomb r2 rc=0 wall=126s  A_int N=16 p=3 np=1 ND=331776  build 1.929  evsetup 0.09195  plan 15.36 (collect 2.332 find 13.03)  eval 6.238  dofs 2.009  solve 0 (its 0/0)  gauge 3.04 (22)  curl 0.002451  steady 11.29  oneshot 26.
N=16 p=3 np=1 A_int jacobi:20 r1 rc=0 wall=120s  A_int N=16 p=3 np=1 ND=331776  build 2.153  evsetup 0.1117  plan 16.64 (collect 2.868 find 13.77)  eval 6.052  dofs 1.929  solve 0 (its 0/0)  gauge 0.5121 (20)  curl 0.002424  steady 8.496  oneshot 25
N=16 p=3 np=1 A_int jacobi:20 r2 rc=0 wall=118s  A_int N=16 p=3 np=1 ND=331776  build 2.004  evsetup 0.1122  plan 16.21 (collect 2.823 find 13.39)  eval 6.732  dofs 1.748  solve 0 (its 0/0)  gauge 0.4859 (20)  curl 0.002023  steady 8.968  oneshot 25
N=16 p=3 np=1 A_l2 coulomb r1 rc=0 wall=122s  A_l2 N=16 p=3 np=1 ND=331776  build 1.942  evsetup 0.09204  plan 10.35 (collect 0.4007 find 9.706)  eval 3.911  dofs 2.865  solve 0.9383 (its 15/0)  gauge 3.365 (22)  curl 0.001943  steady 11.08  ones
N=16 p=3 np=1 A_l2 coulomb r2 rc=0 wall=121s  A_l2 N=16 p=3 np=1 ND=331776  build 2.175  evsetup 0.1119  plan 9.655 (collect 0.5099 find 8.852)  eval 4.461  dofs 3.047  solve 1.025 (its 15/0)  gauge 3.267 (22)  curl 0.001806  steady 11.8  oneshot
N=16 p=3 np=1 B_l2 none r1 rc=0 wall=47s  B_l2 N=16 p=3 np=1 ND=331776  build 2.084  evsetup 0.09099  plan 9.139 (collect 0.4324 find 8.432)  eval 3.917  dofs 2.635  solve 0.5735 (its 10/0)  gauge 0 (0)  curl 0  steady 7.125  oneshot 16.36  p
N=16 p=3 np=1 B_l2 none r2 rc=0 wall=48s  B_l2 N=16 p=3 np=1 ND=331776  build 2.063  evsetup 0.1131  plan 9.768 (collect 0.4958 find 8.984)  eval 4.205  dofs 2.997  solve 0.7148 (its 10/0)  gauge 0 (0)  curl 0  steady 7.917  oneshot 17.8  pea
N=16 p=3 np=1 B_l2c none r1 rc=0 wall=173s  B_l2c N=16 p=3 np=1 ND=331776  build 1.719  evsetup 0.09112  plan 10.97 (collect 0.4633 find 10.05)  eval 3.77  dofs 2.843  solve 41.43 (its 58/590)  gauge 0 (0)  curl 0  steady 48.05  oneshot 59.11  
N=16 p=3 np=1 B_l2c none r2 rc=0 wall=169s  B_l2c N=16 p=3 np=1 ND=331776  build 1.847  evsetup 0.1108  plan 11.12 (collect 0.4353 find 10.25)  eval 3.563  dofs 2.601  solve 40.76 (its 58/590)  gauge 0 (0)  curl 0  steady 46.92  oneshot 58.15  
N=16 p=3 np=2 A_pt none r1 rc=0 wall=16s  A_pt N=16 p=3 np=2 ND=331776  build 1.103  evsetup 0.06025  plan 1.774 (collect 0.2816 find 1.496)  eval 0.7131  dofs 0.1922  solve 0 (its 0/0)  gauge 0 (0)  curl 0.001143  steady 0.9065  oneshot 2.74
N=16 p=3 np=2 A_pt none r2 rc=0 wall=17s  A_pt N=16 p=3 np=2 ND=331776  build 1.156  evsetup 0.05998  plan 1.825 (collect 0.2858 find 1.542)  eval 0.6031  dofs 0.159  solve 0 (its 0/0)  gauge 0 (0)  curl 0.001069  steady 0.7634  oneshot 2.648
N=16 p=3 np=2 A_int none r1 rc=0 wall=35s  A_int N=16 p=3 np=2 ND=331776  build 1.141  evsetup 0.05983  plan 8.932 (collect 1.43 find 7.502)  eval 3.701  dofs 0.8564  solve 0 (its 0/0)  gauge 0 (0)  curl 0.00111  steady 4.559  oneshot 13.55  p
N=16 p=3 np=2 A_int none r2 rc=0 wall=35s  A_int N=16 p=3 np=2 ND=331776  build 1.113  evsetup 0.05827  plan 9.16 (collect 1.466 find 7.695)  eval 3.454  dofs 0.9029  solve 0 (its 0/0)  gauge 0 (0)  curl 0.001093  steady 4.358  oneshot 13.58  
N=16 p=3 np=2 A_int coulomb r1 rc=0 wall=68s  A_int N=16 p=3 np=2 ND=331776  build 1.124  evsetup 0.05011  plan 8.244 (collect 1.398 find 6.846)  eval 3.665  dofs 0.9946  solve 0 (its 0/0)  gauge 1.615 (25)  curl 0.001093  steady 6.276  oneshot 1
N=16 p=3 np=2 A_int coulomb r2 rc=0 wall=68s  A_int N=16 p=3 np=2 ND=331776  build 1.157  evsetup 0.05682  plan 8.389 (collect 1.473 find 6.916)  eval 3.304  dofs 0.857  solve 0 (its 0/0)  gauge 1.572 (25)  curl 0.001169  steady 5.734  oneshot 14
N=16 p=3 np=2 A_int jacobi:20 r1 rc=0 wall=64s  A_int N=16 p=3 np=2 ND=331776  build 1.113  evsetup 0.06346  plan 8.783 (collect 1.458 find 7.325)  eval 3.079  dofs 0.9308  solve 0 (its 0/0)  gauge 0.1909 (20)  curl 0.001207  steady 4.202  oneshot 
N=16 p=3 np=2 A_int jacobi:20 r2 rc=0 wall=63s  A_int N=16 p=3 np=2 ND=331776  build 1.051  evsetup 0.0603  plan 8.485 (collect 1.431 find 7.055)  eval 3.588  dofs 0.988  solve 0 (its 0/0)  gauge 0.1935 (20)  curl 0.001255  steady 4.771  oneshot 13
N=16 p=3 np=2 A_l2 coulomb r1 rc=0 wall=65s  A_l2 N=16 p=3 np=2 ND=331776  build 1.109  evsetup 0.0601  plan 5.537 (collect 0.2537 find 5.137)  eval 2.4  dofs 1.464  solve 0.4903 (its 15/0)  gauge 1.647 (25)  curl 0.001119  steady 6.003  oneshot
N=16 p=3 np=2 A_l2 coulomb r2 rc=0 wall=65s  A_l2 N=16 p=3 np=2 ND=331776  build 1.159  evsetup 0.06439  plan 5.339 (collect 0.2639 find 4.925)  eval 2.503  dofs 1.948  solve 0.6058 (its 15/0)  gauge 1.373 (25)  curl 0.001211  steady 6.43  onesh
N=16 p=3 np=2 B_l2 none r1 rc=0 wall=27s  B_l2 N=16 p=3 np=2 ND=331776  build 1.036  evsetup 0.0639  plan 5.664 (collect 0.26 find 5.252)  eval 2.33  dofs 1.635  solve 0.3893 (its 10/0)  gauge 0 (0)  curl 0  steady 4.355  oneshot 10.08  peak 
N=16 p=3 np=2 B_l2 none r2 rc=0 wall=26s  B_l2 N=16 p=3 np=2 ND=331776  build 1.18  evsetup 0.06326  plan 5.555 (collect 0.257 find 5.148)  eval 2.017  dofs 1.436  solve 0.3066 (its 10/0)  gauge 0 (0)  curl 0  steady 3.759  oneshot 9.377  pea
N=16 p=3 np=2 B_l2c none r1 rc=0 wall=94s  B_l2c N=16 p=3 np=2 ND=331776  build 1.077  evsetup 0.04978  plan 4.928 (collect 0.2039 find 4.508)  eval 2.42  dofs 1.632  solve 22.96 (its 61/620)  gauge 0 (0)  curl 0  steady 27.01  oneshot 31.99  
N=16 p=3 np=2 B_l2c none r2 rc=0 wall=92s  B_l2c N=16 p=3 np=2 ND=331776  build 1.058  evsetup 0.06095  plan 5.875 (collect 0.2645 find 5.341)  eval 2.332  dofs 1.55  solve 22.32 (its 61/620)  gauge 0 (0)  curl 0  steady 26.2  oneshot 32.14  p
N=16 p=3 np=4 A_pt none r1 rc=0 wall=9s  A_pt N=16 p=3 np=4 ND=331776  build 0.6488  evsetup 0.03247  plan 0.9273 (collect 0.1449 find 0.7831)  eval 0.3679  dofs 0.09757  solve 0 (its 0/0)  gauge 0 (0)  curl 0.0006864  steady 0.4661  oneshot
N=16 p=3 np=4 A_pt none r2 rc=0 wall=8s  A_pt N=16 p=3 np=4 ND=331776  build 0.5967  evsetup 0.03196  plan 0.9896 (collect 0.149 find 0.8408)  eval 0.374  dofs 0.1096  solve 0 (its 0/0)  gauge 0 (0)  curl 0.0008961  steady 0.4844  oneshot 1.
N=16 p=3 np=4 A_int none r1 rc=0 wall=18s  A_int N=16 p=3 np=4 ND=331776  build 0.5468  evsetup 0.03055  plan 4.681 (collect 0.7686 find 3.913)  eval 1.542  dofs 0.5174  solve 0 (its 0/0)  gauge 0 (0)  curl 0.0006165  steady 2.06  oneshot 6.77
N=16 p=3 np=4 A_int none r2 rc=0 wall=18s  A_int N=16 p=3 np=4 ND=331776  build 0.622  evsetup 0.03185  plan 4.46 (collect 0.7179 find 3.742)  eval 1.867  dofs 0.4934  solve 0 (its 0/0)  gauge 0 (0)  curl 0.000606  steady 2.361  oneshot 6.852 
N=16 p=3 np=4 A_int coulomb r1 rc=0 wall=37s  A_int N=16 p=3 np=4 ND=331776  build 0.6313  evsetup 0.03161  plan 4.65 (collect 0.774 find 3.876)  eval 1.716  dofs 0.5035  solve 0 (its 0/0)  gauge 0.7344 (26)  curl 0.0006119  steady 2.955  oneshot
N=16 p=3 np=4 A_int coulomb r2 rc=0 wall=36s  A_int N=16 p=3 np=4 ND=331776  build 0.5975  evsetup 0.0303  plan 4.663 (collect 0.7475 find 3.916)  eval 1.919  dofs 0.5152  solve 0 (its 0/0)  gauge 0.6369 (26)  curl 0.0006457  steady 3.072  onesho
N=16 p=3 np=4 A_int jacobi:20 r1 rc=0 wall=33s  A_int N=16 p=3 np=4 ND=331776  build 0.6015  evsetup 0.0295  plan 4.684 (collect 0.7473 find 3.937)  eval 1.911  dofs 0.5334  solve 0 (its 0/0)  gauge 0.09266 (20)  curl 0.0006875  steady 2.538  onesh
N=16 p=3 np=4 A_int jacobi:20 r2 rc=0 wall=34s  A_int N=16 p=3 np=4 ND=331776  build 0.6098  evsetup 0.03027  plan 4.617 (collect 0.7253 find 3.892)  eval 1.859  dofs 0.5146  solve 0 (its 0/0)  gauge 0.07788 (20)  curl 0.0006068  steady 2.452  ones
N=16 p=3 np=4 A_l2 coulomb r1 rc=0 wall=34s  A_l2 N=16 p=3 np=4 ND=331776  build 0.6048  evsetup 0.03127  plan 3.027 (collect 0.127 find 2.828)  eval 1.336  dofs 0.8871  solve 0.2863 (its 15/0)  gauge 0.7304 (26)  curl 0.0006026  steady 3.24  on
N=16 p=3 np=4 A_l2 coulomb r2 rc=0 wall=34s  A_l2 N=16 p=3 np=4 ND=331776  build 0.5846  evsetup 0.03406  plan 2.898 (collect 0.131 find 2.665)  eval 1.303  dofs 0.9599  solve 0.2898 (its 15/0)  gauge 0.6792 (26)  curl 0.0006808  steady 3.232  o
N=16 p=3 np=4 B_l2 none r1 rc=0 wall=14s  B_l2 N=16 p=3 np=4 ND=331776  build 0.652  evsetup 0.03144  plan 2.74 (collect 0.1219 find 2.515)  eval 1.187  dofs 0.8223  solve 0.2152 (its 10/0)  gauge 0 (0)  curl 0  steady 2.225  oneshot 4.996  p
N=16 p=3 np=4 B_l2 none r2 rc=0 wall=15s  B_l2 N=16 p=3 np=4 ND=331776  build 0.6042  evsetup 0.03113  plan 2.843 (collect 0.1298 find 2.629)  eval 1.192  dofs 0.8135  solve 0.1708 (its 10/0)  gauge 0 (0)  curl 0  steady 2.176  oneshot 5.05  
N=16 p=3 np=4 B_l2c none r1 rc=0 wall=48s  B_l2c N=16 p=3 np=4 ND=331776  build 0.5929  evsetup 0.03076  plan 2.755 (collect 0.1072 find 2.531)  eval 1.181  dofs 0.7795  solve 11.6 (its 61/620)  gauge 0 (0)  curl 0  steady 13.56  oneshot 16.34
N=16 p=3 np=4 B_l2c none r2 rc=0 wall=50s  B_l2c N=16 p=3 np=4 ND=331776  build 0.6754  evsetup 0.03274  plan 2.992 (collect 0.1389 find 2.718)  eval 1.189  dofs 0.8771  solve 11.86 (its 61/620)  gauge 0 (0)  curl 0  steady 13.93  oneshot 16.9
stage 1 done
N=24 p=2 np=1 A_pt none r1 rc=0 wall=17s  A_pt N=24 p=2 np=1 ND=331776  build 1.501  evsetup 0.1421  plan 2.878 (collect 0.3081 find 2.57)  eval 0.7346  dofs 0.2582  solve 0 (its 0/0)  gauge 0 (0)  curl 0.0016  steady 0.9946  oneshot 4.014  p
N=24 p=2 np=1 A_pt none r2 rc=0 wall=16s  A_pt N=24 p=2 np=1 ND=331776  build 1.344  evsetup 0.1707  plan 2.529 (collect 0.3518 find 2.178)  eval 0.8276  dofs 0.2289  solve 0 (its 0/0)  gauge 0 (0)  curl 0.001381  steady 1.058  oneshot 3.758 
N=24 p=2 np=1 A_int none r1 rc=0 wall=36s  A_int N=24 p=2 np=1 ND=331776  build 1.393  evsetup 0.184  plan 11.68 (collect 1.508 find 10.18)  eval 2.885  dofs 0.8281  solve 0 (its 0/0)  gauge 0 (0)  curl 0.001308  steady 3.715  oneshot 15.58  p
N=24 p=2 np=1 A_int none r2 rc=0 wall=35s  A_int N=24 p=2 np=1 ND=331776  build 1.317  evsetup 0.1501  plan 10.81 (collect 1.482 find 9.333)  eval 2.989  dofs 1.008  solve 0 (its 0/0)  gauge 0 (0)  curl 0.001641  steady 3.999  oneshot 14.96  p
N=24 p=2 np=1 A_int coulomb r1 rc=0 wall=51s  A_int N=24 p=2 np=1 ND=331776  build 1.304  evsetup 0.147  plan 9.989 (collect 1.316 find 8.673)  eval 3.042  dofs 0.8261  solve 0 (its 0/0)  gauge 0.9668 (16)  curl 0.001615  steady 4.836  oneshot 14
N=24 p=2 np=1 A_int coulomb r2 rc=0 wall=50s  A_int N=24 p=2 np=1 ND=331776  build 1.475  evsetup 0.1772  plan 10.48 (collect 1.549 find 8.931)  eval 2.99  dofs 0.8884  solve 0 (its 0/0)  gauge 0.8853 (16)  curl 0.001362  steady 4.765  oneshot 15
N=24 p=2 np=1 A_int jacobi:20 r1 rc=0 wall=51s  A_int N=24 p=2 np=1 ND=331776  build 1.342  evsetup 0.1587  plan 10.59 (collect 1.251 find 9.341)  eval 3.172  dofs 0.8368  solve 0 (its 0/0)  gauge 0.2551 (20)  curl 0.001667  steady 4.266  oneshot 1
N=24 p=2 np=1 A_int jacobi:20 r2 rc=0 wall=48s  A_int N=24 p=2 np=1 ND=331776  build 1.522  evsetup 0.1762  plan 10.66 (collect 1.556 find 9.099)  eval 2.884  dofs 0.8063  solve 0 (its 0/0)  gauge 0.2248 (20)  curl 0.00168  steady 3.917  oneshot 14
N=24 p=2 np=1 A_l2 coulomb r1 rc=0 wall=59s  A_l2 N=24 p=2 np=1 ND=331776  build 1.231  evsetup 0.175  plan 9.617 (collect 0.3494 find 8.912)  eval 2.915  dofs 2.071  solve 1.887 (its 19/0)  gauge 0.813 (16)  curl 0.001415  steady 7.688  oneshot
N=24 p=2 np=1 A_l2 coulomb r2 rc=0 wall=61s  A_l2 N=24 p=2 np=1 ND=331776  build 1.457  evsetup 0.1795  plan 8.949 (collect 0.365 find 8.24)  eval 3.065  dofs 2.23  solve 1.962 (its 19/0)  gauge 0.7818 (16)  curl 0.001344  steady 8.039  oneshot 
N=24 p=2 np=1 B_l2 none r1 rc=0 wall=38s  B_l2 N=24 p=2 np=1 ND=331776  build 1.465  evsetup 0.1807  plan 10.33 (collect 0.3739 find 9.559)  eval 3.008  dofs 2.27  solve 1.305 (its 12/0)  gauge 0 (0)  curl 0  steady 6.582  oneshot 17.09  peak
N=24 p=2 np=1 B_l2 none r2 rc=0 wall=37s  B_l2 N=24 p=2 np=1 ND=331776  build 1.563  evsetup 0.1424  plan 9.399 (collect 0.2813 find 8.804)  eval 2.936  dofs 2.342  solve 1.211 (its 12/0)  gauge 0 (0)  curl 0  steady 6.49  oneshot 16.03  peak
N=24 p=2 np=1 B_l2c none r1 rc=0 wall=179s  B_l2c N=24 p=2 np=1 ND=331776  build 1.36  evsetup 0.1769  plan 9.327 (collect 0.3577 find 8.458)  eval 2.976  dofs 1.874  solve 48.68 (its 32/462)  gauge 0 (0)  curl 0  steady 53.53  oneshot 63.03  p
N=24 p=2 np=1 B_l2c none r2 rc=0 wall=178s  B_l2c N=24 p=2 np=1 ND=331776  build 1.507  evsetup 0.1837  plan 9.981 (collect 0.3779 find 9.141)  eval 2.817  dofs 2.047  solve 48.68 (its 32/462)  gauge 0 (0)  curl 0  steady 53.55  oneshot 63.71  
N=24 p=2 np=2 A_pt none r1 rc=0 wall=9s  A_pt N=24 p=2 np=2 ND=331776  build 0.8426  evsetup 0.09309  plan 1.438 (collect 0.1897 find 1.248)  eval 0.494  dofs 0.1299  solve 0 (its 0/0)  gauge 0 (0)  curl 0.0008627  steady 0.6249  oneshot 2.1
N=24 p=2 np=2 A_pt none r2 rc=0 wall=10s  A_pt N=24 p=2 np=2 ND=331776  build 0.8652  evsetup 0.09499  plan 1.547 (collect 0.1968 find 1.35)  eval 0.4937  dofs 0.1268  solve 0 (its 0/0)  gauge 0 (0)  curl 0.001335  steady 0.6215  oneshot 2.26
N=24 p=2 np=2 A_int none r1 rc=0 wall=19s  A_int N=24 p=2 np=2 ND=331776  build 0.9218  evsetup 0.1011  plan 5.747 (collect 0.7336 find 5.014)  eval 1.647  dofs 0.4365  solve 0 (its 0/0)  gauge 0 (0)  curl 0.0008472  steady 2.084  oneshot 7.93
N=24 p=2 np=2 A_int none r2 rc=0 wall=19s  A_int N=24 p=2 np=2 ND=331776  build 0.8713  evsetup 0.09931  plan 5.589 (collect 0.7894 find 4.8)  eval 1.917  dofs 0.5304  solve 0 (its 0/0)  gauge 0 (0)  curl 0.0009611  steady 2.448  oneshot 8.137
N=24 p=2 np=2 A_int coulomb r1 rc=0 wall=28s  A_int N=24 p=2 np=2 ND=331776  build 0.8616  evsetup 0.09464  plan 5.83 (collect 0.8278 find 5.003)  eval 1.687  dofs 0.4234  solve 0 (its 0/0)  gauge 0.4451 (19)  curl 0.0008191  steady 2.556  onesho
N=24 p=2 np=2 A_int coulomb r2 rc=0 wall=30s  A_int N=24 p=2 np=2 ND=331776  build 0.8789  evsetup 0.09247  plan 5.701 (collect 0.7664 find 4.935)  eval 1.564  dofs 0.451  solve 0 (its 0/0)  gauge 0.5711 (19)  curl 0.001008  steady 2.587  oneshot
N=24 p=2 np=2 A_int jacobi:20 r1 rc=0 wall=28s  A_int N=24 p=2 np=2 ND=331776  build 0.8933  evsetup 0.07747  plan 5.401 (collect 0.6829 find 4.718)  eval 1.857  dofs 0.447  solve 0 (its 0/0)  gauge 0.1345 (20)  curl 0.0008555  steady 2.439  onesho
N=24 p=2 np=2 A_int jacobi:20 r2 rc=0 wall=29s  A_int N=24 p=2 np=2 ND=331776  build 0.8427  evsetup 0.09525  plan 5.677 (collect 0.9276 find 4.75)  eval 2.019  dofs 0.4579  solve 0 (its 0/0)  gauge 0.118 (20)  curl 0.0009235  steady 2.596  oneshot
N=24 p=2 np=2 A_l2 coulomb r1 rc=0 wall=35s  A_l2 N=24 p=2 np=2 ND=331776  build 0.803  evsetup 0.094  plan 5.37 (collect 0.2032 find 4.986)  eval 1.741  dofs 1.329  solve 1.088 (its 19/0)  gauge 0.4254 (18)  curl 0.0007865  steady 4.584  onesho
N=24 p=2 np=2 A_l2 coulomb r2 rc=0 wall=33s  A_l2 N=24 p=2 np=2 ND=331776  build 0.9023  evsetup 0.09027  plan 5.024 (collect 0.1701 find 4.678)  eval 1.805  dofs 1.24  solve 0.8847 (its 19/0)  gauge 0.4854 (18)  curl 0.0009981  steady 4.416  on
N=24 p=2 np=2 B_l2 none r1 rc=0 wall=20s  B_l2 N=24 p=2 np=2 ND=331776  build 0.8465  evsetup 0.09333  plan 5.172 (collect 0.1789 find 4.799)  eval 1.494  dofs 1.212  solve 0.633 (its 12/0)  gauge 0 (0)  curl 0  steady 3.338  oneshot 8.604  p
N=24 p=2 np=2 B_l2 none r2 rc=0 wall=20s  B_l2 N=24 p=2 np=2 ND=331776  build 0.8759  evsetup 0.09564  plan 5.124 (collect 0.1962 find 4.738)  eval 1.73  dofs 1.127  solve 0.5877 (its 12/0)  gauge 0 (0)  curl 0  steady 3.444  oneshot 8.664  p
N=24 p=2 np=2 B_l2c none r1 rc=0 wall=94s  B_l2c N=24 p=2 np=2 ND=331776  build 0.8261  evsetup 0.0942  plan 4.77 (collect 0.1827 find 4.355)  eval 1.611  dofs 1.1  solve 25.17 (its 33/476)  gauge 0 (0)  curl 0  steady 27.88  oneshot 32.74  pe
N=24 p=2 np=2 B_l2c none r2 rc=0 wall=95s  B_l2c N=24 p=2 np=2 ND=331776  build 0.8213  evsetup 0.09887  plan 5.122 (collect 0.1819 find 4.688)  eval 1.753  dofs 1.198  solve 25.33 (its 33/476)  gauge 0 (0)  curl 0  steady 28.28  oneshot 33.5 
N=24 p=2 np=4 A_pt none r1 rc=0 wall=6s  A_pt N=24 p=2 np=4 ND=331776  build 0.5533  evsetup 0.04925  plan 0.7255 (collect 0.09802 find 0.628)  eval 0.261  dofs 0.07173  solve 0 (its 0/0)  gauge 0 (0)  curl 0.0006252  steady 0.3333  oneshot 
N=24 p=2 np=4 A_pt none r2 rc=0 wall=5s  A_pt N=24 p=2 np=4 ND=331776  build 0.5363  evsetup 0.0463  plan 0.7715 (collect 0.09743 find 0.6741)  eval 0.2783  dofs 0.08852  solve 0 (its 0/0)  gauge 0 (0)  curl 0.0004689  steady 0.3674  oneshot
N=24 p=2 np=4 A_int none r1 rc=0 wall=11s  A_int N=24 p=2 np=4 ND=331776  build 0.5243  evsetup 0.04708  plan 2.943 (collect 0.398 find 2.546)  eval 0.9876  dofs 0.2784  solve 0 (its 0/0)  gauge 0 (0)  curl 0.0005233  steady 1.266  oneshot 4.2
N=24 p=2 np=4 A_int none r2 rc=0 wall=10s  A_int N=24 p=2 np=4 ND=331776  build 0.5535  evsetup 0.04832  plan 3.053 (collect 0.4915 find 2.562)  eval 1.001  dofs 0.2542  solve 0 (its 0/0)  gauge 0 (0)  curl 0.0005241  steady 1.256  oneshot 4.3
N=24 p=2 np=4 A_int coulomb r1 rc=0 wall=17s  A_int N=24 p=2 np=4 ND=331776  build 0.5197  evsetup 0.04911  plan 3.22 (collect 0.3974 find 2.823)  eval 0.9787  dofs 0.2543  solve 0 (its 0/0)  gauge 0.3178 (20)  curl 0.0005175  steady 1.551  onesh
N=24 p=2 np=4 A_int coulomb r2 rc=0 wall=16s  A_int N=24 p=2 np=4 ND=331776  build 0.5589  evsetup 0.04887  plan 3.047 (collect 0.4018 find 2.646)  eval 1.041  dofs 0.2654  solve 0 (its 0/0)  gauge 0.2954 (20)  curl 0.0005215  steady 1.603  onesh
N=24 p=2 np=4 A_int jacobi:20 r1 rc=0 wall=15s  A_int N=24 p=2 np=4 ND=331776  build 0.5346  evsetup 0.04927  plan 3.108 (collect 0.4042 find 2.704)  eval 0.8375  dofs 0.2094  solve 0 (its 0/0)  gauge 0.06226 (20)  curl 0.000508  steady 1.11  onesh
N=24 p=2 np=4 A_int jacobi:20 r2 rc=0 wall=15s  A_int N=24 p=2 np=4 ND=331776  build 0.5338  evsetup 0.07468  plan 2.936 (collect 0.3902 find 2.546)  eval 0.9508  dofs 0.2738  solve 0 (its 0/0)  gauge 0.06178 (20)  curl 0.0004884  steady 1.287  one
N=24 p=2 np=4 A_l2 coulomb r1 rc=0 wall=19s  A_l2 N=24 p=2 np=4 ND=331776  build 0.6215  evsetup 0.04904  plan 2.756 (collect 0.09292 find 2.576)  eval 1.006  dofs 0.6673  solve 0.5326 (its 19/0)  gauge 0.2768 (20)  curl 0.0004891  steady 2.483 
N=24 p=2 np=4 A_l2 coulomb r2 rc=0 wall=18s  A_l2 N=24 p=2 np=4 ND=331776  build 0.5415  evsetup 0.04346  plan 2.623 (collect 0.08345 find 2.454)  eval 0.9607  dofs 0.6097  solve 0.5314 (its 19/0)  gauge 0.2616 (20)  curl 0.00049  steady 2.364  
N=24 p=2 np=4 B_l2 none r1 rc=0 wall=11s  B_l2 N=24 p=2 np=4 ND=331776  build 0.533  evsetup 0.05013  plan 2.762 (collect 0.08997 find 2.57)  eval 0.8773  dofs 0.5413  solve 0.2742 (its 12/0)  gauge 0 (0)  curl 0  steady 1.693  oneshot 4.505 
N=24 p=2 np=4 B_l2 none r2 rc=0 wall=11s  B_l2 N=24 p=2 np=4 ND=331776  build 0.4983  evsetup 0.04468  plan 2.552 (collect 0.0798 find 2.387)  eval 0.9129  dofs 0.5804  solve 0.3101 (its 12/0)  gauge 0 (0)  curl 0  steady 1.803  oneshot 4.4  
N=24 p=2 np=4 B_l2c none r1 rc=0 wall=52s  B_l2c N=24 p=2 np=4 ND=331776  build 0.5347  evsetup 0.04851  plan 2.82 (collect 0.09182 find 2.585)  eval 0.8793  dofs 0.485  solve 13.86 (its 36/518)  gauge 0 (0)  curl 0  steady 15.22  oneshot 18.0
N=24 p=2 np=4 B_l2c none r2 rc=0 wall=52s  B_l2c N=24 p=2 np=4 ND=331776  build 0.541  evsetup 0.0496  plan 2.781 (collect 0.09106 find 2.553)  eval 0.8988  dofs 0.5971  solve 13.9 (its 36/518)  gauge 0 (0)  curl 0  steady 15.4  oneshot 18.23 
stage 2 done
N=32 p=2 np=1 A_pt none r1 rc=0 wall=40s  A_pt N=32 p=2 np=1 ND=786432  build 3.5  evsetup 0.3517  plan 6.257 (collect 0.7952 find 5.462)  eval 1.861  dofs 0.5468  solve 0 (its 0/0)  gauge 0 (0)  curl 0.003388  steady 2.412  oneshot 9.02  pea
N=32 p=2 np=1 A_pt none r2 rc=0 wall=42s  A_pt N=32 p=2 np=1 ND=786432  build 3.395  evsetup 0.4157  plan 6.4 (collect 0.8897 find 5.51)  eval 2.146  dofs 0.6049  solve 0 (its 0/0)  gauge 0 (0)  curl 0.004113  steady 2.755  oneshot 9.571  pea
N=32 p=2 np=1 A_int none r1 rc=0 wall=85s  A_int N=32 p=2 np=1 ND=786432  build 3.575  evsetup 0.4222  plan 27.31 (collect 3.62 find 23.69)  eval 7.332  dofs 1.937  solve 0 (its 0/0)  gauge 0 (0)  curl 0.003549  steady 9.276  oneshot 37.01  pe
N=32 p=2 np=1 A_int none r2 rc=0 wall=86s  A_int N=32 p=2 np=1 ND=786432  build 3.705  evsetup 0.4517  plan 27.7 (collect 3.649 find 24.06)  eval 8.292  dofs 2.164  solve 0 (its 0/0)  gauge 0 (0)  curl 0.004199  steady 10.46  oneshot 38.62  pe
N=32 p=2 np=1 A_int coulomb r1 rc=0 wall=140s  A_int N=32 p=2 np=1 ND=786432  build 3.351  evsetup 0.3956  plan 26.32 (collect 3.212 find 23.11)  eval 8.081  dofs 1.978  solve 0 (its 0/0)  gauge 3.656 (16)  curl 0.004001  steady 13.72  oneshot 40.
N=32 p=2 np=1 A_int coulomb r2 rc=0 wall=141s  A_int N=32 p=2 np=1 ND=786432  build 3.402  evsetup 0.42  plan 27.97 (collect 3.466 find 24.5)  eval 8.224  dofs 2.444  solve 0 (its 0/0)  gauge 3.459 (16)  curl 0.004074  steady 14.13  oneshot 42.52 
N=32 p=2 np=1 A_int jacobi:20 r1 rc=0 wall=128s  A_int N=32 p=2 np=1 ND=786432  build 3.877  evsetup 0.4169  plan 26.35 (collect 3.6 find 22.75)  eval 7.289  dofs 1.972  solve 0 (its 0/0)  gauge 0.7589 (20)  curl 0.003423  steady 10.02  oneshot 36.7
N=32 p=2 np=1 A_int jacobi:20 r2 rc=0 wall=132s  A_int N=32 p=2 np=1 ND=786432  build 3.326  evsetup 0.3853  plan 26.12 (collect 3.332 find 22.79)  eval 7.418  dofs 2.396  solve 0 (its 0/0)  gauge 0.7716 (20)  curl 0.004404  steady 10.59  oneshot 37
N=32 p=2 np=1 A_l2 coulomb r1 rc=0 wall=161s  A_l2 N=32 p=2 np=1 ND=786432  build 3.612  evsetup 0.3783  plan 27.69 (collect 0.7499 find 26.14)  eval 7.745  dofs 5.658  solve 3.924 (its 18/0)  gauge 3.516 (16)  curl 0.004704  steady 20.85  onesho
N=32 p=2 np=1 A_l2 coulomb r2 rc=0 wall=162s  A_l2 N=32 p=2 np=1 ND=786432  build 3.412  evsetup 0.3364  plan 26.48 (collect 0.697 find 25.05)  eval 8.206  dofs 5.535  solve 4.147 (its 18/0)  gauge 3.537 (16)  curl 0.004024  steady 21.43  oneshot
N=32 p=2 np=1 B_l2 none r1 rc=0 wall=90s  B_l2 N=32 p=2 np=1 ND=786432  build 3.323  evsetup 0.3791  plan 26.06 (collect 0.7043 find 24.57)  eval 6.618  dofs 4.466  solve 2.716 (its 12/0)  gauge 0 (0)  curl 0  steady 13.8  oneshot 40.24  peak
N=32 p=2 np=1 B_l2 none r2 rc=0 wall=90s  B_l2 N=32 p=2 np=1 ND=786432  build 3.633  evsetup 0.4159  plan 27.85 (collect 0.8566 find 26.1)  eval 6.196  dofs 4.727  solve 2.6 (its 12/0)  gauge 0 (0)  curl 0  steady 13.52  oneshot 41.78  peak 2
N=32 p=2 np=1 B_l2c none r1 rc=0 wall=376s  B_l2c N=32 p=2 np=1 ND=786432  build 3.641  evsetup 0.4112  plan 26.47 (collect 0.8347 find 24.44)  eval 7.579  dofs 4.81  solve 151.8 (its 34/630)  gauge 0 (0)  curl 0  steady 164.2  oneshot 191  pea
N=12 p=4 np=1 A_pt none r1 rc=0 wall=60s  A_pt N=12 p=4 np=1 ND=331776  build 3.105  evsetup 0.08876  plan 4.823 (collect 0.8506 find 3.972)  eval 1.83  dofs 0.4879  solve 0 (its 0/0)  gauge 0 (0)  curl 0.002293  steady 2.321  oneshot 7.233  
N=12 p=4 np=1 A_pt none r2 rc=0 wall=60s  A_pt N=12 p=4 np=1 ND=331776  build 3.427  evsetup 0.07231  plan 5.149 (collect 0.7437 find 4.405)  eval 2.224  dofs 0.5893  solve 0 (its 0/0)  gauge 0 (0)  curl 0.002821  steady 2.815  oneshot 8.036 
N=12 p=4 np=1 A_int none r1 rc=0 wall=125s  A_int N=12 p=4 np=1 ND=331776  build 3.118  evsetup 0.09633  plan 29.49 (collect 5.441 find 24.05)  eval 11.82  dofs 3.876  solve 0 (its 0/0)  gauge 0 (0)  curl 0.002766  steady 15.71  oneshot 45.3  p
N=12 p=4 np=1 A_int none r2 rc=0 wall=122s  A_int N=12 p=4 np=1 ND=331776  build 3.384  evsetup 0.07534  plan 27.99 (collect 4.99 find 23)  eval 12.15  dofs 3.535  solve 0 (its 0/0)  gauge 0 (0)  curl 0.002496  steady 15.69  oneshot 43.75  peak
N=12 p=4 np=1 A_int coulomb r1 rc=0 wall=308s  A_int N=12 p=4 np=1 ND=331776  build 2.754  evsetup 0.08193  plan 28.27 (collect 4.561 find 23.71)  eval 12.06  dofs 3.926  solve 0 (its 0/0)  gauge 6.807 (23)  curl 0.00311  steady 22.8  oneshot 51.1
N=12 p=4 np=1 A_int jacobi:20 r1 rc=0 wall=290s  A_int N=12 p=4 np=1 ND=331776  build 3.122  evsetup 0.08964  plan 29.76 (collect 5.388 find 24.38)  eval 12.08  dofs 3.507  solve 0 (its 0/0)  gauge 0.807 (20)  curl 0.002469  steady 16.4  oneshot 46.
N=12 p=4 np=1 A_int jacobi:20 r2 rc=0 wall=293s  A_int N=12 p=4 np=1 ND=331776  build 3.198  evsetup 0.07631  plan 27.48 (collect 4.853 find 22.63)  eval 12.29  dofs 3.218  solve 0 (its 0/0)  gauge 0.7698 (20)  curl 0.002301  steady 16.28  oneshot 4
N=12 p=4 np=1 A_l2 coulomb r1 rc=0 wall=281s  A_l2 N=12 p=4 np=1 ND=331776  build 3.453  evsetup 0.07196  plan 12.76 (collect 0.586 find 11.93)  eval 7.385  dofs 5.215  solve 0.7514 (its 12/0)  gauge 6.756 (23)  curl 0.002779  steady 20.11  onesh
N=12 p=4 np=1 A_l2 coulomb r2 rc=0 wall=289s  A_l2 N=12 p=4 np=1 ND=331776  build 3.992  evsetup 0.07907  plan 13.66 (collect 0.6587 find 12.75)  eval 6.402  dofs 4.356  solve 0.6326 (its 12/0)  gauge 6.983 (23)  curl 0.002106  steady 18.38  ones
N=12 p=4 np=1 B_l2 none r1 rc=0 wall=77s  B_l2 N=12 p=4 np=1 ND=331776  build 3.326  evsetup 0.09116  plan 14.02 (collect 0.7682 find 12.94)  eval 6.075  dofs 4.159  solve 0.4338 (its 8/0)  gauge 0 (0)  curl 0  steady 10.67  oneshot 24.78  pe
N=12 p=4 np=1 B_l2 none r2 rc=0 wall=78s  B_l2 N=12 p=4 np=1 ND=331776  build 3.192  evsetup 0.08655  plan 14.37 (collect 0.7478 find 13.33)  eval 6.212  dofs 4.101  solve 0.3844 (its 8/0)  gauge 0 (0)  curl 0  steady 10.7  oneshot 25.15  pea
N=12 p=4 np=1 B_l2c none r1 rc=0 wall=181s  B_l2c N=12 p=4 np=1 ND=331776  build 3.213  evsetup 0.08887  plan 13.3 (collect 0.7383 find 11.98)  eval 6.126  dofs 4.616  solve 34.17 (its 69/560)  gauge 0 (0)  curl 0  steady 44.91  oneshot 58.31  
N=12 p=4 np=1 B_l2c none r2 rc=0 wall=183s  B_l2c N=12 p=4 np=1 ND=331776  build 3.439  evsetup 0.07413  plan 13.73 (collect 0.6362 find 12.61)  eval 6.795  dofs 4.744  solve 35.16 (its 69/560)  gauge 0 (0)  curl 0  steady 46.7  oneshot 60.51  
stage 3 done
