== [s1_p2] -N 8 -p 2 -field abc -no-b0 -epsB 0.3 -n 100 -every 5 -ops all
Options used:
   --N 8
   --order 2
   --geom-order -1
   --field abc
   --no-b0
   --epsA 0
   --fvA 1
   --epsB 0.3
   --fvB 1
   --n 100
   --every 5
   --ops all
   --nq -1
   --gradfrac
   --csv results/exp4_parts/s1_p2.csv
   --tag s1_p2
N=8 p=2 q=2  A: N8_uni  B: N8_def0.3f1  ND=12288 RT=12288  n=100
A_pt step    1 B  E/E0=9.996e-01 errB=2.946e-02 div_rel=1.222e-15 |a|=1.413e+00 H/H0=9.993e-01 t_cum=8.795e-02
A_pt step   50 A  E/E0=2.272e+04 errB=1.507e+02 div_rel=8.042e-14 |a|=5.986e+01 H/H0=1.601e+01 t_cum=4.462e+00
A_pt step  100 A  E/E0=1.177e+14 errB=1.085e+07 div_rel=5.736e-09 |a|=4.438e+06 H/H0=4.926e+10 t_cum=8.683e+00
A_pt done: setup 0.304 s, transfers 8.68 s (0.0868 s/remap), diagnostics 36 s, wall 45 s, not found 0
A_int step    1 B  E/E0=9.996e-01 errB=2.945e-02 div_rel=1.218e-15 |a|=1.413e+00 H/H0=9.992e-01 t_cum=3.205e-01
A_int step   50 A  E/E0=1.001e+00 errB=7.166e-02 div_rel=1.242e-15 |a|=1.413e+00 H/H0=9.965e-01 t_cum=1.499e+01
A_int step  100 A  E/E0=1.013e+00 errB=1.355e-01 div_rel=1.230e-15 |a|=1.416e+00 H/H0=9.951e-01 t_cum=3.110e+01
A_int done: setup 1.2 s, transfers 31.1 s (0.311 s/remap), diagnostics 33.1 s, wall 65.4 s, not found 0
A_l2 step    1 B  E/E0=1.000e+00 errB=3.338e-02 div_rel=1.219e-15 |a|=1.414e+00 H/H0=9.999e-01 t_cum=7.034e-01
A_l2 step   50 A  E/E0=1.004e+00 errB=7.881e-02 div_rel=1.246e-15 |a|=1.412e+00 H/H0=9.978e-01 t_cum=3.167e+01
A_l2 step  100 A  E/E0=1.010e+00 errB=1.197e-01 div_rel=1.212e-15 |a|=1.412e+00 H/H0=9.961e-01 t_cum=6.283e+01
A_l2 done: setup 0.989 s, transfers 62.8 s (0.628 s/remap), diagnostics 35.8 s, wall 99.6 s, not found 0
B_pt step    1 B  E/E0=1.006e+00 errB=3.405e-02 div_rel=2.290e-02 |a|=nan H/H0=0.000e+00 t_cum=5.477e-02
B_pt step   50 A  E/E0=1.081e+16 errB=1.040e+08 div_rel=2.127e+08 |a|=nan H/H0=0.000e+00 t_cum=2.682e+00
B_pt step  100 A  E/E0=2.580e+37 errB=5.079e+18 div_rel=1.071e+19 |a|=nan H/H0=0.000e+00 t_cum=5.188e+00
B_pt done: setup 0.204 s, transfers 5.19 s (0.0519 s/remap), diagnostics 26.9 s, wall 32.3 s, not found 0
B_int step    1 B  E/E0=9.997e-01 errB=2.952e-02 div_rel=4.853e-03 |a|=nan H/H0=0.000e+00 t_cum=8.371e-01
B_int step   50 A  E/E0=1.140e+00 errB=2.907e-01 div_rel=3.694e-01 |a|=nan H/H0=0.000e+00 t_cum=4.124e+01
B_int step  100 A  E/E0=8.381e+01 errB=9.054e+00 div_rel=1.303e+01 |a|=nan H/H0=0.000e+00 t_cum=8.214e+01
B_int done: setup 2.97 s, transfers 82.1 s (0.821 s/remap), diagnostics 26.3 s, wall 111 s, not found 0
B_l2 step    1 B  E/E0=9.995e-01 errB=2.742e-02 div_rel=2.866e-02 |a|=nan H/H0=0.000e+00 t_cum=5.297e-01
B_l2 step   50 A  E/E0=9.753e-01 errB=6.281e-02 div_rel=1.228e-01 |a|=nan H/H0=0.000e+00 t_cum=2.364e+01
B_l2 step  100 A  E/E0=9.636e-01 errB=1.027e-01 div_rel=1.969e-01 |a|=nan H/H0=0.000e+00 t_cum=4.821e+01
B_l2 done: setup 0.999 s, transfers 48.2 s (0.482 s/remap), diagnostics 25.9 s, wall 75.1 s, not found 0
B_l2c step    1 B  E/E0=9.995e-01 errB=2.769e-02 div_rel=1.334e-14 |a|=nan H/H0=0.000e+00 t_cum=5.009e+00
B_l2c step   50 A  E/E0=9.659e-01 errB=5.427e-02 div_rel=8.792e-15 |a|=nan H/H0=0.000e+00 t_cum=1.625e+02
B_l2c step  100 A  E/E0=9.403e-01 errB=8.729e-02 div_rel=8.716e-15 |a|=nan H/H0=0.000e+00 t_cum=3.266e+02
B_l2c done: setup 0.95 s, transfers 327 s (3.27 s/remap), diagnostics 25.4 s, wall 353 s, not found 0
total wall 785 s
   rc=0  786 s
