== [s1_p1] -N 8 -p 1 -field abc -no-b0 -epsB 0.3 -n 100 -every 5 -ops all
Options used:
   --N 8
   --order 1
   --geom-order -1
   --field abc
   --no-b0
   --epsA 0
   --fvA 1
   --epsB 0.3
   --fvB 1
   --n 100
   --every 5
   --ops all
   --nq -1
   --gradfrac
   --csv results/exp4_parts/s1_p1.csv
   --tag s1_p1
N=8 p=1 q=1  A: N8_uni  B: N8_def0.3f1  ND=1536 RT=1536  n=100
A_pt step    1 B  E/E0=9.398e-01 errB=2.395e-01 div_rel=1.740e-16 |a|=1.300e+00 H/H0=9.341e-01 t_cum=2.030e-02
A_pt step   50 A  E/E0=7.025e-01 errB=1.029e+00 div_rel=1.247e-16 |a|=7.039e-01 H/H0=1.510e-01 t_cum=5.002e-01
A_pt step  100 A  E/E0=2.100e+00 errB=1.602e+00 div_rel=2.029e-16 |a|=1.428e+00 H/H0=1.103e-01 t_cum=9.391e-01
A_pt done: setup 0.062 s, transfers 0.939 s (0.00939 s/remap), diagnostics 4.79 s, wall 5.8 s, not found 0
A_int step    1 B  E/E0=9.397e-01 errB=2.393e-01 div_rel=1.744e-16 |a|=1.300e+00 H/H0=9.341e-01 t_cum=2.434e-02
A_int step   50 A  E/E0=2.385e-01 errB=8.200e-01 div_rel=7.851e-17 |a|=4.468e-01 H/H0=8.285e-02 t_cum=1.252e+00
A_int step  100 A  E/E0=2.475e-01 errB=9.586e-01 div_rel=7.704e-17 |a|=3.775e-01 H/H0=1.651e-02 t_cum=2.353e+00
A_int done: setup 0.132 s, transfers 2.35 s (0.0235 s/remap), diagnostics 4.03 s, wall 6.51 s, not found 0
A_l2 step    1 B  E/E0=1.001e+00 errB=2.346e-01 div_rel=1.719e-16 |a|=1.342e+00 H/H0=9.957e-01 t_cum=1.118e-01
A_l2 step   50 A  E/E0=9.346e-01 errB=2.751e-01 div_rel=1.538e-16 |a|=1.287e+00 H/H0=9.128e-01 t_cum=5.249e+00
A_l2 step  100 A  E/E0=8.793e-01 errB=3.049e-01 div_rel=1.554e-16 |a|=1.242e+00 H/H0=8.452e-01 t_cum=1.010e+01
A_l2 done: setup 0.176 s, transfers 10.1 s (0.101 s/remap), diagnostics 3.94 s, wall 14.2 s, not found 0
B_pt step    1 B  E/E0=1.006e+00 errB=2.709e-01 div_rel=1.015e-01 |a|=nan H/H0=0.000e+00 t_cum=6.165e-03
B_pt step   50 A  E/E0=4.700e+00 errB=1.862e+00 div_rel=1.927e+00 |a|=nan H/H0=0.000e+00 t_cum=2.183e-01
B_pt step  100 A  E/E0=3.249e+01 errB=5.430e+00 div_rel=5.708e+00 |a|=nan H/H0=0.000e+00 t_cum=4.362e-01
B_pt done: setup 0.0221 s, transfers 0.436 s (0.00436 s/remap), diagnostics 3.12 s, wall 3.58 s, not found 0
B_int step    1 B  E/E0=9.360e-01 errB=2.400e-01 div_rel=5.160e-02 |a|=nan H/H0=0.000e+00 t_cum=3.459e-02
B_int step   50 A  E/E0=3.146e-01 errB=8.649e-01 div_rel=5.374e-02 |a|=nan H/H0=0.000e+00 t_cum=1.788e+00
B_int step  100 A  E/E0=1.212e+00 errB=1.275e+00 div_rel=6.417e-02 |a|=nan H/H0=0.000e+00 t_cum=3.624e+00
B_int done: setup 0.183 s, transfers 3.62 s (0.0362 s/remap), diagnostics 3.15 s, wall 6.96 s, not found 0
B_l2 step    1 B  E/E0=9.325e-01 errB=2.367e-01 div_rel=3.271e-02 |a|=nan H/H0=0.000e+00 t_cum=9.486e-02
B_l2 step   50 A  E/E0=7.226e-02 errB=7.987e-01 div_rel=2.534e-01 |a|=nan H/H0=0.000e+00 t_cum=3.845e+00
B_l2 step  100 A  E/E0=1.238e-02 errB=9.376e-01 div_rel=1.450e-01 |a|=nan H/H0=0.000e+00 t_cum=7.583e+00
B_l2 done: setup 0.189 s, transfers 7.58 s (0.0758 s/remap), diagnostics 3.13 s, wall 10.9 s, not found 0
B_l2c step    1 B  E/E0=9.322e-01 errB=2.363e-01 div_rel=2.258e-14 |a|=nan H/H0=0.000e+00 t_cum=1.396e+00
B_l2c step   50 A  E/E0=3.858e-02 errB=8.200e-01 div_rel=3.587e-15 |a|=nan H/H0=0.000e+00 t_cum=4.164e+01
B_l2c step  100 A  E/E0=1.711e-03 errB=9.638e-01 div_rel=7.906e-16 |a|=nan H/H0=0.000e+00 t_cum=8.147e+01
B_l2c done: setup 0.147 s, transfers 81.5 s (0.815 s/remap), diagnostics 3.17 s, wall 84.8 s, not found 0
total wall 133 s
   rc=0  134 s
