== [s2] -N 8 -p 2 -field abc -b0 -epsB 0.3 -n 100 -every 5 -ops all
Options used:
   --N 8
   --order 2
   --geom-order -1
   --field abc
   --b0
   --epsA 0
   --fvA 1
   --epsB 0.3
   --fvB 1
   --n 100
   --every 5
   --ops all
   --nq -1
   --gradfrac
   --csv results/exp4_parts/s2.csv
   --tag s2
N=8 p=2 q=2  A: N8_uni  B: N8_def0.3f1  ND=12288 RT=12288  n=100
A_pt step    1 B  E/E0=9.996e-01 errB=2.939e-02 div_rel=1.230e-15 |a|=1.413e+00 H/H0=9.993e-01 t_cum=4.331e-02
A_pt step   50 A  E/E0=2.261e+04 errB=1.503e+02 div_rel=8.173e-14 |a|=5.986e+01 H/H0=1.601e+01 t_cum=1.928e+00
A_pt step  100 A  E/E0=1.171e+14 errB=1.082e+07 div_rel=5.677e-09 |a|=4.438e+06 H/H0=4.926e+10 t_cum=5.498e+00
A_pt done: setup 0.144 s, transfers 5.5 s (0.055 s/remap), diagnostics 23.7 s, wall 29.3 s, not found 0
A_int step    1 B  E/E0=9.996e-01 errB=2.938e-02 div_rel=1.238e-15 |a|=1.413e+00 H/H0=9.992e-01 t_cum=2.683e-01
A_int step   50 A  E/E0=1.001e+00 errB=7.149e-02 div_rel=1.254e-15 |a|=1.413e+00 H/H0=9.965e-01 t_cum=1.693e+01
A_int step  100 A  E/E0=1.013e+00 errB=1.352e-01 div_rel=1.234e-15 |a|=1.416e+00 H/H0=9.951e-01 t_cum=3.399e+01
A_int done: setup 0.929 s, transfers 34 s (0.34 s/remap), diagnostics 35.6 s, wall 70.5 s, not found 0
A_l2 step    1 B  E/E0=1.000e+00 errB=3.331e-02 div_rel=1.236e-15 |a|=1.414e+00 H/H0=9.999e-01 t_cum=7.054e-01
A_l2 step   50 A  E/E0=1.004e+00 errB=7.862e-02 div_rel=1.251e-15 |a|=1.412e+00 H/H0=9.978e-01 t_cum=2.982e+01
A_l2 step  100 A  E/E0=1.010e+00 errB=1.194e-01 div_rel=1.220e-15 |a|=1.412e+00 H/H0=9.961e-01 t_cum=6.091e+01
A_l2 done: setup 1.01 s, transfers 60.9 s (0.609 s/remap), diagnostics 34.2 s, wall 96.1 s, not found 0
B_pt step    1 B  E/E0=1.006e+00 errB=3.397e-02 div_rel=2.284e-02 |a|=nan H/H0=0.000e+00 t_cum=5.481e-02
B_pt step   50 A  E/E0=1.076e+16 errB=1.037e+08 div_rel=2.122e+08 |a|=nan H/H0=0.000e+00 t_cum=2.603e+00
B_pt step  100 A  E/E0=2.568e+37 errB=5.067e+18 div_rel=1.069e+19 |a|=nan H/H0=0.000e+00 t_cum=5.195e+00
B_pt done: setup 0.197 s, transfers 5.19 s (0.0519 s/remap), diagnostics 26.1 s, wall 31.5 s, not found 0
B_int step    1 B  E/E0=9.997e-01 errB=2.945e-02 div_rel=4.841e-03 |a|=nan H/H0=0.000e+00 t_cum=8.059e-01
B_int step   50 A  E/E0=1.139e+00 errB=2.900e-01 div_rel=3.686e-01 |a|=nan H/H0=0.000e+00 t_cum=3.947e+01
B_int step  100 A  E/E0=8.342e+01 errB=9.032e+00 div_rel=1.300e+01 |a|=nan H/H0=0.000e+00 t_cum=7.969e+01
B_int done: setup 3.14 s, transfers 79.7 s (0.797 s/remap), diagnostics 25.9 s, wall 109 s, not found 0
B_l2 step    1 B  E/E0=9.995e-01 errB=2.735e-02 div_rel=2.860e-02 |a|=nan H/H0=0.000e+00 t_cum=5.548e-01
B_l2 step   50 A  E/E0=9.754e-01 errB=6.266e-02 div_rel=1.225e-01 |a|=nan H/H0=0.000e+00 t_cum=2.504e+01
B_l2 step  100 A  E/E0=9.637e-01 errB=1.024e-01 div_rel=1.964e-01 |a|=nan H/H0=0.000e+00 t_cum=4.812e+01
B_l2 done: setup 1.01 s, transfers 48.1 s (0.481 s/remap), diagnostics 26.3 s, wall 75.5 s, not found 0
B_l2c step    1 B  E/E0=9.995e-01 errB=2.763e-02 div_rel=1.331e-14 |a|=nan H/H0=0.000e+00 t_cum=5.669e+00
B_l2c step   50 A  E/E0=9.661e-01 errB=5.414e-02 div_rel=8.764e-15 |a|=nan H/H0=0.000e+00 t_cum=1.481e+02
B_l2c step  100 A  E/E0=9.406e-01 errB=8.708e-02 div_rel=8.679e-15 |a|=nan H/H0=0.000e+00 t_cum=2.389e+02
B_l2c done: setup 1.02 s, transfers 239 s (2.39 s/remap), diagnostics 16.9 s, wall 257 s, not found 0
total wall 670 s
   rc=0  671 s
