80 jobs, 2 at a time
[main_p3_e0.6_r20_B_l2_none] rc=0 171 s
[main_p3_e0.6_r20_B_l2c_none] rc=0 410 s
[main_p3_e0.6_r20_A_int_none] rc=0 315 s
[main_p3_e0.6_r20_A_l2_coulomb] rc=0 186 s
[main_p3_e0.6_r20_A_int_coulomb] rc=0 282 s
[main_p2_e0.3_r20_B_l2c_none] rc=0 129 s
[main_p2_e0.3_r20_B_int_none] rc=0 154 s
[main_p2_e0.3_r20_B_l2_none] rc=0 77 s
[main_p2_e0.3_r20_A_int_none] rc=0 100 s
[main_p2_e0.3_r20_A_int_coulomb] rc=0 108 s
[main_p2_e0.3_r20_A_l2_coulomb] rc=0 103 s
[main_p2_e0.6_r20_B_int_none] rc=0 155 s
[main_p2_e0.6_r20_B_l2c_none] rc=0 134 s
[main_p2_e0.6_r20_B_l2_none] rc=0 83 s
[main_p2_e0.6_r20_A_int_none] rc=0 104 s
[main_p2_e0.6_r20_A_int_coulomb] rc=0 108 s
[main_p2_e0.6_r20_A_l2_coulomb] rc=0 106 s
[b0_p2_e0.3_r5_B_int] rc=0 60 s
[b0_p2_e0.3_r5_B_l2c] rc=0 55 s
[b0_p2_e0.3_r5_B_l2] rc=0 43 s
[main_p3_e0.3_r5_B_l2c_none] rc=0 99 s
[main_p3_e0.3_r5_B_int_none] rc=0 183 s
[main_p3_e0.3_r5_B_l2_none] rc=0 61 s
[main_p3_e0.3_r5_A_int_none] rc=0 105 s
[main_p3_e0.3_r5_A_int_coulomb] rc=0 150 s
[main_p3_e0.3_r5_A_l2_coulomb] rc=0 128 s
[main_p3_e0.6_r5_B_l2c_none] rc=0 95 s
[main_p3_e0.6_r5_B_int_none] rc=0 179 s
[main_p3_e0.6_r5_B_l2_none] rc=0 62 s
[main_p3_e0.6_r5_A_int_none] rc=0 100 s
[main_p3_e0.6_r5_A_int_coulomb] rc=0 154 s
[main_p3_e0.6_r5_A_l2_coulomb] rc=0 138 s
[main_p2_e0.3_r5_B_int_none] rc=0 59 s
[main_p2_e0.3_r5_B_l2c_none] rc=0 55 s
[main_p2_e0.3_r5_B_l2_none] rc=0 46 s
[main_p2_e0.3_r5_A_int_none] rc=0 59 s
[main_p2_e0.3_r5_A_int_coulomb] rc=0 63 s
[main_p2_e0.3_r5_A_l2_coulomb] rc=0 64 s
[main_p2_e0.6_r5_B_int_none] rc=0 61 s
[main_p2_e0.6_r5_B_l2c_none] rc=0 55 s
[main_p2_e0.6_r5_B_l2_none] rc=0 46 s
[main_p2_e0.6_r5_A_int_none] rc=0 58 s
[main_p2_e0.6_r5_A_int_coulomb] rc=0 62 s
[main_p2_e0.6_r5_A_l2_coulomb] rc=0 63 s
[main_p3_e0.3_r2_B_int_none] rc=0 103 s
[main_p3_e0.3_r2_B_l2c_none] rc=0 63 s
[main_p3_e0.3_r2_B_l2_none] rc=0 49 s
[main_p3_e0.3_r2_A_int_none] rc=0 76 s
[main_p3_e0.3_r2_A_int_coulomb] rc=0 117 s
[main_p3_e0.3_r2_A_l2_coulomb] rc=0 109 s
[main_p3_e0.6_r2_B_l2c_none] rc=0 67 s
[main_p3_e0.6_r2_B_int_none] rc=0 108 s
[main_p3_e0.6_r2_B_l2_none] rc=0 49 s
[main_p3_e0.6_r2_A_int_none] rc=0 79 s
[main_p3_e0.6_r2_A_int_coulomb] rc=0 121 s
[main_p3_e0.6_r2_A_l2_coulomb] rc=0 112 s
[main_p2_e0.3_r2_B_int_none] rc=0 43 s
[main_p2_e0.3_r2_B_l2_none] rc=0 38 s
[main_p2_e0.3_r2_B_l2c_none] rc=0 42 s
[main_p2_e0.3_r2_A_int_none] rc=0 46 s
[main_p2_e0.3_r2_A_int_coulomb] rc=0 51 s
[main_p2_e0.6_r2_B_int_none] rc=0 47 s
[main_p2_e0.3_r2_A_l2_coulomb] rc=0 54 s
[main_p2_e0.6_r2_B_l2_none] rc=0 39 s
[main_p2_e0.6_r2_B_l2c_none] rc=0 42 s
[main_p2_e0.6_r2_A_int_none] rc=0 51 s
[main_p2_e0.6_r2_A_int_coulomb] rc=0 56 s
[main_p2_e0.3_r1_B_int_none] rc=0 36 s
[main_p2_e0.6_r2_A_l2_coulomb] rc=0 55 s
[main_p2_e0.3_r1_B_l2c_none] rc=0 32 s
[main_p2_e0.3_r1_B_l2_none] rc=0 34 s
[main_p2_e0.3_r1_A_int_none] rc=0 46 s
[main_p2_e0.3_r1_A_int_coulomb] rc=0 48 s
[main_p2_e0.3_r1_A_l2_coulomb] rc=0 49 s
[apt_p2_e0.3_r20] rc=0 63 s
[apt_p2_e0.3_r5] rc=0 47 s
[apt_p2_e0.3_r1] rc=0 45 s
[extra_p2_e0.3_r5_A_l2_none] rc=0 56 s
[extra_p2_e0.3_r20_A_l2_none] rc=0 95 s
[extra_p2_e0.3_r1_A_l2_none] rc=0 29 s
wrote results/exp5_ale.csv: 8247 rows
