Options used:
   --N 8
   --order 2
   --geom-order 2
   --eps 0.3
   --steps 100
   --rezones 5
   --op B_int
   --gauge none
   --field abc
   --b0
   --fv 1
   --every 1
   --csv results/exp5_parts/b0_p2_e0.3_r5_B_int.csv.tmp
   --tag b0
   --no-selftest
t=0: errB=0.0227396 errA=nan E_B=39.6581 E_ex=39.6684 H=nan minDetJ=1
k=10 t=0.1 errB=0.0227445 E/Eex=0.99974 H/H0=nan div=1.18968e-15 minDetJ=0.999097
k=20 t=0.2 errB=0.0228083 E/Eex=0.999735 H/H0=nan div=1.18661e-15 minDetJ=0.988186
  rezone at k=20 (t=0.2): 6.03502 s (setup 4.33486, apply 1.63606, gauge 0), errB 0.0247912, div 0.00290345, label Newton resid 9.32587e-15 (mean its 2.76389)
k=30 t=0.3 errB=0.0249848 E/Eex=0.999244 H/H0=nan div=0.0028811 minDetJ=0.970021
k=40 t=0.4 errB=0.0252551 E/Eex=0.999194 H/H0=nan div=0.002853 minDetJ=0.931752
  rezone at k=40 (t=0.4): 4.73892 s (setup 3.14474, apply 1.54489, gauge 0), errB 0.0305561, div 0.00676731, label Newton resid 9.49241e-15 (mean its 3.15509)
k=50 t=0.5 errB=0.0306624 E/Eex=0.998248 H/H0=nan div=0.00673627 minDetJ=0.981201
k=60 t=0.6 errB=0.0305561 E/Eex=0.998314 H/H0=nan div=0.00676731 minDetJ=1
  rezone at k=60 (t=0.6): 3.81194 s (setup 1.92299, apply 1.82492, gauge 0), errB 0.0305561, div 0.00676731, label Newton resid 9.49241e-15 (mean its 3.15509)
k=70 t=0.7 errB=0.0303642 E/Eex=0.998478 H/H0=nan div=0.00683379 minDetJ=0.966118
k=80 t=0.8 errB=0.0302661 E/Eex=0.998666 H/H0=nan div=0.00688596 minDetJ=0.939941
  rezone at k=80 (t=0.8): 5.7903 s (setup 4.11114, apply 1.61675, gauge 0), errB 0.025345, div 0.0122913, label Newton resid 9.32587e-15 (mean its 2.76389)
k=90 t=0.9 errB=0.0253297 E/Eex=0.998731 H/H0=nan div=0.0123189 minDetJ=0.989989
k=100 t=1 errB=0.0253387 E/Eex=0.998784 H/H0=nan div=0.0123212 minDetJ=0.989389
  rezone at k=100 (t=1): 5.64682 s (setup 3.91472, apply 1.70156, gauge 0), errB 0.0274745, div 0.00982194, label Newton resid 0 (mean its 0)
FINAL op=B_int gauge=none p=2 eps=3.0000e-01 rezones=5 b0=1: ||b_T-b_0||/||b_0||=1.5298e-02 errB(T)=2.7474e-02 E(T)/E(0)=9.9967e-01 H(T)/H(0)=nan flux_err=8.8133e-04 div=9.8219e-03 transfer_time=2.6023e+01 s, notfound=0, wall 5.9283e+01 s
