Options used:
   --N 8
   --order 2
   --geom-order 2
   --eps 0.3
   --steps 100
   --rezones 20
   --op A_l2
   --gauge none
   --field abc
   --no-b0
   --fv 1
   --every 1
   --csv results/exp5_parts/extra_p2_e0.3_r20_A_l2_none.csv.tmp
   --tag extra
   --no-selftest
t=0: errB=0.0227942 errA=0.00276252 E_B=39.4681 E_ex=39.4784 H=12.5566 minDetJ=1
k=5 t=0.05 errB=0.0227945 E/Eex=0.999739 H/H0=1 div=1.17864e-15 minDetJ=0.999941
  rezone at k=5 (t=0.05): 1.79169 s (setup 0.660809, apply 1.08208, gauge 0), errB 0.0228072, div 1.21185e-15, label Newton resid 2.22045e-16 (mean its 1.85185)
k=10 t=0.1 errB=0.0228123 E/Eex=0.99974 H/H0=1 div=1.21161e-15 minDetJ=0.999173
  rezone at k=10 (t=0.1): 1.63064 s (setup 0.614208, apply 0.966729, gauge 0), errB 0.0229915, div 1.20738e-15, label Newton resid 9.10383e-15 (mean its 2.29514)
k=15 t=0.15 errB=0.0230125 E/Eex=0.999753 H/H0=1 div=1.20646e-15 minDetJ=0.996792
  rezone at k=15 (t=0.15): 2.55063 s (setup 1.3496, apply 1.15124, gauge 0), errB 0.0237175, div 1.23257e-15, label Newton resid 7.66227e-15 (mean its 2.58796)
k=20 t=0.2 errB=0.0237651 E/Eex=0.999797 H/H0=1.00001 div=1.23033e-15 minDetJ=0.992622
  rezone at k=20 (t=0.2): 2.63988 s (setup 1.38132, apply 1.21047, gauge 0), errB 0.0253119, div 1.22428e-15, label Newton resid 9.32587e-15 (mean its 2.76389)
k=25 t=0.25 errB=0.0253867 E/Eex=0.999885 H/H0=1.00002 div=1.22041e-15 minDetJ=0.987405
  rezone at k=25 (t=0.25): 2.505 s (setup 1.36965, apply 1.08115, gauge 0), errB 0.0278362, div 1.20022e-15, label Newton resid 9.49241e-15 (mean its 2.81597)
k=30 t=0.3 errB=0.0279242 E/Eex=1.00003 H/H0=1.00002 div=1.19495e-15 minDetJ=0.982604
  rezone at k=30 (t=0.3): 1.62859 s (setup 1.04887, apply 0.52719, gauge 0), errB 0.0311711, div 1.24568e-15, label Newton resid 7.32747e-15 (mean its 2.9809)
k=35 t=0.35 errB=0.0312519 E/Eex=1.00023 H/H0=1.00003 div=1.23943e-15 minDetJ=0.979968
  rezone at k=35 (t=0.35): 2.56226 s (setup 1.36068, apply 1.13472, gauge 0), errB 0.0350457, div 1.22415e-15, label Newton resid 7.54952e-15 (mean its 3.08912)
k=40 t=0.4 errB=0.035104 E/Eex=1.0005 H/H0=1.00004 div=1.21825e-15 minDetJ=0.980971
  rezone at k=40 (t=0.4): 2.58657 s (setup 1.35361, apply 1.16554, gauge 0), errB 0.0384188, div 1.19258e-15, label Newton resid 9.49241e-15 (mean its 3.15509)
k=45 t=0.45 errB=0.0384497 E/Eex=1.00079 H/H0=1.00007 div=1.18858e-15 minDetJ=0.986207
  rezone at k=45 (t=0.45): 1.90763 s (setup 0.709056, apply 1.13515, gauge 0), errB 0.0403556, div 1.18769e-15, label Newton resid 9.79772e-15 (mean its 3.25521)
k=50 t=0.5 errB=0.040364 E/Eex=1.00102 H/H0=1.00011 div=1.18617e-15 minDetJ=0.994936
  rezone at k=50 (t=0.5): 1.80091 s (setup 0.588942, apply 1.16376, gauge 0), errB 0.041041, div 1.2019e-15, label Newton resid 9.99201e-15 (mean its 3.28646)
k=55 t=0.55 errB=0.0410341 E/Eex=1.0011 H/H0=1.00012 div=1.20338e-15 minDetJ=0.99584
  rezone at k=55 (t=0.55): 1.53846 s (setup 0.557642, apply 0.928468, gauge 0), errB 0.0403691, div 1.20221e-15, label Newton resid 9.79772e-15 (mean its 3.25521)
k=60 t=0.6 errB=0.0403492 E/Eex=1.00103 H/H0=1.00011 div=1.20643e-15 minDetJ=0.988472
  rezone at k=60 (t=0.6): 1.59932 s (setup 0.592392, apply 0.958878, gauge 0), errB 0.0385407, div 1.23893e-15, label Newton resid 9.49241e-15 (mean its 3.15509)
k=65 t=0.65 errB=0.0385049 E/Eex=1.00085 H/H0=1.0001 div=1.24493e-15 minDetJ=0.983607
  rezone at k=65 (t=0.65): 2.23399 s (setup 1.11456, apply 1.07143, gauge 0), errB 0.036404, div 1.17541e-15, label Newton resid 7.54952e-15 (mean its 3.08912)
k=70 t=0.7 errB=0.0363551 E/Eex=1.00071 H/H0=1.00012 div=1.18153e-15 minDetJ=0.982111
  rezone at k=70 (t=0.7): 2.48901 s (setup 1.27407, apply 1.13984, gauge 0), errB 0.033473, div 1.21738e-15, label Newton resid 7.32747e-15 (mean its 2.9809)
k=75 t=0.75 errB=0.0334165 E/Eex=1.00051 H/H0=1.00013 div=1.22288e-15 minDetJ=0.983929
  rezone at k=75 (t=0.75): 2.18582 s (setup 1.11337, apply 1.02086, gauge 0), errB 0.0302429, div 1.19056e-15, label Newton resid 9.54792e-15 (mean its 2.81597)
k=80 t=0.8 errB=0.0301875 E/Eex=1.00028 H/H0=1.00012 div=1.19422e-15 minDetJ=0.988063
  rezone at k=80 (t=0.8): 2.37074 s (setup 1.16623, apply 1.15449, gauge 0), errB 0.0274653, div 1.20275e-15, label Newton resid 9.32587e-15 (mean its 2.76389)
k=85 t=0.85 errB=0.0274258 E/Eex=1.0001 H/H0=1.00011 div=1.20497e-15 minDetJ=0.992912
  rezone at k=85 (t=0.85): 2.10302 s (setup 1.07676, apply 0.975023, gauge 0), errB 0.0257277, div 1.23319e-15, label Newton resid 7.66227e-15 (mean its 2.58796)
k=90 t=0.9 errB=0.0257095 E/Eex=1 H/H0=1.00011 div=1.23409e-15 minDetJ=0.99692
  rezone at k=90 (t=0.9): 2.549 s (setup 1.32258, apply 1.17376, gauge 0), errB 0.0257104, div 1.22195e-15, label Newton resid 9.10383e-15 (mean its 2.29514)
k=95 t=0.95 errB=0.025706 E/Eex=1 H/H0=1.00012 div=1.22219e-15 minDetJ=0.99922
  rezone at k=95 (t=0.95): 1.9354 s (setup 0.707741, apply 1.17956, gauge 0), errB 0.0256835, div 1.20506e-15, label Newton resid 2.22045e-16 (mean its 1.85185)
k=100 t=1 errB=0.0256836 E/Eex=1.00001 H/H0=1.00013 div=1.20507e-15 minDetJ=0.999946
  rezone at k=100 (t=1): 1.94714 s (setup 0.744347, apply 1.16637, gauge 0), errB 0.0257201, div 1.24178e-15, label Newton resid 0 (mean its 0)
FINAL op=A_l2 gauge=none p=2 eps=3.0000e-01 rezones=20 b0=0: ||b_T-b_0||/||b_0||=1.1926e-02 errB(T)=2.5720e-02 E(T)/E(0)=1.0003e+00 H(T)/H(0)=1.0001e+00 flux_err=5.2736e-16 div=1.2418e-15 transfer_time=4.2556e+01 s, notfound=0, wall 9.4405e+01 s
