Options used:
   --N 8
   --order 2
   --geom-order 2
   --eps 0.3
   --steps 100
   --rezones 1
   --op A_l2
   --gauge none
   --field abc
   --no-b0
   --fv 1
   --every 1
   --csv results/exp5_parts/extra_p2_e0.3_r1_A_l2_none.csv.tmp
   --tag extra
   --no-selftest
t=0: errB=0.0227942 errA=0.00276252 E_B=39.4681 E_ex=39.4784 H=12.5566 minDetJ=1
k=10 t=0.1 errB=0.0227991 E/Eex=0.999739 H/H0=1 div=1.17842e-15 minDetJ=0.999097
k=20 t=0.2 errB=0.0228628 E/Eex=0.999734 H/H0=1 div=1.17545e-15 minDetJ=0.988186
k=30 t=0.3 errB=0.0230671 E/Eex=0.999719 H/H0=1 div=1.16701e-15 minDetJ=0.957601
k=40 t=0.4 errB=0.0233678 E/Eex=0.9997 H/H0=1 div=1.15629e-15 minDetJ=0.919025
k=50 t=0.5 errB=0.0235234 E/Eex=0.999691 H/H0=1 div=1.1513e-15 minDetJ=0.901025
k=60 t=0.6 errB=0.0233678 E/Eex=0.9997 H/H0=1 div=1.15629e-15 minDetJ=0.919025
k=70 t=0.7 errB=0.0230671 E/Eex=0.999719 H/H0=1 div=1.16701e-15 minDetJ=0.957601
k=80 t=0.8 errB=0.0228628 E/Eex=0.999734 H/H0=1 div=1.17545e-15 minDetJ=0.988186
k=90 t=0.9 errB=0.0227991 E/Eex=0.999739 H/H0=1 div=1.17842e-15 minDetJ=0.999097
k=100 t=1 errB=0.0227942 E/Eex=0.999739 H/H0=1 div=1.17866e-15 minDetJ=1
  rezone at k=100 (t=1): 0.617882 s (setup 0.221211, apply 0.381663, gauge 0), errB 0.0227942, div 1.19873e-15, label Newton resid 0 (mean its 0)
FINAL op=A_l2 gauge=none p=2 eps=3.0000e-01 rezones=1 b0=0: ||b_T-b_0||/||b_0||=1.8116e-14 errB(T)=2.2794e-02 E(T)/E(0)=1.0000e+00 H(T)/H(0)=1.0000e+00 flux_err=5.2736e-16 div=1.1987e-15 transfer_time=6.1788e-01 s, notfound=0, wall 2.8133e+01 s
