Options used:
   --N 8
   --order 2
   --geom-order 2
   --eps 0.3
   --steps 100
   --rezones 20
   --op B_l2c
   --gauge none
   --field abc
   --no-b0
   --fv 1
   --every 1
   --csv results/exp5_floors_parts/fl_p2_q2_e0.3_r20.csv
   --tag 
   --floors
   --no-selftest
rezone 1 t=0.05 floor on deformed source 0.0227945, on uniform target 0.0227957
rezone 2 t=0.1 floor on deformed source 0.0228002, on uniform target 0.0228168
rezone 3 t=0.15 floor on deformed source 0.0228343, on uniform target 0.0229008
rezone 4 t=0.2 floor on deformed source 0.0229413, on uniform target 0.0231013
rezone 5 t=0.25 floor on deformed source 0.0231718, on uniform target 0.0234646
rezone 6 t=0.3 floor on deformed source 0.0235656, on uniform target 0.0240081
rezone 7 t=0.35 floor on deformed source 0.0241306, on uniform target 0.0246932
rezone 8 t=0.4 floor on deformed source 0.0248166, on uniform target 0.0254025
rezone 9 t=0.45 floor on deformed source 0.0254966, on uniform target 0.0259517
rezone 10 t=0.5 floor on deformed source 0.0259872, on uniform target 0.0261602
rezone 11 t=0.55 floor on deformed source 0.0261248, on uniform target 0.0259517
rezone 12 t=0.6 floor on deformed source 0.0258583, on uniform target 0.0254025
rezone 13 t=0.65 floor on deformed source 0.0252818, on uniform target 0.0246932
rezone 14 t=0.7 floor on deformed source 0.024576, on uniform target 0.0240081
rezone 15 t=0.75 floor on deformed source 0.0239139, on uniform target 0.0234646
rezone 16 t=0.8 floor on deformed source 0.0234003, on uniform target 0.0231013
rezone 17 t=0.85 floor on deformed source 0.0230648, on uniform target 0.0229008
rezone 18 t=0.9 floor on deformed source 0.0228851, on uniform target 0.0228168
rezone 19 t=0.95 floor on deformed source 0.0228128, on uniform target 0.0227957
rezone 20 t=1 floor on deformed source 0.0227954, on uniform target 0.0227942
