Options used:
   --N 8
   --order 3
   --geom-order 3
   --eps 0.6
   --steps 100
   --rezones 5
   --op B_l2c
   --gauge none
   --field abc
   --no-b0
   --fv 1
   --every 1
   --csv results/exp5_floors_parts/fl_p3_q3_e0.6_r5.csv
   --tag 
   --floors
   --no-selftest
rezone 1 t=0.2 floor on deformed source 0.00153317, on uniform target 0.00183674
rezone 2 t=0.4 floor on deformed source 0.00208895, on uniform target 0.00865582
rezone 3 t=0.6 floor on deformed source 0.00865582, on uniform target 0.00865582
rezone 4 t=0.8 floor on deformed source 0.00763025, on uniform target 0.00183674
rezone 5 t=1 floor on deformed source 0.00180371, on uniform target 0.00151531
