Options used:
   --N 8
   --order 2
   --geom-order 2
   --eps 0.3
   --steps 100
   --rezones 5
   --op A_int
   --gauge coulomb_pre
   --field abc
   --no-b0
   --fv 1
   --every 1
   --csv results/exp5_parts/gpre_p2_e0.3_r5_A_int.csv.tmp
   --tag gpre
   --no-selftest
t=0: errB=0.0227942 errA=0.00276252 E_B=39.4681 E_ex=39.4784 H=12.5566 minDetJ=1
k=10 t=0.1 errB=0.0227991 E/Eex=0.999739 H/H0=1 div=1.17842e-15 minDetJ=0.999097
k=20 t=0.2 errB=0.0228628 E/Eex=0.999734 H/H0=1 div=1.17545e-15 minDetJ=0.988186
  rezone at k=20 (t=0.2): 4.35169 s (setup 1.54672, apply 0.723143, gauge 2.04634), errB 0.0249302, div 1.18384e-15, label Newton resid 9.32587e-15 (mean its 2.76389)
k=30 t=0.3 errB=0.0251213 E/Eex=0.999391 H/H0=0.999644 div=1.17523e-15 minDetJ=0.970021
k=40 t=0.4 errB=0.0253886 E/Eex=0.999339 H/H0=0.999644 div=1.16432e-15 minDetJ=0.931752
  rezone at k=40 (t=0.4): 4.97643 s (setup 1.84037, apply 0.719746, gauge 2.35282), errB 0.0312487, div 1.18659e-15, label Newton resid 9.49241e-15 (mean its 3.15509)
k=50 t=0.5 errB=0.0313467 E/Eex=0.998682 H/H0=0.999069 div=1.18132e-15 minDetJ=0.981201
k=60 t=0.6 errB=0.0312487 E/Eex=0.998746 H/H0=0.999069 div=1.18659e-15 minDetJ=1
  rezone at k=60 (t=0.6): 3.25923 s (setup 0.671246, apply 0.584894, gauge 1.9541), errB 0.0312487, div 1.22322e-15, label Newton resid 9.49241e-15 (mean its 3.15509)
k=70 t=0.7 errB=0.0310754 E/Eex=0.998905 H/H0=0.999069 div=1.23541e-15 minDetJ=0.966118
k=80 t=0.8 errB=0.0309946 E/Eex=0.999083 H/H0=0.999069 div=1.24503e-15 minDetJ=0.939941
  rezone at k=80 (t=0.8): 4.62604 s (setup 1.54594, apply 0.703159, gauge 2.32764), errB 0.0257444, div 1.21201e-15, label Newton resid 9.32587e-15 (mean its 2.76389)
k=90 t=0.9 errB=0.0257251 E/Eex=0.998552 H/H0=0.998701 div=1.21529e-15 minDetJ=0.989989
k=100 t=1 errB=0.025733 E/Eex=0.998604 H/H0=0.998701 div=1.21556e-15 minDetJ=0.989389
  rezone at k=100 (t=1): 3.92835 s (setup 1.44714, apply 0.588193, gauge 1.87389), errB 0.0275006, div 1.20727e-15, label Newton resid 0 (mean its 0)
FINAL op=A_int gauge=coulomb_pre p=2 eps=3.0000e-01 rezones=5 b0=0: ||b_T-b_0||/||b_0||=1.5269e-02 errB(T)=2.7501e-02 E(T)/E(0)=9.9877e-01 H(T)/H(0)=9.9851e-01 flux_err=1.5613e-16 div=1.2073e-15 transfer_time=2.1142e+01 s, notfound=0, wall 6.4973e+01 s
