Options used:
   --N 8
   --order 2
   --geom-order 2
   --eps 0.3
   --steps 100
   --rezones 5
   --op A_l2
   --gauge coulomb_pre
   --field abc
   --no-b0
   --fv 1
   --every 1
   --csv results/exp5_parts/gpre_p2_e0.3_r5_A_l2.csv.tmp
   --tag gpre
   --no-selftest
t=0: errB=0.0227942 errA=0.00276252 E_B=39.4681 E_ex=39.4784 H=12.5566 minDetJ=1
k=10 t=0.1 errB=0.0227991 E/Eex=0.999739 H/H0=1 div=1.17842e-15 minDetJ=0.999097
k=20 t=0.2 errB=0.0228628 E/Eex=0.999734 H/H0=1 div=1.17545e-15 minDetJ=0.988186
  rezone at k=20 (t=0.2): 4.98184 s (setup 1.27546, apply 1.12606, gauge 2.52999), errB 0.0250207, div 1.17821e-15, label Newton resid 9.32587e-15 (mean its 2.76389)
k=30 t=0.3 errB=0.0252062 E/Eex=0.99982 H/H0=0.999988 div=1.16967e-15 minDetJ=0.970021
k=40 t=0.4 errB=0.0254684 E/Eex=0.999802 H/H0=0.999988 div=1.15884e-15 minDetJ=0.931752
  rezone at k=40 (t=0.4): 4.37454 s (setup 1.28015, apply 1.03877, gauge 2.00314), errB 0.0328705, div 1.2016e-15, label Newton resid 9.49241e-15 (mean its 3.15509)
k=50 t=0.5 errB=0.0329469 E/Eex=1.00023 H/H0=0.999987 div=1.19613e-15 minDetJ=0.981201
k=60 t=0.6 errB=0.0328705 E/Eex=1.00024 H/H0=0.999987 div=1.2016e-15 minDetJ=1
  rezone at k=60 (t=0.6): 3.72096 s (setup 0.485617, apply 1.18354, gauge 1.99819), errB 0.0328705, div 1.21117e-15, label Newton resid 9.49241e-15 (mean its 3.15509)
k=70 t=0.7 errB=0.0327475 E/Eex=1.00026 H/H0=0.999987 div=1.22281e-15 minDetJ=0.966118
k=80 t=0.8 errB=0.0327177 E/Eex=1.00027 H/H0=0.999987 div=1.23198e-15 minDetJ=0.939941
  rezone at k=80 (t=0.8): 4.58628 s (setup 1.31692, apply 0.944126, gauge 2.26396), errB 0.0250725, div 1.21137e-15, label Newton resid 9.32587e-15 (mean its 2.76389)
k=90 t=0.9 errB=0.0250421 E/Eex=0.999856 H/H0=1 div=1.21454e-15 minDetJ=0.989989
k=100 t=1 errB=0.0250464 E/Eex=0.999857 H/H0=1 div=1.21479e-15 minDetJ=0.989389
  rezone at k=100 (t=1): 3.49229 s (setup 1.25463, apply 0.937877, gauge 1.26875), errB 0.0263204, div 1.23157e-15, label Newton resid 0 (mean its 0)
FINAL op=A_l2 gauge=coulomb_pre p=2 eps=3.0000e-01 rezones=5 b0=0: ||b_T-b_0||/||b_0||=1.3139e-02 errB(T)=2.6320e-02 E(T)/E(0)=1.0002e+00 H(T)/H(0)=1.0000e+00 flux_err=7.6328e-16 div=1.2316e-15 transfer_time=2.1156e+01 s, notfound=0, wall 6.5277e+01 s
