Options used:
   --N 8
   --order 2
   --geom-order 2
   --eps 0.6
   --steps 100
   --rezones 20
   --op A_l2
   --gauge coulomb_pre
   --field abc
   --no-b0
   --fv 1
   --every 1
   --csv results/exp5_parts/gpre_p2_e0.6_r20_A_l2.csv.tmp
   --tag gpre
   --no-selftest
t=0: errB=0.0227942 errA=0.00276252 E_B=39.4681 E_ex=39.4784 H=12.5566 minDetJ=1
k=5 t=0.05 errB=0.0227955 E/Eex=0.999739 H/H0=1 div=1.1786e-15 minDetJ=0.999763
  rezone at k=5 (t=0.05): 3.64891 s (setup 0.736405, apply 0.850626, gauge 2.01497), errB 0.0228461, div 1.20408e-15, label Newton resid 9.54792e-15 (mean its 1.88079)
k=10 t=0.1 errB=0.0228667 E/Eex=0.999743 H/H0=1 div=1.20318e-15 minDetJ=0.99669
  rezone at k=10 (t=0.1): 4.19301 s (setup 1.25229, apply 0.943234, gauge 1.93424), errB 0.0235755, div 1.21506e-15, label Newton resid 3.9968e-15 (mean its 2.58796)
k=15 t=0.15 errB=0.0236593 E/Eex=0.999783 H/H0=1.00001 div=1.21127e-15 minDetJ=0.987131
  rezone at k=15 (t=0.15): 4.95703 s (setup 1.58136, apply 1.15701, gauge 2.16818), errB 0.0259653, div 1.173e-15, label Newton resid 2.88658e-15 (mean its 2.77778)
k=20 t=0.2 errB=0.0261414 E/Eex=0.999892 H/H0=1 div=1.16426e-15 minDetJ=0.970087
  rezone at k=20 (t=0.2): 5.0816 s (setup 1.55009, apply 1.1546, gauge 2.3138), errB 0.0301284, div 1.19551e-15, label Newton resid 9.10383e-15 (mean its 2.99653)
k=25 t=0.25 errB=0.0303846 E/Eex=1.00008 H/H0=0.99999 div=1.1806e-15 minDetJ=0.947637
  rezone at k=25 (t=0.25): 5.04456 s (setup 1.53521, apply 1.15211, gauge 2.29339), errB 0.0354618, div 1.19448e-15, label Newton resid 9.99201e-15 (mean its 3.28646)
k=30 t=0.3 errB=0.0358061 E/Eex=1.0003 H/H0=0.999961 div=1.17173e-15 minDetJ=0.924318
  rezone at k=30 (t=0.3): 4.74917 s (setup 1.34129, apply 0.951085, gauge 2.3889), errB 0.0417195, div 1.14818e-15, label Newton resid 5.71765e-15 (mean its 3.57581)
k=35 t=0.35 errB=0.0422533 E/Eex=1.00054 H/H0=0.999915 div=1.12391e-15 minDetJ=0.906733
  rezone at k=35 (t=0.35): 5.16708 s (setup 1.53946, apply 1.20616, gauge 2.35707), errB 0.0494342, div 1.17754e-15, label Newton resid 9.76996e-15 (mean its 3.75116)
k=40 t=0.4 errB=0.0502687 E/Eex=1.00085 H/H0=0.999851 div=1.15207e-15 minDetJ=0.903643
  rezone at k=40 (t=0.4): 5.16608 s (setup 1.55481, apply 1.18449, gauge 2.35385), errB 0.0588436, div 1.10916e-15, label Newton resid 9.82547e-15 (mean its 3.84028)
k=45 t=0.45 errB=0.0597875 E/Eex=1.0014 H/H0=0.999785 div=1.09168e-15 minDetJ=0.924222
  rezone at k=45 (t=0.45): 4.50914 s (setup 1.28519, apply 0.992568, gauge 2.16454), errB 0.0677492, div 1.12406e-15, label Newton resid 9.99201e-15 (mean its 3.88773)
k=50 t=0.5 errB=0.0681967 E/Eex=1.00232 H/H0=0.999797 div=1.11739e-15 minDetJ=0.970554
  rezone at k=50 (t=0.5): 4.1773 s (setup 0.749264, apply 1.14131, gauge 2.23699), errB 0.0713438, div 1.10584e-15, label Newton resid 5.66214e-15 (mean its 3.93808)
k=55 t=0.55 errB=0.0708797 E/Eex=1.00286 H/H0=0.999847 div=1.11261e-15 minDetJ=0.986756
  rezone at k=55 (t=0.55): 4.22062 s (setup 0.702736, apply 1.16674, gauge 2.28346), errB 0.067795, div 1.09601e-15, label Newton resid 9.99201e-15 (mean its 3.88773)
k=60 t=0.6 errB=0.0667832 E/Eex=1.0027 H/H0=0.999824 div=1.1132e-15 minDetJ=0.962952
  rezone at k=60 (t=0.6): 5.47641 s (setup 1.63779, apply 1.26801, gauge 2.50545), errB 0.0586512, div 1.12506e-15, label Newton resid 9.82547e-15 (mean its 3.84028)
k=65 t=0.65 errB=0.0577498 E/Eex=1.0019 H/H0=0.999893 div=1.15051e-15 minDetJ=0.94592
  rezone at k=65 (t=0.65): 5.32174 s (setup 1.58501, apply 1.21697, gauge 2.43727), errB 0.0482598, div 1.18431e-15, label Newton resid 9.76996e-15 (mean its 3.75116)
k=70 t=0.7 errB=0.0477326 E/Eex=1.00098 H/H0=0.999875 div=1.2117e-15 minDetJ=0.938657
  rezone at k=70 (t=0.7): 5.35628 s (setup 1.47052, apply 1.06265, gauge 2.75362), errB 0.0397526, div 1.17745e-15, label Newton resid 5.71765e-15 (mean its 3.57581)
k=75 t=0.75 errB=0.0395067 E/Eex=1.00033 H/H0=0.99983 div=1.19857e-15 minDetJ=0.942368
  rezone at k=75 (t=0.75): 5.38555 s (setup 1.57196, apply 1.21988, gauge 2.52989), errB 0.0345442, div 1.20709e-15, label Newton resid 9.99201e-15 (mean its 3.28646)
k=80 t=0.8 errB=0.0344392 E/Eex=1.00001 H/H0=0.999788 div=1.2234e-15 minDetJ=0.955316
  rezone at k=80 (t=0.8): 5.18478 s (setup 1.56673, apply 1.16759, gauge 2.37513), errB 0.0323363, div 1.20156e-15, label Newton resid 9.10383e-15 (mean its 2.99653)
k=85 t=0.85 errB=0.0322953 E/Eex=0.999908 H/H0=0.999758 div=1.21035e-15 minDetJ=0.972558
  rezone at k=85 (t=0.85): 4.86944 s (setup 1.55149, apply 1.13062, gauge 2.12117), errB 0.0321072, div 1.19835e-15, label Newton resid 2.94209e-15 (mean its 2.77778)
k=90 t=0.9 errB=0.0320961 E/Eex=0.999925 H/H0=0.999734 div=1.20202e-15 minDetJ=0.987821
  rezone at k=90 (t=0.9): 5.51906 s (setup 1.61258, apply 1.23645, gauge 2.59422), errB 0.0328615, div 1.19971e-15, label Newton resid 3.9968e-15 (mean its 2.58796)
k=95 t=0.95 errB=0.032861 E/Eex=0.999995 H/H0=0.999722 div=1.20067e-15 minDetJ=0.996886
  rezone at k=95 (t=0.95): 5.17086 s (setup 1.58477, apply 1.04426, gauge 2.46867), errB 0.0339829, div 1.20105e-15, label Newton resid 9.54792e-15 (mean its 1.88079)
k=100 t=1 errB=0.0339834 E/Eex=1.00009 H/H0=0.999734 div=1.20111e-15 minDetJ=0.999785
  rezone at k=100 (t=1): 3.69342 s (setup 0.789591, apply 1.04409, gauge 1.82599), errB 0.0345496, div 1.22586e-15, label Newton resid 0 (mean its 0)
FINAL op=A_l2 gauge=coulomb_pre p=2 eps=6.0000e-01 rezones=20 b0=0: ||b_T-b_0||/||b_0||=2.6112e-02 errB(T)=3.4550e-02 E(T)/E(0)=1.0004e+00 H(T)/H(0)=9.9974e-01 flux_err=4.9960e-16 div=1.2259e-15 transfer_time=9.6892e+01 s, notfound=0, wall 1.5215e+02 s
