Options used:
   --N 8
   --order 3
   --geom-order 2
   --eps 0.6
   --steps 100
   --rezones 5
   --op A_l2
   --gauge coulomb_pre
   --field abc
   --no-b0
   --fv 1
   --every 5
   --csv results/exp5_parts/gpre_p3_e0.6_r5_A_l2.csv.tmp
   --tag gpre
   --no-selftest
t=0: errB=0.00151531 errA=0.000125506 E_B=39.4784 E_ex=39.4784 H=12.5663 minDetJ=1
k=10 t=0.1 errB=0.0017856 E/Eex=0.999997 H/H0=1 div=3.11373e-15 minDetJ=0.99639
k=20 t=0.2 errB=0.00383713 E/Eex=0.999974 H/H0=1 div=3.08152e-15 minDetJ=0.952744
  rezone at k=20 (t=0.2): 24.2294 s (setup 2.23209, apply 2.31713, gauge 19.617), errB 0.0044455, div 3.1293e-15, label Newton resid 9.10383e-15 (mean its 2.99653)
k=30 t=0.3 errB=0.00698159 E/Eex=0.999878 H/H0=1 div=3.03506e-15 minDetJ=0.875321
k=40 t=0.4 errB=0.0105789 E/Eex=0.999703 H/H0=1 div=2.92106e-15 minDetJ=0.71605
  rezone at k=40 (t=0.4): 23.7478 s (setup 2.57249, apply 2.42602, gauge 18.6857), errB 0.0137536, div 2.94943e-15, label Newton resid 9.82547e-15 (mean its 3.84028)
k=50 t=0.5 errB=0.0152863 E/Eex=0.999411 H/H0=1 div=2.88493e-15 minDetJ=0.896684
k=60 t=0.6 errB=0.0137536 E/Eex=0.999733 H/H0=1 div=2.94943e-15 minDetJ=1
  rezone at k=60 (t=0.6): 21.2223 s (setup 0.712333, apply 2.20242, gauge 18.2293), errB 0.0137536, div 2.91186e-15, label Newton resid 9.82547e-15 (mean its 3.84028)
k=70 t=0.7 errB=0.015567 E/Eex=1.00019 H/H0=1 div=3.05044e-15 minDetJ=0.888024
k=80 t=0.8 errB=0.0224472 E/Eex=1.00053 H/H0=1 div=3.16366e-15 minDetJ=0.80042
  rezone at k=80 (t=0.8): 12.3848 s (setup 1.44632, apply 1.18363, gauge 9.7282), errB 0.0194221, div 3.11984e-15, label Newton resid 9.10383e-15 (mean its 2.99653)
k=90 t=0.9 errB=0.0194874 E/Eex=1.00039 H/H0=1 div=3.15353e-15 minDetJ=0.961186
k=100 t=1 errB=0.0196649 E/Eex=1.00038 H/H0=1 div=3.15624e-15 minDetJ=0.958775
  rezone at k=100 (t=1): 12.0951 s (setup 1.25971, apply 1.39571, gauge 9.41795), errB 0.0179647, div 3.14544e-15, label Newton resid 0 (mean its 0)
FINAL op=A_l2 gauge=coulomb_pre p=3 eps=6.0000e-01 rezones=5 b0=0: ||b_T-b_0||/||b_0||=1.7900e-02 errB(T)=1.7965e-02 E(T)/E(0)=1.0003e+00 H(T)/H(0)=1.0000e+00 flux_err=2.7756e-16 div=3.1454e-15 transfer_time=9.3679e+01 s, notfound=0, wall 1.1870e+02 s
