Options used:
   --N 8
   --order 3
   --geom-order 2
   --eps 0.3
   --steps 100
   --rezones 0
   --op A_int
   --gauge none
   --field abc
   --no-b0
   --fv 1
   --every 1
   --csv results/exp5_parts/lag_p3_e0.3.csv.tmp
   --tag lag
   --no-selftest
t=0: errB=0.00151531 errA=0.000125506 E_B=39.4784 E_ex=39.4784 H=12.5663 minDetJ=1
k=10 t=0.1 errB=0.00158661 E/Eex=0.999999 H/H0=1 div=3.11569e-15 minDetJ=0.999097
k=20 t=0.2 errB=0.00229408 E/Eex=0.999993 H/H0=1 div=3.10773e-15 minDetJ=0.988186
k=30 t=0.3 errB=0.0036583 E/Eex=0.999977 H/H0=1 div=3.08512e-15 minDetJ=0.957601
k=40 t=0.4 errB=0.00494101 E/Eex=0.999955 H/H0=1 div=3.05653e-15 minDetJ=0.919025
k=50 t=0.5 errB=0.00546605 E/Eex=0.999944 H/H0=1 div=3.04323e-15 minDetJ=0.901025
k=60 t=0.6 errB=0.00494101 E/Eex=0.999955 H/H0=1 div=3.05653e-15 minDetJ=0.919025
k=70 t=0.7 errB=0.0036583 E/Eex=0.999977 H/H0=1 div=3.08512e-15 minDetJ=0.957601
k=80 t=0.8 errB=0.00229408 E/Eex=0.999993 H/H0=1 div=3.10773e-15 minDetJ=0.988186
k=90 t=0.9 errB=0.00158661 E/Eex=0.999999 H/H0=1 div=3.11569e-15 minDetJ=0.999097
k=100 t=1 errB=0.00151531 E/Eex=0.999999 H/H0=1 div=3.11634e-15 minDetJ=1
FINAL op=A_int gauge=none p=3 eps=3.0000e-01 rezones=0 b0=0: ||b_T-b_0||/||b_0||=0.0000e+00 errB(T)=1.5153e-03 E(T)/E(0)=1.0000e+00 H(T)/H(0)=1.0000e+00 flux_err=4.3021e-16 div=3.1163e-15 transfer_time=0.0000e+00 s, notfound=0, wall 1.2525e+02 s
