Options used:
   --N 8
   --order 2
   --geom-order 2
   --eps 0.3
   --steps 100
   --rezones 20
   --op A_int
   --gauge coulomb
   --field abc
   --no-b0
   --fv 1
   --every 1
   --csv results/exp5_parts/main_p2_e0.3_r20_A_int_coulomb.csv.tmp
   --tag main
   --no-selftest
t=0: errB=0.0227942 errA=0.00276252 E_B=39.4681 E_ex=39.4784 H=12.5566 minDetJ=1
k=5 t=0.05 errB=0.0227945 E/Eex=0.999739 H/H0=1 div=1.17864e-15 minDetJ=0.999941
  rezone at k=5 (t=0.05): 4.92236 s (setup 1.78845, apply 0.667414, gauge 0.12725), errB 0.0228123, div 1.22488e-15, label Newton resid 2.22045e-16 (mean its 1.85185)
k=10 t=0.1 errB=0.0228176 E/Eex=0.99971 H/H0=0.99997 div=1.22463e-15 minDetJ=0.999173
  rezone at k=10 (t=0.1): 5.05575 s (setup 1.80974, apply 0.702009, gauge 0.14324), errB 0.0230187, div 1.19832e-15, label Newton resid 9.10383e-15 (mean its 2.29514)
k=15 t=0.15 errB=0.0230407 E/Eex=0.999632 H/H0=0.999886 div=1.19742e-15 minDetJ=0.996792
  rezone at k=15 (t=0.15): 2.78219 s (setup 1.80698, apply 0.688757, gauge 0.111485), errB 0.0237022, div 1.19264e-15, label Newton resid 7.66227e-15 (mean its 2.58796)
k=20 t=0.2 errB=0.0237524 E/Eex=0.999524 H/H0=0.999762 div=1.19051e-15 minDetJ=0.992622
  rezone at k=20 (t=0.2): 2.425 s (setup 1.60983, apply 0.561339, gauge 0.0873632), errB 0.0249742, div 1.21154e-15, label Newton resid 9.32587e-15 (mean its 2.76389)
k=25 t=0.25 errB=0.025055 E/Eex=0.99939 H/H0=0.999611 div=1.20774e-15 minDetJ=0.987405
  rezone at k=25 (t=0.25): 1.71838 s (setup 0.947301, apply 0.544623, gauge 0.0948806), errB 0.0266866, div 1.19864e-15, label Newton resid 9.49241e-15 (mean its 2.81597)
k=30 t=0.3 errB=0.0267895 E/Eex=0.999218 H/H0=0.999441 div=1.19359e-15 minDetJ=0.982604
  rezone at k=30 (t=0.3): 2.24538 s (setup 1.45904, apply 0.542566, gauge 0.0951792), errB 0.0285788, div 1.21903e-15, label Newton resid 7.32747e-15 (mean its 2.9809)
k=35 t=0.35 errB=0.02869 E/Eex=0.999003 H/H0=0.999259 div=1.21328e-15 minDetJ=0.979968
  rezone at k=35 (t=0.35): 2.28485 s (setup 1.48607, apply 0.543175, gauge 0.103288), errB 0.0304182, div 1.22004e-15, label Newton resid 7.54952e-15 (mean its 3.08912)
k=40 t=0.4 errB=0.0305202 E/Eex=0.998768 H/H0=0.999083 div=1.21426e-15 minDetJ=0.980971
  rezone at k=40 (t=0.4): 2.42864 s (setup 1.6244, apply 0.562484, gauge 0.0957067), errB 0.0319909, div 1.192e-15, label Newton resid 9.49241e-15 (mean its 3.15509)
k=45 t=0.45 errB=0.0320638 E/Eex=0.998569 H/H0=0.998936 div=1.188e-15 minDetJ=0.986207
  rezone at k=45 (t=0.45): 2.31818 s (setup 1.47162, apply 0.596158, gauge 0.104061), errB 0.0330526, div 1.19393e-15, label Newton resid 9.79772e-15 (mean its 3.25521)
k=50 t=0.5 errB=0.0330792 E/Eex=0.99844 H/H0=0.99884 div=1.19249e-15 minDetJ=0.994936
  rezone at k=50 (t=0.5): 2.70536 s (setup 1.784, apply 0.654773, gauge 0.105124), errB 0.0334372, div 1.2219e-15, label Newton resid 9.99201e-15 (mean its 3.28646)
k=55 t=0.55 errB=0.0334109 E/Eex=0.998419 H/H0=0.998805 div=1.22337e-15 minDetJ=0.99584
  rezone at k=55 (t=0.55): 2.65342 s (setup 1.69738, apply 0.668476, gauge 0.0993358), errB 0.0325132, div 1.19822e-15, label Newton resid 9.79772e-15 (mean its 3.25521)
k=60 t=0.6 errB=0.0324404 E/Eex=0.998373 H/H0=0.998774 div=1.20227e-15 minDetJ=0.988472
  rezone at k=60 (t=0.6): 2.75513 s (setup 1.84052, apply 0.668684, gauge 0.0964378), errB 0.0301366, div 1.21141e-15, label Newton resid 9.49241e-15 (mean its 3.15509)
k=65 t=0.65 errB=0.0300297 E/Eex=0.99821 H/H0=0.998694 div=1.21705e-15 minDetJ=0.983607
  rezone at k=65 (t=0.65): 2.72077 s (setup 1.81159, apply 0.641233, gauge 0.0959428), errB 0.027384, div 1.20454e-15, label Newton resid 7.54952e-15 (mean its 3.08912)
k=70 t=0.7 errB=0.0272664 E/Eex=0.998039 H/H0=0.998593 div=1.2106e-15 minDetJ=0.982111
  rezone at k=70 (t=0.7): 2.79788 s (setup 1.81034, apply 0.702105, gauge 0.0987245), errB 0.0253489, div 1.1983e-15, label Newton resid 7.32747e-15 (mean its 2.9809)
k=75 t=0.75 errB=0.0252519 E/Eex=0.997951 H/H0=0.998492 div=1.2035e-15 minDetJ=0.983929
  rezone at k=75 (t=0.75): 2.90408 s (setup 1.92182, apply 0.68919, gauge 0.112015), errB 0.0245719, div 1.19989e-15, label Newton resid 9.54792e-15 (mean its 2.81597)
k=80 t=0.8 errB=0.0245146 E/Eex=0.997951 H/H0=0.998393 div=1.2036e-15 minDetJ=0.988063
  rezone at k=80 (t=0.8): 2.86621 s (setup 1.9141, apply 0.672468, gauge 0.100345), errB 0.0248318, div 1.23021e-15, label Newton resid 9.32587e-15 (mean its 2.76389)
k=85 t=0.85 errB=0.0248105 E/Eex=0.997996 H/H0=0.998298 div=1.23235e-15 minDetJ=0.992912
  rezone at k=85 (t=0.85): 2.63356 s (setup 1.68883, apply 0.670836, gauge 0.109893), errB 0.0255792, div 1.24832e-15, label Newton resid 7.66227e-15 (mean its 2.58796)
k=90 t=0.9 errB=0.025578 E/Eex=0.998041 H/H0=0.998214 div=1.24923e-15 minDetJ=0.99692
  rezone at k=90 (t=0.9): 2.65523 s (setup 1.67815, apply 0.702232, gauge 0.110852), errB 0.0263546, div 1.21096e-15, label Newton resid 9.10383e-15 (mean its 2.29514)
k=95 t=0.95 errB=0.0263596 E/Eex=0.998058 H/H0=0.998139 div=1.2112e-15 minDetJ=0.99922
  rezone at k=95 (t=0.95): 2.928 s (setup 1.90394, apply 0.734624, gauge 0.114224), errB 0.0269219, div 1.20858e-15, label Newton resid 2.22045e-16 (mean its 1.85185)
k=100 t=1 errB=0.0269245 E/Eex=0.998052 H/H0=0.998087 div=1.20859e-15 minDetJ=0.999946
  rezone at k=100 (t=1): 2.22432 s (setup 1.43803, apply 0.557155, gauge 0.0962371), errB 0.0271287, div 1.21656e-15, label Newton resid 0 (mean its 0)
FINAL op=A_int gauge=coulomb p=2 eps=3.0000e-01 rezones=20 b0=0: ||b_T-b_0||/||b_0||=1.4597e-02 errB(T)=2.7129e-02 E(T)/E(0)=9.9830e-01 H(T)/H(0)=9.9807e-01 flux_err=4.8572e-16 div=1.2166e-15 transfer_time=5.6025e+01 s, notfound=0, wall 1.0711e+02 s
