Options used:
   --N 8
   --order 2
   --geom-order 2
   --eps 0.3
   --steps 100
   --rezones 2
   --op A_int
   --gauge coulomb
   --field abc
   --no-b0
   --fv 1
   --every 1
   --csv results/exp5_parts/main_p2_e0.3_r2_A_int_coulomb.csv.tmp
   --tag main
   --no-selftest
t=0: errB=0.0227942 errA=0.00276252 E_B=39.4681 E_ex=39.4784 H=12.5566 minDetJ=1
k=10 t=0.1 errB=0.0227991 E/Eex=0.999739 H/H0=1 div=1.17842e-15 minDetJ=0.999097
k=20 t=0.2 errB=0.0228628 E/Eex=0.999734 H/H0=1 div=1.17545e-15 minDetJ=0.988186
k=30 t=0.3 errB=0.0230671 E/Eex=0.999719 H/H0=1 div=1.16701e-15 minDetJ=0.957601
k=40 t=0.4 errB=0.0233678 E/Eex=0.9997 H/H0=1 div=1.15629e-15 minDetJ=0.919025
k=50 t=0.5 errB=0.0235234 E/Eex=0.999691 H/H0=1 div=1.1513e-15 minDetJ=0.901025
  rezone at k=50 (t=0.5): 4.37708 s (setup 1.37421, apply 0.625939, gauge 0.131885), errB 0.0307274, div 1.21369e-15, label Newton resid 9.99201e-15 (mean its 3.28646)
k=60 t=0.6 errB=0.0306226 E/Eex=0.998854 H/H0=0.999215 div=1.21908e-15 minDetJ=0.984371
k=70 t=0.7 errB=0.0304431 E/Eex=0.999016 H/H0=0.999215 div=1.23067e-15 minDetJ=0.951168
k=80 t=0.8 errB=0.0303772 E/Eex=0.999195 H/H0=0.999215 div=1.23982e-15 minDetJ=0.925553
k=90 t=0.9 errB=0.0304282 E/Eex=0.999328 H/H0=0.999215 div=1.24304e-15 minDetJ=0.917312
k=100 t=1 errB=0.0304702 E/Eex=0.999376 H/H0=0.999215 div=1.24331e-15 minDetJ=0.917111
  rezone at k=100 (t=1): 3.78706 s (setup 0.785153, apply 0.704838, gauge 0.127613), errB 0.0292964, div 1.20199e-15, label Newton resid 0 (mean its 0)
FINAL op=A_int gauge=coulomb p=2 eps=3.0000e-01 rezones=2 b0=0: ||b_T-b_0||/||b_0||=1.8291e-02 errB(T)=2.9296e-02 E(T)/E(0)=9.9917e-01 H(T)/H(0)=9.9880e-01 flux_err=4.3021e-16 div=1.2020e-15 transfer_time=8.1641e+00 s, notfound=0, wall 5.0243e+01 s
