Options used:
   --N 8
   --order 3
   --geom-order 2
   --eps 0.6
   --steps 100
   --rezones 2
   --op A_int
   --gauge none
   --field abc
   --no-b0
   --fv 1
   --every 2
   --csv results/exp5_parts/main_p3_e0.6_r2_A_int_none.csv.tmp
   --tag main
   --no-selftest
t=0: errB=0.00151531 errA=0.000125506 E_B=39.4784 E_ex=39.4784 H=12.5663 minDetJ=1
k=10 t=0.1 errB=0.0017856 E/Eex=0.999997 H/H0=1 div=3.11373e-15 minDetJ=0.99639
k=20 t=0.2 errB=0.00383713 E/Eex=0.999974 H/H0=1 div=3.08152e-15 minDetJ=0.952744
k=30 t=0.3 errB=0.00732451 E/Eex=0.9999 H/H0=1 div=2.99164e-15 minDetJ=0.830404
k=40 t=0.4 errB=0.0112095 E/Eex=0.999792 H/H0=1 div=2.88316e-15 minDetJ=0.676101
k=50 t=0.5 errB=0.0132429 E/Eex=0.99974 H/H0=1 div=2.83476e-15 minDetJ=0.604102
  rezone at k=50 (t=0.5): 8.5664 s (setup 5.24212, apply 3.29001, gauge 0), errB 0.0177401, div 3.08584e-15, label Newton resid 5.66214e-15 (mean its 3.93808)
k=60 t=0.6 errB=0.0181114 E/Eex=0.999968 H/H0=0.999946 div=3.15421e-15 minDetJ=0.950208
k=70 t=0.7 errB=0.0249485 E/Eex=1.00066 H/H0=0.999946 div=3.30468e-15 minDetJ=0.843917
k=80 t=0.8 errB=0.0363198 E/Eex=1.00136 H/H0=0.999946 div=3.42762e-15 minDetJ=0.760663
k=90 t=0.9 errB=0.0459174 E/Eex=1.00208 H/H0=0.999946 div=3.47142e-15 minDetJ=0.732248
k=100 t=1 errB=0.0496514 E/Eex=1.0024 H/H0=0.999946 div=3.47489e-15 minDetJ=0.730587
  rezone at k=100 (t=1): 9.98805 s (setup 6.31055, apply 3.64558, gauge 0), errB 0.0531545, div 3.20139e-15, label Newton resid 0 (mean its 0)
FINAL op=A_int gauge=none p=3 eps=6.0000e-01 rezones=2 b0=0: ||b_T-b_0||/||b_0||=5.3133e-02 errB(T)=5.3155e-02 E(T)/E(0)=1.0022e+00 H(T)/H(0)=9.9934e-01 flux_err=7.2164e-16 div=3.2014e-15 transfer_time=1.8554e+01 s, notfound=0, wall 7.8678e+01 s
