Options used:
   --N 8
   --order 3
   --geom-order 2
   --eps 0.3
   --steps 100
   --rezones 5
   --op B_l2c
   --gauge none
   --field abc
   --no-b0
   --fv 1
   --every 2
   --csv results/exp5_parts/main_p3_e0.3_r5_B_l2c_none.csv.tmp
   --tag main
   --no-selftest
t=0: errB=0.00151531 errA=nan E_B=39.4784 E_ex=39.4784 H=nan minDetJ=1
k=10 t=0.1 errB=0.00158661 E/Eex=0.999999 H/H0=nan div=3.11569e-15 minDetJ=0.999097
k=20 t=0.2 errB=0.00229408 E/Eex=0.999993 H/H0=nan div=3.10773e-15 minDetJ=0.988186
  rezone at k=20 (t=0.2): 16.0731 s (setup 1.9997, apply 14.0376, gauge 0), errB 0.00233679, div 1.22587e-15, label Newton resid 9.32587e-15 (mean its 2.76389)
k=30 t=0.3 errB=0.00354918 E/Eex=0.99998 H/H0=nan div=1.21702e-15 minDetJ=0.970021
k=40 t=0.4 errB=0.00477182 E/Eex=0.999958 H/H0=nan div=1.20582e-15 minDetJ=0.931752
  rezone at k=40 (t=0.4): 12.4002 s (setup 2.41739, apply 9.90108, gauge 0), errB 0.00445098, div 1.81825e-15, label Newton resid 9.49241e-15 (mean its 3.15509)
k=50 t=0.5 errB=0.00480991 E/Eex=0.999898 H/H0=nan div=1.80969e-15 minDetJ=0.981201
k=60 t=0.6 errB=0.00445098 E/Eex=0.999914 H/H0=nan div=1.81825e-15 minDetJ=1
  rezone at k=60 (t=0.6): 3.08522 s (setup 0.815318, apply 2.20553, gauge 0), errB 0.00445098, div 1.38295e-14, label Newton resid 9.49241e-15 (mean its 3.15509)
k=70 t=0.7 errB=0.00389793 E/Eex=0.999948 H/H0=nan div=1.39382e-14 minDetJ=0.966118
k=80 t=0.8 errB=0.0041009 E/Eex=0.999977 H/H0=nan div=1.4024e-14 minDetJ=0.939941
  rezone at k=80 (t=0.8): 11.5639 s (setup 2.08835, apply 9.41426, gauge 0), errB 0.0032319, div 3.45899e-15, label Newton resid 9.32587e-15 (mean its 2.76389)
k=90 t=0.9 errB=0.00298236 E/Eex=0.99998 H/H0=nan div=3.46769e-15 minDetJ=0.989989
k=100 t=1 errB=0.00302992 E/Eex=0.999978 H/H0=nan div=3.4684e-15 minDetJ=0.989389
  rezone at k=100 (t=1): 11.959 s (setup 2.25, apply 9.67625, gauge 0), errB 0.00281679, div 1.26573e-15, label Newton resid 0 (mean its 0)
FINAL op=B_l2c gauge=none p=3 eps=3.0000e-01 rezones=5 b0=0: ||b_T-b_0||/||b_0||=2.3799e-03 errB(T)=2.8168e-03 E(T)/E(0)=1.0000e+00 H(T)/H(0)=nan flux_err=9.7283e-15 div=1.2657e-15 transfer_time=5.5081e+01 s, notfound=0, wall 9.8357e+01 s
