Options used:
   --N 8
   --order 2
   --geom-order 2
   --eps 0.6
   --steps 100
   --rezones 2
   --op B_l2
   --gauge none
   --field abc
   --no-b0
   --fv 1
   --every 1
   --csv results/exp5_parts/main_p2_e0.6_r2_B_l2_none.csv.tmp
   --tag main
   --no-selftest
t=0: errB=0.0227942 errA=nan E_B=39.4681 E_ex=39.4784 H=nan minDetJ=1
k=10 t=0.1 errB=0.0228143 E/Eex=0.999738 H/H0=nan div=1.17769e-15 minDetJ=0.99639
k=20 t=0.2 errB=0.0231025 E/Eex=0.999716 H/H0=nan div=1.16566e-15 minDetJ=0.952744
k=30 t=0.3 errB=0.024229 E/Eex=0.999656 H/H0=nan div=1.13186e-15 minDetJ=0.830404
k=40 t=0.4 errB=0.0263899 E/Eex=0.999584 H/H0=nan div=1.09059e-15 minDetJ=0.676101
k=50 t=0.5 errB=0.0277873 E/Eex=0.999556 H/H0=nan div=1.07197e-15 minDetJ=0.604102
  rezone at k=50 (t=0.5): 2.49538 s (setup 1.61872, apply 0.81276, gauge 0), errB 0.0561014, div 0.033156, label Newton resid 5.66214e-15 (mean its 3.93808)
k=60 t=0.6 errB=0.0537864 E/Eex=0.99639 H/H0=nan div=0.0333835 minDetJ=0.950208
k=70 t=0.7 errB=0.0511566 E/Eex=0.997687 H/H0=nan div=0.0338959 minDetJ=0.843917
k=80 t=0.8 errB=0.0519853 E/Eex=0.99876 H/H0=nan div=0.0343074 minDetJ=0.760663
k=90 t=0.9 errB=0.0547484 E/Eex=0.999552 H/H0=nan div=0.0344471 minDetJ=0.732248
k=100 t=1 errB=0.056201 E/Eex=0.999864 H/H0=nan div=0.0344592 minDetJ=0.730587
  rezone at k=100 (t=1): 2.78962 s (setup 1.83966, apply 0.918652, gauge 0), errB 0.0354358, div 0.0370168, label Newton resid 0 (mean its 0)
FINAL op=B_l2 gauge=none p=2 eps=6.0000e-01 rezones=2 b0=0: ||b_T-b_0||/||b_0||=2.7094e-02 errB(T)=3.5436e-02 E(T)/E(0)=9.9697e-01 H(T)/H(0)=nan flux_err=1.3177e-02 div=3.7017e-02 transfer_time=5.2850e+00 s, notfound=0, wall 3.8172e+01 s
