Options used:
   --N 8
   --order 3
   --geom-order 2
   --eps 0.3
   --steps 100
   --rezones 5
   --op A_int
   --gauge none
   --field abc
   --no-b0
   --fv 1
   --every 2
   --csv results/exp5_parts/main_p3_e0.3_r5_A_int_none.csv.tmp
   --tag main
   --no-selftest
t=0: errB=0.00151531 errA=0.000125506 E_B=39.4784 E_ex=39.4784 H=12.5663 minDetJ=1
k=10 t=0.1 errB=0.00158661 E/Eex=0.999999 H/H0=1 div=3.11569e-15 minDetJ=0.999097
k=20 t=0.2 errB=0.00229408 E/Eex=0.999993 H/H0=1 div=3.10773e-15 minDetJ=0.988186
  rezone at k=20 (t=0.2): 9.37149 s (setup 5.41535, apply 3.89332, gauge 0), errB 0.00248398, div 3.19022e-15, label Newton resid 9.32587e-15 (mean its 2.76389)
k=30 t=0.3 errB=0.00369138 E/Eex=1.00001 H/H0=1.00003 div=3.16583e-15 minDetJ=0.970021
k=40 t=0.4 errB=0.00490424 E/Eex=0.999981 H/H0=1.00003 div=3.13495e-15 minDetJ=0.931752
  rezone at k=40 (t=0.4): 7.58419 s (setup 4.32676, apply 3.19685, gauge 0), errB 0.005172, div 3.14232e-15, label Newton resid 9.49241e-15 (mean its 3.15509)
k=50 t=0.5 errB=0.00553253 E/Eex=0.999987 H/H0=1.00006 div=3.12754e-15 minDetJ=0.981201
k=60 t=0.6 errB=0.005172 E/Eex=1 H/H0=1.00006 div=3.14232e-15 minDetJ=1
  rezone at k=60 (t=0.6): 5.63214 s (setup 2.1869, apply 3.39545, gauge 0), errB 0.005172, div 3.1416e-15, label Newton resid 9.49241e-15 (mean its 3.15509)
k=70 t=0.7 errB=0.00455143 E/Eex=1.00004 H/H0=1.00006 div=3.17358e-15 minDetJ=0.966118
k=80 t=0.8 errB=0.00453247 E/Eex=1.00007 H/H0=1.00006 div=3.19884e-15 minDetJ=0.939941
  rezone at k=80 (t=0.8): 7.82648 s (setup 4.59956, apply 3.17712, gauge 0), errB 0.00539696, div 3.15018e-15, label Newton resid 9.32587e-15 (mean its 2.76389)
k=90 t=0.9 errB=0.00525349 E/Eex=1.00009 H/H0=1.00007 div=3.1584e-15 minDetJ=0.989989
k=100 t=1 errB=0.00528039 E/Eex=1.00009 H/H0=1.00007 div=3.15907e-15 minDetJ=0.989389
  rezone at k=100 (t=1): 8.7011 s (setup 5.28949, apply 3.37844, gauge 0), errB 0.00408563, div 3.19095e-15, label Newton resid 0 (mean its 0)
FINAL op=A_int gauge=none p=3 eps=3.0000e-01 rezones=5 b0=0: ||b_T-b_0||/||b_0||=3.7977e-03 errB(T)=4.0856e-03 E(T)/E(0)=1.0001e+00 H(T)/H(0)=1.0001e+00 flux_err=9.0206e-16 div=3.1910e-15 transfer_time=3.9115e+01 s, notfound=0, wall 1.0472e+02 s
