Options used:
   --N 8
   --order 3
   --geom-order 2
   --eps 0.6
   --steps 100
   --rezones 5
   --op B_int
   --gauge none
   --field abc
   --no-b0
   --fv 1
   --every 2
   --csv results/exp5_parts/main_p3_e0.6_r5_B_int_none.csv.tmp
   --tag main
   --no-selftest
t=0: errB=0.00151531 errA=nan E_B=39.4784 E_ex=39.4784 H=nan minDetJ=1
k=10 t=0.1 errB=0.0017856 E/Eex=0.999997 H/H0=nan div=3.11373e-15 minDetJ=0.99639
k=20 t=0.2 errB=0.00383713 E/Eex=0.999974 H/H0=nan div=3.08152e-15 minDetJ=0.952744
  rezone at k=20 (t=0.2): 28.2671 s (setup 18.8719, apply 9.34354, gauge 0), errB 0.00378858, div 0.0013188, label Newton resid 9.10383e-15 (mean its 2.99653)
k=30 t=0.3 errB=0.0066826 E/Eex=0.999883 H/H0=nan div=0.00128464 minDetJ=0.875321
k=40 t=0.4 errB=0.010446 E/Eex=0.999706 H/H0=nan div=0.00124324 minDetJ=0.71605
  rezone at k=40 (t=0.4): 31.2052 s (setup 21.9307, apply 9.21308, gauge 0), errB 0.0121262, div 0.00258264, label Newton resid 9.82547e-15 (mean its 3.84028)
k=50 t=0.5 errB=0.0139888 E/Eex=0.999352 H/H0=nan div=0.00255195 minDetJ=0.896684
k=60 t=0.6 errB=0.0121262 E/Eex=0.999676 H/H0=nan div=0.00258264 minDetJ=1
  rezone at k=60 (t=0.6): 19.032 s (setup 8.30983, apply 10.6724, gauge 0), errB 0.0121262, div 0.00258264, label Newton resid 9.82547e-15 (mean its 3.84028)
k=70 t=0.7 errB=0.0138496 E/Eex=1.00013 H/H0=nan div=0.00265077 minDetJ=0.888024
k=80 t=0.8 errB=0.0211101 E/Eex=1.00047 H/H0=nan div=0.00270642 minDetJ=0.80042
  rezone at k=80 (t=0.8): 30.6458 s (setup 21.4785, apply 9.11798, gauge 0), errB 0.0163313, div 0.00796467, label Newton resid 9.10383e-15 (mean its 2.99653)
k=90 t=0.9 errB=0.016308 E/Eex=1.00034 H/H0=nan div=0.00798255 minDetJ=0.961186
k=100 t=1 errB=0.0164693 E/Eex=1.00033 H/H0=nan div=0.0079841 minDetJ=0.958775
  rezone at k=100 (t=1): 29.8413 s (setup 19.7604, apply 10.0489, gauge 0), errB 0.0150192, div 0.0079853, label Newton resid 0 (mean its 0)
FINAL op=B_int gauge=none p=3 eps=6.0000e-01 rezones=5 b0=0: ||b_T-b_0||/||b_0||=1.4943e-02 errB(T)=1.5019e-02 E(T)/E(0)=1.0003e+00 H(T)/H(0)=nan flux_err=1.1322e-04 div=7.9853e-03 transfer_time=1.3899e+02 s, notfound=0, wall 1.7891e+02 s
