Options used:
   --N 8
   --order 2
   --geom-order 2
   --eps 0.6
   --steps 100
   --rezones 20
   --op B_l2c
   --gauge none
   --field abc
   --no-b0
   --fv 1
   --every 1
   --csv results/exp5_parts/main_p2_e0.6_r20_B_l2c_none.csv.tmp
   --tag main
   --no-selftest
t=0: errB=0.0227942 errA=nan E_B=39.4681 E_ex=39.4784 H=nan minDetJ=1
k=5 t=0.05 errB=0.0227955 E/Eex=0.999739 H/H0=nan div=1.1786e-15 minDetJ=0.999763
  rezone at k=5 (t=0.05): 4.26111 s (setup 0.793545, apply 3.41938, gauge 0), errB 0.0228592, div 7.10488e-16, label Newton resid 9.54792e-15 (mean its 1.88079)
k=10 t=0.1 errB=0.022881 E/Eex=0.999785 H/H0=nan div=7.09942e-16 minDetJ=0.99669
  rezone at k=10 (t=0.1): 4.65913 s (setup 1.30654, apply 3.30381, gauge 0), errB 0.023531, div 3.13857e-15, label Newton resid 3.9968e-15 (mean its 2.58796)
k=15 t=0.15 errB=0.0236161 E/Eex=0.99981 H/H0=nan div=3.13029e-15 minDetJ=0.987131
  rezone at k=15 (t=0.15): 4.91757 s (setup 1.39069, apply 3.47668, gauge 0), errB 0.0250197, div 4.34563e-15, label Newton resid 2.88658e-15 (mean its 2.77778)
k=20 t=0.2 errB=0.0252062 E/Eex=0.99927 H/H0=nan div=4.31754e-15 minDetJ=0.970087
  rezone at k=20 (t=0.2): 4.59773 s (setup 1.24175, apply 3.3067, gauge 0), errB 0.0272336, div 3.64695e-15, label Newton resid 9.10383e-15 (mean its 2.99653)
k=25 t=0.25 errB=0.0275562 E/Eex=0.998502 H/H0=nan div=3.60397e-15 minDetJ=0.947637
  rezone at k=25 (t=0.25): 4.69382 s (setup 1.28816, apply 3.3424, gauge 0), errB 0.0302284, div 3.97833e-15, label Newton resid 9.99201e-15 (mean its 3.28646)
k=30 t=0.3 errB=0.0307541 E/Eex=0.997753 H/H0=nan div=3.91327e-15 minDetJ=0.924318
  rezone at k=30 (t=0.3): 4.66172 s (setup 1.18715, apply 3.4109, gauge 0), errB 0.0343695, div 5.23209e-15, label Newton resid 5.71765e-15 (mean its 3.57581)
k=35 t=0.35 errB=0.035222 E/Eex=0.996646 H/H0=nan div=5.13508e-15 minDetJ=0.906733
  rezone at k=35 (t=0.35): 4.54581 s (setup 1.17572, apply 3.29499, gauge 0), errB 0.040384, div 7.80626e-15, label Newton resid 9.76996e-15 (mean its 3.75116)
k=40 t=0.4 errB=0.0416438 E/Eex=0.994745 H/H0=nan div=7.65122e-15 minDetJ=0.903643
  rezone at k=40 (t=0.4): 4.98366 s (setup 1.34379, apply 3.5767, gauge 0), errB 0.048297, div 1.10805e-14, label Newton resid 9.82547e-15 (mean its 3.84028)
k=45 t=0.45 errB=0.0496586 E/Eex=0.992081 H/H0=nan div=1.09002e-14 minDetJ=0.924222
  rezone at k=45 (t=0.45): 4.7599 s (setup 1.23634, apply 3.46098, gauge 0), errB 0.0559686, div 1.66719e-14, label Newton resid 9.99201e-15 (mean its 3.88773)
k=50 t=0.5 errB=0.0566021 E/Eex=0.990268 H/H0=nan div=1.6562e-14 minDetJ=0.970554
  rezone at k=50 (t=0.5): 3.7984 s (setup 0.610219, apply 3.12323, gauge 0), errB 0.0595852, div 4.00759e-15, label Newton resid 5.66214e-15 (mean its 3.93808)
k=55 t=0.55 errB=0.0589357 E/Eex=0.992278 H/H0=nan div=4.03346e-15 minDetJ=0.986756
  rezone at k=55 (t=0.55): 3.96462 s (setup 0.594643, apply 3.30478, gauge 0), errB 0.0559678, div 4.12042e-15, label Newton resid 9.99201e-15 (mean its 3.88773)
k=60 t=0.6 errB=0.0544645 E/Eex=0.991073 H/H0=nan div=4.19229e-15 minDetJ=0.962952
  rezone at k=60 (t=0.6): 5.06654 s (setup 1.33838, apply 3.66394, gauge 0), errB 0.047927, div 1.73276e-14, label Newton resid 9.82547e-15 (mean its 3.84028)
k=65 t=0.65 errB=0.0464644 E/Eex=0.992896 H/H0=nan div=1.77528e-14 minDetJ=0.94592
  rezone at k=65 (t=0.65): 5.01423 s (setup 1.34474, apply 3.59318, gauge 0), errB 0.041699, div 9.34634e-15, label Newton resid 9.76996e-15 (mean its 3.75116)
k=70 t=0.7 errB=0.0408981 E/Eex=0.993692 H/H0=nan div=9.56415e-15 minDetJ=0.938657
  rezone at k=70 (t=0.7): 5.10783 s (setup 1.375, apply 3.6687, gauge 0), errB 0.0383448, div 6.94044e-15, label Newton resid 5.71765e-15 (mean its 3.57581)
k=75 t=0.75 errB=0.0381123 E/Eex=0.993775 H/H0=nan div=7.07191e-15 minDetJ=0.942368
  rezone at k=75 (t=0.75): 4.74811 s (setup 1.24788, apply 3.43353, gauge 0), errB 0.0362794, div 6.96249e-15, label Newton resid 9.99201e-15 (mean its 3.28646)
k=80 t=0.8 errB=0.0362723 E/Eex=0.993436 H/H0=nan div=7.04901e-15 minDetJ=0.955316
  rezone at k=80 (t=0.8): 4.63429 s (setup 1.25946, apply 3.30884, gauge 0), errB 0.034577, div 6.94657e-15, label Newton resid 9.10383e-15 (mean its 2.99653)
k=85 t=0.85 errB=0.0346041 E/Eex=0.992823 H/H0=nan div=6.99593e-15 minDetJ=0.972558
  rezone at k=85 (t=0.85): 5.2936 s (setup 1.35955, apply 3.88379, gauge 0), errB 0.0331777, div 5.69132e-15, label Newton resid 2.94209e-15 (mean its 2.77778)
k=90 t=0.9 errB=0.033191 E/Eex=0.991648 H/H0=nan div=5.70654e-15 minDetJ=0.987821
  rezone at k=90 (t=0.9): 4.84779 s (setup 1.29119, apply 3.49473, gauge 0), errB 0.0323691, div 9.15775e-15, label Newton resid 3.9968e-15 (mean its 2.58796)
k=95 t=0.95 errB=0.0323718 E/Eex=0.99018 H/H0=nan div=9.16437e-15 minDetJ=0.996886
  rezone at k=95 (t=0.95): 4.91533 s (setup 1.36544, apply 3.51612, gauge 0), errB 0.0325506, div 8.09797e-15, label Newton resid 9.54792e-15 (mean its 1.88079)
k=100 t=1 errB=0.0325513 E/Eex=0.989947 H/H0=nan div=8.09836e-15 minDetJ=0.999785
  rezone at k=100 (t=1): 3.79708 s (setup 0.717934, apply 3.04362, gauge 0), errB 0.0331252, div 8.9489e-16, label Newton resid 0 (mean its 0)
FINAL op=B_l2c gauge=none p=2 eps=6.0000e-01 rezones=20 b0=0: ||b_T-b_0||/||b_0||=2.4049e-02 errB(T)=3.3125e-02 E(T)/E(0)=9.9116e-01 H(T)/H(0)=nan flux_err=4.4850e-14 div=8.9489e-16 transfer_time=9.3268e+01 s, notfound=0, wall 1.3336e+02 s
