Options used:
   --N 8
   --order 2
   --geom-order 2
   --eps 0.6
   --steps 100
   --rezones 2
   --op A_int
   --gauge none
   --field abc
   --no-b0
   --fv 1
   --every 1
   --csv results/exp5_parts/main_p2_e0.6_r2_A_int_none.csv.tmp
   --tag main
   --no-selftest
t=0: errB=0.0227942 errA=0.00276252 E_B=39.4681 E_ex=39.4784 H=12.5566 minDetJ=1
k=10 t=0.1 errB=0.0228143 E/Eex=0.999738 H/H0=1 div=1.17769e-15 minDetJ=0.99639
k=20 t=0.2 errB=0.0231025 E/Eex=0.999716 H/H0=1 div=1.16566e-15 minDetJ=0.952744
k=30 t=0.3 errB=0.024229 E/Eex=0.999656 H/H0=1 div=1.13186e-15 minDetJ=0.830404
k=40 t=0.4 errB=0.0263899 E/Eex=0.999584 H/H0=1 div=1.09059e-15 minDetJ=0.676101
k=50 t=0.5 errB=0.0277873 E/Eex=0.999556 H/H0=1 div=1.07197e-15 minDetJ=0.604102
  rezone at k=50 (t=0.5): 2.74054 s (setup 1.98132, apply 0.682364, gauge 0), errB 0.0579927, div 1.17114e-15, label Newton resid 5.66214e-15 (mean its 3.93808)
k=60 t=0.6 errB=0.055761 E/Eex=0.997348 H/H0=0.998167 div=1.19764e-15 minDetJ=0.950208
k=70 t=0.7 errB=0.0531997 E/Eex=0.998679 H/H0=0.998167 div=1.25585e-15 minDetJ=0.843917
k=80 t=0.8 errB=0.0538492 E/Eex=0.999722 H/H0=0.998167 div=1.30329e-15 minDetJ=0.760663
k=90 t=0.9 errB=0.0562943 E/Eex=1.00045 H/H0=0.998167 div=1.32014e-15 minDetJ=0.732248
k=100 t=1 errB=0.0575923 E/Eex=1.00073 H/H0=0.998167 div=1.32146e-15 minDetJ=0.730587
  rezone at k=100 (t=1): 2.6336 s (setup 1.88232, apply 0.718656, gauge 0), errB 0.0525038, div 1.22491e-15, label Newton resid 0 (mean its 0)
FINAL op=A_int gauge=none p=2 eps=6.0000e-01 rezones=2 b0=0: ||b_T-b_0||/||b_0||=4.7264e-02 errB(T)=5.2504e-02 E(T)/E(0)=1.0003e+00 H(T)/H(0)=9.9798e-01 flux_err=5.6899e-16 div=1.2249e-15 transfer_time=5.3741e+00 s, notfound=0, wall 4.9959e+01 s
