Options used:
   --N 8
   --order 3
   --geom-order 2
   --eps 0.6
   --steps 100
   --rezones 5
   --op B_l2c
   --gauge none
   --field abc
   --no-b0
   --fv 1
   --every 2
   --csv results/exp5_parts/main_p3_e0.6_r5_B_l2c_none.csv.tmp
   --tag main
   --no-selftest
t=0: errB=0.00151531 errA=nan E_B=39.4784 E_ex=39.4784 H=nan minDetJ=1
k=10 t=0.1 errB=0.0017856 E/Eex=0.999997 H/H0=nan div=3.11373e-15 minDetJ=0.99639
k=20 t=0.2 errB=0.00383713 E/Eex=0.999974 H/H0=nan div=3.08152e-15 minDetJ=0.952744
  rezone at k=20 (t=0.2): 11.7818 s (setup 1.95229, apply 9.7818, gauge 0), errB 0.0035578, div 2.17639e-15, label Newton resid 9.10383e-15 (mean its 2.99653)
k=30 t=0.3 errB=0.00637306 E/Eex=0.999844 H/H0=nan div=2.10863e-15 minDetJ=0.875321
k=40 t=0.4 errB=0.0101474 E/Eex=0.999663 H/H0=nan div=2.02617e-15 minDetJ=0.71605
  rezone at k=40 (t=0.4): 12.3159 s (setup 2.36512, apply 9.88809, gauge 0), errB 0.0112956, div 9.82127e-15, label Newton resid 9.82547e-15 (mean its 3.84028)
k=50 t=0.5 errB=0.0134344 E/Eex=0.999175 H/H0=nan div=9.5893e-15 minDetJ=0.896684
k=60 t=0.6 errB=0.0112956 E/Eex=0.999509 H/H0=nan div=9.82127e-15 minDetJ=1
  rezone at k=60 (t=0.6): 2.5432 s (setup 0.67244, apply 1.82134, gauge 0), errB 0.0112956, div 1.79311e-14, label Newton resid 9.82547e-15 (mean its 3.84028)
k=70 t=0.7 errB=0.0127242 E/Eex=0.999983 H/H0=nan div=1.85467e-14 minDetJ=0.888024
k=80 t=0.8 errB=0.0200779 E/Eex=1.00034 H/H0=nan div=1.90558e-14 minDetJ=0.80042
  rezone at k=80 (t=0.8): 12.0472 s (setup 2.29265, apply 9.70287, gauge 0), errB 0.0146054, div 1.14524e-14, label Newton resid 9.10383e-15 (mean its 2.99653)
k=90 t=0.9 errB=0.0147224 E/Eex=1.00007 H/H0=nan div=1.15761e-14 minDetJ=0.961186
k=100 t=1 errB=0.0149468 E/Eex=1.00007 H/H0=nan div=1.15861e-14 minDetJ=0.958775
  rezone at k=100 (t=1): 12.3611 s (setup 2.19994, apply 10.1285, gauge 0), errB 0.013369, div 8.02716e-15, label Newton resid 0 (mean its 0)
FINAL op=B_l2c gauge=none p=3 eps=6.0000e-01 rezones=5 b0=0: ||b_T-b_0||/||b_0||=1.3284e-02 errB(T)=1.3369e-02 E(T)/E(0)=1.0001e+00 H(T)/H(0)=nan flux_err=1.1574e-14 div=8.0272e-15 transfer_time=5.1049e+01 s, notfound=0, wall 9.4134e+01 s
