Options used:
   --N 8
   --order 2
   --geom-order 2
   --eps 0.3
   --steps 100
   --rezones 2
   --op A_int
   --gauge none
   --field abc
   --no-b0
   --fv 1
   --every 1
   --csv results/exp5_parts/main_p2_e0.3_r2_A_int_none.csv.tmp
   --tag main
   --no-selftest
t=0: errB=0.0227942 errA=0.00276252 E_B=39.4681 E_ex=39.4784 H=12.5566 minDetJ=1
k=10 t=0.1 errB=0.0227991 E/Eex=0.999739 H/H0=1 div=1.17842e-15 minDetJ=0.999097
k=20 t=0.2 errB=0.0228628 E/Eex=0.999734 H/H0=1 div=1.17545e-15 minDetJ=0.988186
k=30 t=0.3 errB=0.0230671 E/Eex=0.999719 H/H0=1 div=1.16701e-15 minDetJ=0.957601
k=40 t=0.4 errB=0.0233678 E/Eex=0.9997 H/H0=1 div=1.15629e-15 minDetJ=0.919025
k=50 t=0.5 errB=0.0235234 E/Eex=0.999691 H/H0=1 div=1.1513e-15 minDetJ=0.901025
  rezone at k=50 (t=0.5): 2.01876 s (setup 1.3455, apply 0.62076, gauge 0), errB 0.0307274, div 1.17544e-15, label Newton resid 9.99201e-15 (mean its 3.28646)
k=60 t=0.6 errB=0.0306226 E/Eex=0.998854 H/H0=0.999215 div=1.1812e-15 minDetJ=0.984371
k=70 t=0.7 errB=0.0304431 E/Eex=0.999016 H/H0=0.999215 div=1.19356e-15 minDetJ=0.951168
k=80 t=0.8 errB=0.0303772 E/Eex=0.999195 H/H0=0.999215 div=1.20332e-15 minDetJ=0.925553
k=90 t=0.9 errB=0.0304282 E/Eex=0.999328 H/H0=0.999215 div=1.20674e-15 minDetJ=0.917312
k=100 t=1 errB=0.0304702 E/Eex=0.999376 H/H0=0.999215 div=1.20702e-15 minDetJ=0.917111
  rezone at k=100 (t=1): 2.19892 s (setup 1.46183, apply 0.705801, gauge 0), errB 0.0304121, div 1.23483e-15, label Newton resid 0 (mean its 0)
FINAL op=A_int gauge=none p=2 eps=3.0000e-01 rezones=2 b0=0: ||b_T-b_0||/||b_0||=2.0029e-02 errB(T)=3.0412e-02 E(T)/E(0)=9.9922e-01 H(T)/H(0)=9.9879e-01 flux_err=3.7470e-16 div=1.2348e-15 transfer_time=4.2177e+00 s, notfound=0, wall 4.5930e+01 s
