Options used:
   --N 8
   --order 2
   --geom-order 2
   --eps 0.6
   --steps 100
   --rezones 20
   --op A_int
   --gauge none
   --field abc
   --no-b0
   --fv 1
   --every 1
   --csv results/exp5_parts/main_p2_e0.6_r20_A_int_none.csv.tmp
   --tag main
   --no-selftest
t=0: errB=0.0227942 errA=0.00276252 E_B=39.4681 E_ex=39.4784 H=12.5566 minDetJ=1
k=5 t=0.05 errB=0.0227955 E/Eex=0.999739 H/H0=1 div=1.1786e-15 minDetJ=0.999763
  rezone at k=5 (t=0.05): 2.62213 s (setup 1.87216, apply 0.701263, gauge 0), errB 0.0228589, div 1.21678e-15, label Newton resid 9.54792e-15 (mean its 1.88079)
k=10 t=0.1 errB=0.0228802 E/Eex=0.999681 H/H0=0.99994 div=1.21582e-15 minDetJ=0.99669
  rezone at k=10 (t=0.1): 2.5438 s (setup 1.80728, apply 0.674651, gauge 0), errB 0.0235849, div 1.22899e-15, label Newton resid 3.9968e-15 (mean its 2.58796)
k=15 t=0.15 errB=0.0236718 E/Eex=0.999533 H/H0=0.999782 div=1.22503e-15 minDetJ=0.987131
  rezone at k=15 (t=0.15): 2.54111 s (setup 1.76012, apply 0.719094, gauge 0), errB 0.0256474, div 1.22008e-15, label Newton resid 2.88658e-15 (mean its 2.77778)
k=20 t=0.2 errB=0.0258339 E/Eex=0.999298 H/H0=0.999553 div=1.21102e-15 minDetJ=0.970087
  rezone at k=20 (t=0.2): 2.24239 s (setup 1.55112, apply 0.624539, gauge 0), errB 0.0288507, div 1.20521e-15, label Newton resid 9.10383e-15 (mean its 2.99653)
k=25 t=0.25 errB=0.0291516 E/Eex=0.998846 H/H0=0.99924 div=1.18946e-15 minDetJ=0.947637
  rezone at k=25 (t=0.25): 2.48488 s (setup 1.71696, apply 0.704786, gauge 0), errB 0.0329775, div 1.19667e-15, label Newton resid 9.99201e-15 (mean its 3.28646)
k=30 t=0.3 errB=0.0334326 E/Eex=0.998024 H/H0=0.998822 div=1.17468e-15 minDetJ=0.924318
  rezone at k=30 (t=0.3): 2.30176 s (setup 1.60131, apply 0.649631, gauge 0), errB 0.0386094, div 1.22353e-15, label Newton resid 5.71765e-15 (mean its 3.57581)
k=35 t=0.35 errB=0.0393167 E/Eex=0.996803 H/H0=0.998319 div=1.19694e-15 minDetJ=0.906733
  rezone at k=35 (t=0.35): 2.17646 s (setup 1.53579, apply 0.577509, gauge 0), errB 0.0471836, div 1.18473e-15, label Newton resid 9.76996e-15 (mean its 3.75116)
k=40 t=0.4 errB=0.0482327 E/Eex=0.995135 H/H0=0.997699 div=1.16023e-15 minDetJ=0.903643
  rezone at k=40 (t=0.4): 2.65016 s (setup 1.89324, apply 0.692861, gauge 0), errB 0.0602063, div 1.20648e-15, label Newton resid 9.82547e-15 (mean its 3.84028)
k=45 t=0.45 errB=0.0613085 E/Eex=0.993335 H/H0=0.996918 div=1.18744e-15 minDetJ=0.924222
  rezone at k=45 (t=0.45): 2.71752 s (setup 1.97703, apply 0.671858, gauge 0), errB 0.0675963, div 1.20487e-15, label Newton resid 9.99201e-15 (mean its 3.88773)
k=50 t=0.5 errB=0.0681319 E/Eex=0.991459 H/H0=0.996438 div=1.19809e-15 minDetJ=0.970554
  rezone at k=50 (t=0.5): 2.68853 s (setup 1.89782, apply 0.725767, gauge 0), errB 0.0692125, div 1.18453e-15, label Newton resid 5.66214e-15 (mean its 3.93808)
k=55 t=0.55 errB=0.0686396 E/Eex=0.991479 H/H0=0.996401 div=1.19136e-15 minDetJ=0.986756
  rezone at k=55 (t=0.55): 2.53797 s (setup 1.7648, apply 0.708834, gauge 0), errB 0.0655421, div 1.17513e-15, label Newton resid 9.99201e-15 (mean its 3.88773)
k=60 t=0.6 errB=0.0641953 E/Eex=0.991463 H/H0=0.99612 div=1.19401e-15 minDetJ=0.962952
  rezone at k=60 (t=0.6): 2.56972 s (setup 1.91284, apply 0.592627, gauge 0), errB 0.0581838, div 1.20053e-15, label Newton resid 9.82547e-15 (mean its 3.84028)
k=65 t=0.65 errB=0.0569765 E/Eex=0.991969 H/H0=0.995984 div=1.22794e-15 minDetJ=0.94592
  rezone at k=65 (t=0.65): 2.34399 s (setup 1.72904, apply 0.550127, gauge 0), errB 0.0489675, div 1.15838e-15, label Newton resid 9.76996e-15 (mean its 3.75116)
k=70 t=0.7 errB=0.048188 E/Eex=0.99257 H/H0=0.995946 div=1.18505e-15 minDetJ=0.938657
  rezone at k=70 (t=0.7): 2.29207 s (setup 1.54882, apply 0.690718, gauge 0), errB 0.0454685, div 1.1682e-15, label Newton resid 5.71765e-15 (mean its 3.57581)
k=75 t=0.75 errB=0.0451859 E/Eex=0.993447 H/H0=0.995648 div=1.18945e-15 minDetJ=0.942368
  rezone at k=75 (t=0.75): 2.53116 s (setup 1.72856, apply 0.738142, gauge 0), errB 0.0447807, div 1.20248e-15, label Newton resid 9.99201e-15 (mean its 3.28646)
k=80 t=0.8 errB=0.0447179 E/Eex=0.994417 H/H0=0.995333 div=1.2189e-15 minDetJ=0.955316
  rezone at k=80 (t=0.8): 2.22495 s (setup 1.60486, apply 0.556946, gauge 0), errB 0.0452784, div 1.22393e-15, label Newton resid 9.10383e-15 (mean its 2.99653)
k=85 t=0.85 errB=0.0452604 E/Eex=0.995121 H/H0=0.994984 div=1.23325e-15 minDetJ=0.972558
  rezone at k=85 (t=0.85): 2.00596 s (setup 1.39262, apply 0.560109, gauge 0), errB 0.0462783, div 1.21595e-15, label Newton resid 2.94209e-15 (mean its 2.77778)
k=90 t=0.9 errB=0.0462453 E/Eex=0.995524 H/H0=0.994642 div=1.21994e-15 minDetJ=0.987821
  rezone at k=90 (t=0.9): 2.49465 s (setup 1.79149, apply 0.641723, gauge 0), errB 0.0477268, div 1.19657e-15, label Newton resid 3.9968e-15 (mean its 2.58796)
k=95 t=0.95 errB=0.0476859 E/Eex=0.995753 H/H0=0.994383 div=1.19752e-15 minDetJ=0.996886
  rezone at k=95 (t=0.95): 2.41106 s (setup 1.77395, apply 0.586122, gauge 0), errB 0.0492488, div 1.1821e-15, label Newton resid 9.54792e-15 (mean its 1.88079)
k=100 t=1 errB=0.0492285 E/Eex=0.995818 H/H0=0.994191 div=1.18216e-15 minDetJ=0.999785
  rezone at k=100 (t=1): 1.99589 s (setup 1.42076, apply 0.556476, gauge 0), errB 0.0489176, div 1.23521e-15, label Newton resid 0 (mean its 0)
FINAL op=A_int gauge=none p=2 eps=6.0000e-01 rezones=20 b0=0: ||b_T-b_0||/||b_0||=4.3299e-02 errB(T)=4.8918e-02 E(T)/E(0)=9.9601e-01 H(T)/H(0)=9.9416e-01 flux_err=3.7470e-16 div=1.2352e-15 transfer_time=4.8376e+01 s, notfound=0, wall 1.0278e+02 s
