Options used:
   --N 8
   --order 3
   --geom-order 2
   --eps 0.3
   --steps 100
   --rezones 2
   --op A_l2
   --gauge coulomb
   --field abc
   --no-b0
   --fv 1
   --every 2
   --csv results/exp5_parts/main_p3_e0.3_r2_A_l2_coulomb.csv.tmp
   --tag main
   --no-selftest
t=0: errB=0.00151531 errA=0.000125506 E_B=39.4784 E_ex=39.4784 H=12.5663 minDetJ=1
k=10 t=0.1 errB=0.00158661 E/Eex=0.999999 H/H0=1 div=3.11569e-15 minDetJ=0.999097
k=20 t=0.2 errB=0.00229408 E/Eex=0.999993 H/H0=1 div=3.10773e-15 minDetJ=0.988186
k=30 t=0.3 errB=0.0036583 E/Eex=0.999977 H/H0=1 div=3.08512e-15 minDetJ=0.957601
k=40 t=0.4 errB=0.00494101 E/Eex=0.999955 H/H0=1 div=3.05653e-15 minDetJ=0.919025
k=50 t=0.5 errB=0.00546605 E/Eex=0.999944 H/H0=1 div=3.04323e-15 minDetJ=0.901025
  rezone at k=50 (t=0.5): 23.5519 s (setup 2.00319, apply 2.23365, gauge 1.26079), errB 0.00785587, div 3.11347e-15, label Newton resid 9.99201e-15 (mean its 3.28646)
k=60 t=0.6 errB=0.00781451 E/Eex=0.999989 H/H0=0.999997 div=3.12856e-15 minDetJ=0.984371
k=70 t=0.7 errB=0.00799089 E/Eex=1.00003 H/H0=0.999997 div=3.16096e-15 minDetJ=0.951168
k=80 t=0.8 errB=0.00868364 E/Eex=1.00006 H/H0=0.999997 div=3.18651e-15 minDetJ=0.925553
k=90 t=0.9 errB=0.00953104 E/Eex=1.00008 H/H0=0.999997 div=3.19547e-15 minDetJ=0.917312
k=100 t=1 errB=0.00990646 E/Eex=1.00009 H/H0=0.999997 div=3.19618e-15 minDetJ=0.917111
  rezone at k=100 (t=1): 22.7043 s (setup 2.1159, apply 2.441, gauge 1.17418), errB 0.0124564, div 3.13023e-15, label Newton resid 0 (mean its 0)
FINAL op=A_l2 gauge=coulomb p=3 eps=3.0000e-01 rezones=2 b0=0: ||b_T-b_0||/||b_0||=1.2364e-02 errB(T)=1.2456e-02 E(T)/E(0)=1.0001e+00 H(T)/H(0)=1.0000e+00 flux_err=6.5226e-16 div=3.1302e-15 transfer_time=4.6256e+01 s, notfound=0, wall 1.0760e+02 s
