Options used:
   --N 8
   --order 2
   --geom-order 2
   --eps 0.3
   --steps 100
   --rezones 1
   --op B_int
   --gauge none
   --field abc
   --no-b0
   --fv 1
   --every 1
   --csv results/exp5_parts/main_p2_e0.3_r1_B_int_none.csv.tmp
   --tag main
   --no-selftest
t=0: errB=0.0227942 errA=nan E_B=39.4681 E_ex=39.4784 H=nan minDetJ=1
k=10 t=0.1 errB=0.0227991 E/Eex=0.999739 H/H0=nan div=1.17842e-15 minDetJ=0.999097
k=20 t=0.2 errB=0.0228628 E/Eex=0.999734 H/H0=nan div=1.17545e-15 minDetJ=0.988186
k=30 t=0.3 errB=0.0230671 E/Eex=0.999719 H/H0=nan div=1.16701e-15 minDetJ=0.957601
k=40 t=0.4 errB=0.0233678 E/Eex=0.9997 H/H0=nan div=1.15629e-15 minDetJ=0.919025
k=50 t=0.5 errB=0.0235234 E/Eex=0.999691 H/H0=nan div=1.1513e-15 minDetJ=0.901025
k=60 t=0.6 errB=0.0233678 E/Eex=0.9997 H/H0=nan div=1.15629e-15 minDetJ=0.919025
k=70 t=0.7 errB=0.0230671 E/Eex=0.999719 H/H0=nan div=1.16701e-15 minDetJ=0.957601
k=80 t=0.8 errB=0.0228628 E/Eex=0.999734 H/H0=nan div=1.17545e-15 minDetJ=0.988186
k=90 t=0.9 errB=0.0227991 E/Eex=0.999739 H/H0=nan div=1.17842e-15 minDetJ=0.999097
k=100 t=1 errB=0.0227942 E/Eex=0.999739 H/H0=nan div=1.17866e-15 minDetJ=1
  rezone at k=100 (t=1): 3.25603 s (setup 1.86943, apply 1.33876, gauge 0), errB 0.0227942, div 3.02894e-15, label Newton resid 0 (mean its 0)
FINAL op=B_int gauge=none p=2 eps=3.0000e-01 rezones=1 b0=0: ||b_T-b_0||/||b_0||=1.3431e-15 errB(T)=2.2794e-02 E(T)/E(0)=1.0000e+00 H(T)/H(0)=nan flux_err=2.7131e-15 div=3.0289e-15 transfer_time=3.2560e+00 s, notfound=0, wall 3.5813e+01 s
