Options used:
   --N 8
   --order 2
   --geom-order 2
   --eps 0.6
   --steps 100
   --rezones 2
   --op A_l2
   --gauge coulomb
   --field abc
   --no-b0
   --fv 1
   --every 1
   --csv results/exp5_parts/main_p2_e0.6_r2_A_l2_coulomb.csv.tmp
   --tag main
   --no-selftest
t=0: errB=0.0227942 errA=0.00276252 E_B=39.4681 E_ex=39.4784 H=12.5566 minDetJ=1
k=10 t=0.1 errB=0.0228143 E/Eex=0.999738 H/H0=1 div=1.17769e-15 minDetJ=0.99639
k=20 t=0.2 errB=0.0231025 E/Eex=0.999716 H/H0=1 div=1.16566e-15 minDetJ=0.952744
k=30 t=0.3 errB=0.024229 E/Eex=0.999656 H/H0=1 div=1.13186e-15 minDetJ=0.830404
k=40 t=0.4 errB=0.0263899 E/Eex=0.999584 H/H0=1 div=1.09059e-15 minDetJ=0.676101
k=50 t=0.5 errB=0.0277873 E/Eex=0.999556 H/H0=1 div=1.07197e-15 minDetJ=0.604102
  rezone at k=50 (t=0.5): 5.0866 s (setup 1.66933, apply 0.951261, gauge 0.127132), errB 0.0810148, div 1.08908e-15, label Newton resid 5.66214e-15 (mean its 3.93808)
k=60 t=0.6 errB=0.0795017 E/Eex=1.00585 H/H0=0.999953 div=1.11369e-15 minDetJ=0.950208
k=70 t=0.7 errB=0.077988 E/Eex=1.00577 H/H0=0.999953 div=1.1676e-15 minDetJ=0.843917
k=80 t=0.8 errB=0.0789586 E/Eex=1.00565 H/H0=0.999953 div=1.21141e-15 minDetJ=0.760663
k=90 t=0.9 errB=0.0812876 E/Eex=1.00577 H/H0=0.999953 div=1.22694e-15 minDetJ=0.732248
k=100 t=1 errB=0.0825023 E/Eex=1.00588 H/H0=0.999953 div=1.22816e-15 minDetJ=0.730587
  rezone at k=100 (t=1): 4.79367 s (setup 1.45902, apply 0.943036, gauge 0.143798), errB 0.0633828, div 1.23192e-15, label Newton resid 0 (mean its 0)
FINAL op=A_l2 gauge=coulomb p=2 eps=6.0000e-01 rezones=2 b0=0: ||b_T-b_0||/||b_0||=5.9137e-02 errB(T)=6.3383e-02 E(T)/E(0)=1.0034e+00 H(T)/H(0)=9.9991e-01 flux_err=6.5226e-16 div=1.2319e-15 transfer_time=9.8803e+00 s, notfound=0, wall 5.4580e+01 s
