Options used:
   --N 8
   --order 2
   --geom-order 2
   --eps 0.6
   --steps 100
   --rezones 5
   --op A_int
   --gauge none
   --field abc
   --no-b0
   --fv 1
   --every 1
   --csv results/exp5_parts/main_p2_e0.6_r5_A_int_none.csv.tmp
   --tag main
   --no-selftest
t=0: errB=0.0227942 errA=0.00276252 E_B=39.4681 E_ex=39.4784 H=12.5566 minDetJ=1
k=10 t=0.1 errB=0.0228143 E/Eex=0.999738 H/H0=1 div=1.17769e-15 minDetJ=0.99639
k=20 t=0.2 errB=0.0231025 E/Eex=0.999716 H/H0=1 div=1.16566e-15 minDetJ=0.952744
  rezone at k=20 (t=0.2): 2.31022 s (setup 1.63035, apply 0.62433, gauge 0), errB 0.0281664, div 1.20334e-15, label Newton resid 9.10383e-15 (mean its 2.99653)
k=30 t=0.3 errB=0.0290149 E/Eex=0.998833 H/H0=0.999367 div=1.1663e-15 minDetJ=0.875321
k=40 t=0.4 errB=0.0307212 E/Eex=0.998509 H/H0=0.999367 div=1.12082e-15 minDetJ=0.71605
  rezone at k=40 (t=0.4): 2.22643 s (setup 1.4612, apply 0.700866, gauge 0), errB 0.0488258, div 1.16994e-15, label Newton resid 9.82547e-15 (mean its 3.84028)
k=50 t=0.5 errB=0.0507086 E/Eex=0.995348 H/H0=0.997884 div=1.14536e-15 minDetJ=0.896684
k=60 t=0.6 errB=0.0488258 E/Eex=0.996058 H/H0=0.997884 div=1.16994e-15 minDetJ=1
  rezone at k=60 (t=0.6): 1.34597 s (setup 0.6568, apply 0.623452, gauge 0), errB 0.0488258, div 1.25051e-15, label Newton resid 9.82547e-15 (mean its 3.84028)
k=70 t=0.7 errB=0.0464429 E/Eex=0.997338 H/H0=0.997884 div=1.30528e-15 minDetJ=0.888024
k=80 t=0.8 errB=0.0463851 E/Eex=0.998432 H/H0=0.997884 div=1.35006e-15 minDetJ=0.80042
  rezone at k=80 (t=0.8): 2.2361 s (setup 1.55279, apply 0.608475, gauge 0), errB 0.0455129, div 1.19758e-15, label Newton resid 9.10383e-15 (mean its 2.99653)
k=90 t=0.9 errB=0.0455799 E/Eex=0.998011 H/H0=0.996884 div=1.21142e-15 minDetJ=0.961186
k=100 t=1 errB=0.0456956 E/Eex=0.998212 H/H0=0.996884 div=1.21254e-15 minDetJ=0.958775
  rezone at k=100 (t=1): 2.27727 s (setup 1.59838, apply 0.645676, gauge 0), errB 0.0416893, div 1.20264e-15, label Newton resid 0 (mean its 0)
FINAL op=A_int gauge=none p=2 eps=6.0000e-01 rezones=5 b0=0: ||b_T-b_0||/||b_0||=3.4908e-02 errB(T)=4.1689e-02 E(T)/E(0)=9.9719e-01 H(T)/H(0)=9.9596e-01 flux_err=4.4409e-16 div=1.2026e-15 transfer_time=1.0396e+01 s, notfound=0, wall 5.6807e+01 s
