Options used:
   --N 8
   --order 3
   --geom-order 2
   --eps 0.3
   --steps 100
   --rezones 5
   --op B_l2
   --gauge none
   --field abc
   --no-b0
   --fv 1
   --every 2
   --csv results/exp5_parts/main_p3_e0.3_r5_B_l2_none.csv.tmp
   --tag main
   --no-selftest
t=0: errB=0.00151531 errA=nan E_B=39.4784 E_ex=39.4784 H=nan minDetJ=1
k=10 t=0.1 errB=0.00158661 E/Eex=0.999999 H/H0=nan div=3.11569e-15 minDetJ=0.999097
k=20 t=0.2 errB=0.00229408 E/Eex=0.999993 H/H0=nan div=3.10773e-15 minDetJ=0.988186
  rezone at k=20 (t=0.2): 4.40388 s (setup 2.13598, apply 2.21931, gauge 0), errB 0.00234465, div 0.00176535, label Newton resid 9.32587e-15 (mean its 2.76389)
k=30 t=0.3 errB=0.0035551 E/Eex=0.999979 H/H0=nan div=0.00175285 minDetJ=0.970021
k=40 t=0.4 errB=0.00477727 E/Eex=0.999955 H/H0=nan div=0.00173703 minDetJ=0.931752
  rezone at k=40 (t=0.4): 4.41372 s (setup 2.20692, apply 2.13963, gauge 0), errB 0.00446587, div 0.00344856, label Newton resid 9.49241e-15 (mean its 3.15509)
k=50 t=0.5 errB=0.00482596 E/Eex=0.999894 H/H0=nan div=0.00343548 minDetJ=0.981201
k=60 t=0.6 errB=0.00446587 E/Eex=0.999911 H/H0=nan div=0.00344856 minDetJ=1
  rezone at k=60 (t=0.6): 2.57991 s (setup 0.678981, apply 1.83409, gauge 0), errB 0.00446587, div 0.00344856, label Newton resid 9.49241e-15 (mean its 3.15509)
k=70 t=0.7 errB=0.00390995 E/Eex=0.999947 H/H0=nan div=0.00347685 minDetJ=0.966118
k=80 t=0.8 errB=0.00411037 E/Eex=0.999977 H/H0=nan div=0.00349938 minDetJ=0.939941
  rezone at k=80 (t=0.8): 3.59461 s (setup 1.72498, apply 1.82173, gauge 0), errB 0.00328142, div 0.00557289, label Newton resid 9.32587e-15 (mean its 2.76389)
k=90 t=0.9 errB=0.00303676 E/Eex=0.999982 H/H0=nan div=0.00558055 minDetJ=0.989989
k=100 t=1 errB=0.00308596 E/Eex=0.999981 H/H0=nan div=0.00558123 minDetJ=0.989389
  rezone at k=100 (t=1): 3.79259 s (setup 1.95345, apply 1.80726, gauge 0), errB 0.00287496, div 0.00526091, label Newton resid 0 (mean its 0)
FINAL op=B_l2 gauge=none p=3 eps=3.0000e-01 rezones=5 b0=0: ||b_T-b_0||/||b_0||=2.4483e-03 errB(T)=2.8750e-03 E(T)/E(0)=1.0000e+00 H(T)/H(0)=nan flux_err=1.0756e-03 div=5.2609e-03 transfer_time=1.8785e+01 s, notfound=0, wall 6.0388e+01 s
