Options used:
   --N 8
   --order 2
   --geom-order 2
   --eps 0.3
   --steps 100
   --rezones 20
   --op B_l2
   --gauge none
   --field abc
   --no-b0
   --fv 1
   --every 1
   --csv results/exp5_parts/main_p2_e0.3_r20_B_l2_none.csv.tmp
   --tag main
   --no-selftest
t=0: errB=0.0227942 errA=nan E_B=39.4681 E_ex=39.4784 H=nan minDetJ=1
k=5 t=0.05 errB=0.0227945 E/Eex=0.999739 H/H0=nan div=1.17864e-15 minDetJ=0.999941
  rezone at k=5 (t=0.05): 1.46022 s (setup 0.810483, apply 0.588499, gauge 0), errB 0.0228106, div 0.000136593, label Newton resid 2.22045e-16 (mean its 1.85185)
k=10 t=0.1 errB=0.0228159 E/Eex=0.999752 H/H0=nan div=0.000136566 minDetJ=0.999173
  rezone at k=10 (t=0.1): 1.73201 s (setup 0.738075, apply 0.946139, gauge 0), errB 0.0230434, div 0.00055877, label Newton resid 9.10383e-15 (mean its 2.29514)
k=15 t=0.15 errB=0.0230655 E/Eex=0.999935 H/H0=nan div=0.00055834 minDetJ=0.996792
  rezone at k=15 (t=0.15): 2.29674 s (setup 1.33063, apply 0.916218, gauge 0), errB 0.023725, div 0.00394479, label Newton resid 7.66227e-15 (mean its 2.58796)
k=20 t=0.2 errB=0.0237758 E/Eex=1.00014 H/H0=nan div=0.00393767 minDetJ=0.992622
  rezone at k=20 (t=0.2): 2.35954 s (setup 1.36253, apply 0.946832, gauge 0), errB 0.0247421, div 0.00666291, label Newton resid 9.32587e-15 (mean its 2.76389)
k=25 t=0.25 errB=0.0248257 E/Eex=0.999964 H/H0=nan div=0.00664089 minDetJ=0.987405
  rezone at k=25 (t=0.25): 2.26067 s (setup 1.27947, apply 0.933134, gauge 0), errB 0.0260091, div 0.0108373, label Newton resid 9.49241e-15 (mean its 2.81597)
k=30 t=0.3 errB=0.0261201 E/Eex=0.99958 H/H0=nan div=0.0107892 minDetJ=0.982604
  rezone at k=30 (t=0.3): 2.21248 s (setup 1.2869, apply 0.863522, gauge 0), errB 0.0275008, div 0.0163306, label Newton resid 7.32747e-15 (mean its 2.9809)
k=35 t=0.35 errB=0.0276247 E/Eex=0.999177 H/H0=nan div=0.0162495 minDetJ=0.979968
  rezone at k=35 (t=0.35): 2.15123 s (setup 1.25614, apply 0.832117, gauge 0), errB 0.0293259, div 0.0221021, label Newton resid 7.54952e-15 (mean its 3.08912)
k=40 t=0.4 errB=0.0294412 E/Eex=0.999238 H/H0=nan div=0.0220012 minDetJ=0.980971
  rezone at k=40 (t=0.4): 2.2374 s (setup 1.28658, apply 0.902778, gauge 0), errB 0.0313718, div 0.0246358, label Newton resid 9.49241e-15 (mean its 3.15509)
k=45 t=0.45 errB=0.031453 E/Eex=1.00016 H/H0=nan div=0.0245589 minDetJ=0.986207
  rezone at k=45 (t=0.45): 1.63807 s (setup 0.716627, apply 0.872819, gauge 0), errB 0.033095, div 0.0252807, label Newton resid 9.79772e-15 (mean its 3.25521)
k=50 t=0.5 errB=0.0331237 E/Eex=1.00178 H/H0=nan div=0.0252523 minDetJ=0.994936
  rezone at k=50 (t=0.5): 1.56919 s (setup 0.687556, apply 0.819662, gauge 0), errB 0.0337418, div 0.0255209, label Newton resid 9.99201e-15 (mean its 3.28646)
k=55 t=0.55 errB=0.0337137 E/Eex=1.00241 H/H0=nan div=0.0255495 minDetJ=0.99584
  rezone at k=55 (t=0.55): 1.8495 s (setup 0.904641, apply 0.899588, gauge 0), errB 0.0330943, div 0.0252908, label Newton resid 9.79772e-15 (mean its 3.25521)
k=60 t=0.6 errB=0.0330184 E/Eex=1.0018 H/H0=nan div=0.0253692 minDetJ=0.988472
  rezone at k=60 (t=0.6): 1.40647 s (setup 0.605928, apply 0.752395, gauge 0), errB 0.0313678, div 0.0247282, label Newton resid 9.49241e-15 (mean its 3.15509)
k=65 t=0.65 errB=0.0312621 E/Eex=1.00018 H/H0=nan div=0.0248368 minDetJ=0.983607
  rezone at k=65 (t=0.65): 1.84723 s (setup 1.07833, apply 0.721255, gauge 0), errB 0.0288594, div 0.0255929, label Newton resid 7.54952e-15 (mean its 3.08912)
k=70 t=0.7 errB=0.0287426 E/Eex=0.999431 H/H0=nan div=0.0257191 minDetJ=0.982111
  rezone at k=70 (t=0.7): 1.84141 s (setup 1.05553, apply 0.737918, gauge 0), errB 0.0267911, div 0.0258441, label Newton resid 7.32747e-15 (mean its 2.9809)
k=75 t=0.75 errB=0.0266871 E/Eex=0.999026 H/H0=nan div=0.0259546 minDetJ=0.983929
  rezone at k=75 (t=0.75): 2.35354 s (setup 1.38918, apply 0.912869, gauge 0), errB 0.0256126, div 0.0245653, label Newton resid 9.54792e-15 (mean its 2.81597)
k=80 t=0.8 errB=0.0255379 E/Eex=0.998405 H/H0=nan div=0.0246377 minDetJ=0.988063
  rezone at k=80 (t=0.8): 2.35885 s (setup 1.33482, apply 0.957692, gauge 0), errB 0.0250847, div 0.0224946, label Newton resid 9.32587e-15 (mean its 2.76389)
k=85 t=0.85 errB=0.0250413 E/Eex=0.997448 H/H0=nan div=0.0225316 minDetJ=0.992912
  rezone at k=85 (t=0.85): 2.2955 s (setup 1.35775, apply 0.871619, gauge 0), errB 0.0249398, div 0.02034, label Newton resid 7.66227e-15 (mean its 2.58796)
k=90 t=0.9 errB=0.0249204 E/Eex=0.996452 H/H0=nan div=0.0203541 minDetJ=0.99692
  rezone at k=90 (t=0.9): 2.32042 s (setup 1.34832, apply 0.925842, gauge 0), errB 0.0253688, div 0.0216665, label Newton resid 9.10383e-15 (mean its 2.29514)
k=95 t=0.95 errB=0.0253632 E/Eex=0.996351 H/H0=nan div=0.0216701 minDetJ=0.99922
  rezone at k=95 (t=0.95): 1.3316 s (setup 0.5667, apply 0.727398, gauge 0), errB 0.0260782, div 0.0217655, label Newton resid 2.22045e-16 (mean its 1.85185)
k=100 t=1 errB=0.0260776 E/Eex=0.99719 H/H0=nan div=0.0217658 minDetJ=0.999946
  rezone at k=100 (t=1): 1.3847 s (setup 0.590799, apply 0.763127, gauge 0), errB 0.0263723, div 0.0218143, label Newton resid 0 (mean its 0)
FINAL op=B_l2 gauge=none p=2 eps=3.0000e-01 rezones=20 b0=0: ||b_T-b_0||/||b_0||=1.3222e-02 errB(T)=2.6372e-02 E(T)/E(0)=9.9779e-01 H(T)/H(0)=nan flux_err=2.2440e-04 div=2.1814e-02 transfer_time=3.8907e+01 s, notfound=0, wall 7.6229e+01 s
