Options used:
   --N 8
   --order 3
   --geom-order 3
   --eps 0.6
   --steps 100
   --rezones 5
   --op A_l2
   --gauge coulomb
   --field abc
   --no-b0
   --fv 1
   --every 5
   --csv results/exp5_parts/q3_p3_e0.6_r5_A_l2_coulomb.csv.tmp
   --tag q3
   --no-selftest
t=0: errB=0.00151531 errA=0.000125483 E_B=39.4784 E_ex=39.4784 H=12.5663 minDetJ=1
k=10 t=0.1 errB=0.0015166 E/Eex=0.999999 H/H0=1 div=3.19208e-15 minDetJ=0.996709
k=20 t=0.2 errB=0.00153325 E/Eex=0.999999 H/H0=1 div=3.15962e-15 minDetJ=0.956922
  rezone at k=20 (t=0.2): 36.9687 s (setup 5.47451, apply 4.7901, gauge 1.11236), errB 0.00237782, div 3.14685e-15, label Newton resid 9.76996e-15 (mean its 3.09204)
k=30 t=0.3 errB=0.00245792 E/Eex=1.00001 H/H0=0.999999 div=3.0527e-15 minDetJ=0.883401
k=40 t=0.4 errB=0.00257578 E/Eex=1.00001 H/H0=0.999999 div=2.93734e-15 minDetJ=0.73628
  rezone at k=40 (t=0.4): 34.3546 s (setup 5.44949, apply 4.27399, gauge 0.913305), errB 0.0120839, div 2.92746e-15, label Newton resid 9.99201e-15 (mean its 3.9104)
k=50 t=0.5 errB=0.012465 E/Eex=1.00016 H/H0=0.999997 div=2.86378e-15 minDetJ=0.903475
k=60 t=0.6 errB=0.0120839 E/Eex=1.00016 H/H0=0.999997 div=2.92746e-15 minDetJ=1
  rezone at k=60 (t=0.6): 7.32242 s (setup 1.58285, apply 4.06402, gauge 0.825586), errB 0.0120839, div 2.89392e-15, label Newton resid 9.99201e-15 (mean its 3.9104)
k=70 t=0.7 errB=0.011601 E/Eex=1.00015 H/H0=0.999997 div=3.03505e-15 minDetJ=0.89182
k=80 t=0.8 errB=0.0116112 E/Eex=1.00014 H/H0=0.999997 div=3.15021e-15 minDetJ=0.805954
  rezone at k=80 (t=0.8): 11.0131 s (setup 5.2148, apply 3.98149, gauge 0.904063), errB 0.00996389, div 3.15799e-15, label Newton resid 9.76996e-15 (mean its 3.09204)
k=90 t=0.9 errB=0.0100543 E/Eex=1.0001 H/H0=0.999995 div=3.19179e-15 minDetJ=0.961919
k=100 t=1 errB=0.0100989 E/Eex=1.00009 H/H0=0.999995 div=3.19453e-15 minDetJ=0.958774
  rezone at k=100 (t=1): 5.79412 s (setup 2.79442, apply 2.21738, gauge 0.398264), errB 0.00794419, div 3.17015e-15, label Newton resid 0 (mean its 0)
FINAL op=A_l2 gauge=coulomb p=3 eps=6.0000e-01 rezones=5 b0=0: ||b_T-b_0||/||b_0||=7.7985e-03 errB(T)=7.9442e-03 E(T)/E(0)=1.0001e+00 H(T)/H(0)=9.9999e-01 flux_err=1.3184e-15 div=3.1701e-15 transfer_time=9.5453e+01 s, notfound=0, wall 1.5746e+02 s
