Options used:
   --N 8
   --order 3
   --geom-order 3
   --eps 0.6
   --steps 100
   --rezones 5
   --op A_int
   --gauge coulomb
   --field abc
   --no-b0
   --fv 1
   --every 5
   --csv results/exp5_parts/q3_p3_e0.6_r5_A_int_coulomb.csv.tmp
   --tag q3
   --no-selftest
t=0: errB=0.00151531 errA=0.000125483 E_B=39.4784 E_ex=39.4784 H=12.5663 minDetJ=1
k=10 t=0.1 errB=0.0015166 E/Eex=0.999999 H/H0=1 div=3.19208e-15 minDetJ=0.996709
k=20 t=0.2 errB=0.00153325 E/Eex=0.999999 H/H0=1 div=3.15962e-15 minDetJ=0.956922
  rezone at k=20 (t=0.2): 37.0931 s (setup 7.46616, apply 4.23409, gauge 1.07158), errB 0.00207591, div 3.10306e-15, label Newton resid 9.76996e-15 (mean its 3.09204)
k=30 t=0.3 errB=0.00216541 E/Eex=1.00001 H/H0=1.00001 div=3.00945e-15 minDetJ=0.883401
k=40 t=0.4 errB=0.00230045 E/Eex=1 H/H0=1.00001 div=2.8949e-15 minDetJ=0.73628
  rezone at k=40 (t=0.4): 38.1701 s (setup 6.76444, apply 3.98419, gauge 1.24694), errB 0.00882332, div 2.99234e-15, label Newton resid 9.99201e-15 (mean its 3.9104)
k=50 t=0.5 errB=0.00937074 E/Eex=0.999921 H/H0=0.999987 div=2.92802e-15 minDetJ=0.903475
k=60 t=0.6 errB=0.00882332 E/Eex=0.999957 H/H0=0.999987 div=2.99234e-15 minDetJ=1
  rezone at k=60 (t=0.6): 9.05879 s (setup 3.59518, apply 3.5318, gauge 0.979504), errB 0.00882332, div 2.91365e-15, label Newton resid 9.99201e-15 (mean its 3.9104)
k=70 t=0.7 errB=0.00804736 E/Eex=1.00001 H/H0=0.999987 div=3.05272e-15 minDetJ=0.89182
k=80 t=0.8 errB=0.00790692 E/Eex=1.00003 H/H0=0.999987 div=3.16643e-15 minDetJ=0.805954
  rezone at k=80 (t=0.8): 13.3954 s (setup 6.88928, apply 4.44109, gauge 1.02394), errB 0.00645075, div 3.13467e-15, label Newton resid 9.76996e-15 (mean its 3.09204)
k=90 t=0.9 errB=0.00648072 E/Eex=1.00001 H/H0=0.999971 div=3.1678e-15 minDetJ=0.961919
k=100 t=1 errB=0.00650694 E/Eex=1.00001 H/H0=0.999971 div=3.17048e-15 minDetJ=0.958774
  rezone at k=100 (t=1): 12.5279 s (setup 7.14321, apply 3.61486, gauge 0.900315), errB 0.00505673, div 3.1591e-15, label Newton resid 0 (mean its 0)
FINAL op=A_int gauge=coulomb p=3 eps=6.0000e-01 rezones=5 b0=0: ||b_T-b_0||/||b_0||=4.8277e-03 errB(T)=5.0567e-03 E(T)/E(0)=9.9999e-01 H(T)/H(0)=9.9997e-01 flux_err=7.0777e-16 div=3.1591e-15 transfer_time=1.1025e+02 s, notfound=0, wall 1.7878e+02 s
