== [e3] exp3_remap -N 8 -p 1 -field abc -b0 -eps1 0.3 -m2 uniform -ops A_pt,A_int,A_l2 -gfix coulomb
Options used:
   --N 8
   --order 1
   --geom-order -1
   --field abc
   --b0
   --eps1 0.3
   --fv1 1
   --m2 uniform
   --gauge 0
   --gauge-k 2
   --gfix coulomb
   --ops A_pt,A_int,A_l2
   --nq -1
   --gradfrac
   --csv results/exp4_gauge_parts/e3.csv
   --tag e3
  [t] meshes+ops 0.0588527 s
  [t] gauge setup 0.0977962 s
  [t] mesh state (b0, diag) 0.141524 s
M1 N8_def0.3f1 detJ [0.87664,1.08806] ND=1536 RT=1536
M2 N8_uni detJ [1,1] ND=1536 RT=1536
  [t] M1 projection+diag 0.435469 s
  [t] M2 reference projections+diag 0.270165 s
  [t] evaluator setup 0.00296008 s
  [t] A_pt 0.620675 s
A_pt   errB_rel=2.326e-01 (ref 2.239e-01) div_rel=1.680e-16 dE/E1=-6.595e-02 t_oneshot=7.943e-02 iters=0 notfound=0 | gfix coulomb: iters 10 time 1.520e-02 gradfrac 2.940e-02->1.128e-11 dB 1.592e-16 dH 1.145e-15
  [t] A_int 0.814 s
A_int  errB_rel=2.301e-01 (ref 2.239e-01) div_rel=1.652e-16 dE/E1=-6.562e-02 t_oneshot=2.269e-01 iters=0 notfound=0 | gfix coulomb: iters 10 time 1.726e-03 gradfrac 1.701e-02->2.449e-11 dB 1.600e-16 dH -1.308e-15
  [t] A_l2 0.988 s
A_l2   errB_rel=2.262e-01 (ref 2.239e-01) div_rel=1.594e-16 dE/E1=-3.904e-03 t_oneshot=4.606e-01 iters=15 notfound=0 | gfix coulomb: iters 10 time 1.766e-03 gradfrac 1.360e-02->4.567e-11 dB 1.594e-16 dH 8.125e-15
total wall 3.43 s
   rc=0  4 s
== [e3] exp3_remap -N 8 -p 2 -field abc -b0 -eps1 0.3 -m2 uniform -ops A_pt,A_int,A_l2 -gfix coulomb
Options used:
   --N 8
   --order 2
   --geom-order -1
   --field abc
   --b0
   --eps1 0.3
   --fv1 1
   --m2 uniform
   --gauge 0
   --gauge-k 2
   --gfix coulomb
   --ops A_pt,A_int,A_l2
   --nq -1
   --gradfrac
   --csv results/exp4_gauge_parts/e3.csv
   --tag e3
  [t] meshes+ops 0.33433 s
  [t] gauge setup 2.22957 s
  [t] mesh state (b0, diag) 1.38933 s
M1 N8_def0.3f1 detJ [0.901025,1.09897] ND=12288 RT=12288
M2 N8_uni detJ [1,1] ND=12288 RT=12288
  [t] M1 projection+diag 3.4928 s
  [t] M2 reference projections+diag 2.74823 s
  [t] evaluator setup 0.03059 s
  [t] A_pt 5.03009 s
A_pt   errB_rel=3.471e-02 (ref 2.274e-02) div_rel=1.234e-15 dE/E1=7.458e-05 t_oneshot=6.675e-01 iters=0 notfound=0 | gfix coulomb: iters 14 time 1.284e-01 gradfrac 8.416e-03->2.563e-11 dB 5.796e-16 dH -3.536e-15
  [t] A_int 5.94 s
A_int  errB_rel=2.914e-02 (ref 2.274e-02) div_rel=1.220e-15 dE/E1=-4.835e-04 t_oneshot=1.955e+00 iters=0 notfound=0 | gfix coulomb: iters 14 time 9.461e-02 gradfrac 6.411e-03->3.179e-11 dB 5.767e-16 dH -1.146e-14
  [t] A_l2 7.3 s
A_l2   errB_rel=3.021e-02 (ref 2.274e-02) div_rel=1.225e-15 dE/E1=2.676e-04 t_oneshot=2.377e+00 iters=18 notfound=0 | gfix coulomb: iters 14 time 9.801e-02 gradfrac 4.946e-03->4.869e-11 dB 5.770e-16 dH -1.414e-16
total wall 28.5 s
   rc=0  29 s
== [e3] exp3_remap -N 8 -p 3 -field abc -b0 -eps1 0.3 -m2 uniform -ops A_pt,A_int,A_l2 -gfix coulomb
Options used:
   --N 8
   --order 3
   --geom-order -1
   --field abc
   --b0
   --eps1 0.3
   --fv1 1
   --m2 uniform
   --gauge 0
   --gauge-k 2
   --gfix coulomb
   --ops A_pt,A_int,A_l2
   --nq -1
   --gradfrac
   --csv results/exp4_gauge_parts/e3.csv
   --tag e3
  [t] meshes+ops 1.56732 s
  [t] gauge setup 25.2335 s
  [t] mesh state (b0, diag) 10.6816 s
M1 N8_def0.3f1 detJ [0.909777,1.09022] ND=41472 RT=41472
M2 N8_uni detJ [1,1] ND=41472 RT=41472
  [t] M1 projection+diag 21.2962 s
  [t] M2 reference projections+diag 14.0943 s
  [t] evaluator setup 0.0539525 s
  [t] A_pt 26.8498 s
A_pt   errB_rel=4.351e-03 (ref 1.512e-03) div_rel=3.234e-15 dE/E1=1.147e-05 t_oneshot=2.510e+00 iters=0 notfound=0 | gfix coulomb: iters 21 time 1.208e+00 gradfrac 1.001e-03->0.000e+00 dB 9.510e-16 dH 3.209e-14
  [t] A_int 36.6 s
A_int  errB_rel=2.432e-03 (ref 1.512e-03) div_rel=3.166e-15 dE/E1=-4.566e-06 t_oneshot=1.065e+01 iters=0 notfound=0 | gfix coulomb: iters 21 time 1.113e+00 gradfrac 7.692e-04->0.000e+00 dB 9.592e-16 dH -1.385e-14
  [t] A_l2 34.6 s
A_l2   errB_rel=3.105e-03 (ref 1.512e-03) div_rel=3.148e-15 dE/E1=5.991e-06 t_oneshot=1.051e+01 iters=15 notfound=0 | gfix coulomb: iters 21 time 9.149e-01 gradfrac 6.183e-04->0.000e+00 dB 9.510e-16 dH -1.230e-14
total wall 171 s
   rc=0  172 s
