== [g_cost] exp4_repeat -N 8 -field abc -epsB 0.3 -p 2 -no-b0 -n 20 -every 4 -ops B_l2c
Options used:
   --N 8
   --order 2
   --geom-order -1
   --field abc
   --no-b0
   --epsA 0
   --fvA 1
   --epsB 0.3
   --fvB 1
   --n 20
   --every 4
   --ops B_l2c
   --nq -1
   --gradfrac
   --gauge none
   --csv results/exp4_gauge_parts/g_cost.csv
   --tag g_cost
N=8 p=2 q=2  A: N8_uni  B: N8_def0.3f1  ND=12288 RT=12288  n=20
B_l2c step    1 B  E/E0=9.995e-01 errB=2.769e-02 div_rel=1.334e-14 |a|=nan H/H0=0.000e+00 t_cum=8.780e+00
B_l2c step   20 A  E/E0=9.852e-01 errB=3.460e-02 div_rel=8.857e-15 |a|=nan H/H0=0.000e+00 t_cum=1.090e+02
B_l2c done: setup 1.33 s, transfers 109 s (5.45 s/remap), diagnostics 12.7 s, wall 123 s, not found 0
total wall 128 s
   rc=0  129 s
== [g_cost] exp4_repeat -N 8 -field abc -epsB 0.3 -p 2 -no-b0 -n 20 -every 4 -ops A_int,A_l2 -gauge none
Options used:
   --N 8
   --order 2
   --geom-order -1
   --field abc
   --no-b0
   --epsA 0
   --fvA 1
   --epsB 0.3
   --fvB 1
   --n 20
   --every 4
   --ops A_int,A_l2
   --nq -1
   --gradfrac
   --gauge none
   --csv results/exp4_gauge_parts/g_cost.csv
   --tag g_cost
N=8 p=2 q=2  A: N8_uni  B: N8_def0.3f1  ND=12288 RT=12288  n=20
A_int step    1 B  E/E0=9.996e-01 errB=2.945e-02 div_rel=1.218e-15 |a|=1.413e+00 H/H0=9.992e-01 t_cum=4.545e-01
A_int step   20 A  E/E0=9.989e-01 errB=4.143e-02 div_rel=1.248e-15 |a|=1.412e+00 H/H0=9.976e-01 t_cum=9.450e+00
A_int done: setup 1.88 s, transfers 9.45 s (0.473 s/remap), diagnostics 16.7 s, wall 28 s, not found 0
A_l2 step    1 B  E/E0=1.000e+00 errB=3.338e-02 div_rel=1.219e-15 |a|=1.414e+00 H/H0=9.999e-01 t_cum=9.203e-01
A_l2 step   20 A  E/E0=1.001e+00 errB=5.234e-02 div_rel=1.207e-15 |a|=1.413e+00 H/H0=9.990e-01 t_cum=1.821e+01
A_l2 done: setup 1.23 s, transfers 18.2 s (0.91 s/remap), diagnostics 16.8 s, wall 36.2 s, not found 0
total wall 69.5 s
   rc=0  70 s
== [g_cost] exp4_repeat -N 8 -field abc -epsB 0.3 -p 2 -no-b0 -n 20 -every 4 -ops A_int,A_l2 -gauge coulomb
Options used:
   --N 8
   --order 2
   --geom-order -1
   --field abc
   --no-b0
   --epsA 0
   --fvA 1
   --epsB 0.3
   --fvB 1
   --n 20
   --every 4
   --ops A_int,A_l2
   --nq -1
   --gradfrac
   --gauge coulomb
   --csv results/exp4_gauge_parts/g_cost.csv
   --tag g_cost
gauge coulomb: setup 3.16686 s, max|L-K|/max|K| = 2.14672e-15 / 2.50756e-15
N=8 p=2 q=2  A: N8_uni  B: N8_def0.3f1  ND=12288 RT=12288  n=20
A_int step    1 B  E/E0=9.996e-01 errB=2.945e-02 div_rel=1.250e-15 |a|=1.413e+00 H/H0=9.992e-01 t_cum=6.554e-01
A_int step   20 A  E/E0=9.993e-01 errB=4.067e-02 div_rel=1.186e-15 |a|=1.412e+00 H/H0=9.982e-01 t_cum=1.181e+01
A_int done: setup 1.61 s, transfers 11.8 s (0.59 s/remap), diagnostics 20.1 s, wall 56.7 s, not found 0
A_l2 step    1 B  E/E0=1.000e+00 errB=3.338e-02 div_rel=1.206e-15 |a|=1.414e+00 H/H0=9.999e-01 t_cum=9.436e-01
A_l2 step   20 A  E/E0=1.002e+00 errB=6.059e-02 div_rel=1.200e-15 |a|=1.413e+00 H/H0=9.984e-01 t_cum=1.922e+01
A_l2 done: setup 1.5 s, transfers 19.2 s (0.961 s/remap), diagnostics 19.8 s, wall 61.6 s, not found 0
total wall 127 s
   rc=0  127 s
== [g_cost] exp4_repeat -N 8 -field abc -epsB 0.3 -p 3 -no-b0 -n 20 -every 4 -ops B_l2c
Options used:
   --N 8
   --order 3
   --geom-order -1
   --field abc
   --no-b0
   --epsA 0
   --fvA 1
   --epsB 0.3
   --fvB 1
   --n 20
   --every 4
   --ops B_l2c
   --nq -1
   --gradfrac
   --gauge none
   --csv results/exp4_gauge_parts/g_cost.csv
   --tag g_cost
N=8 p=3 q=3  A: N8_uni  B: N8_def0.3f1  ND=41472 RT=41472  n=20
B_l2c step    1 B  E/E0=1.000e+00 errB=2.130e-03 div_rel=2.691e-15 |a|=nan H/H0=0.000e+00 t_cum=1.556e+01
B_l2c step   20 A  E/E0=1.000e+00 errB=3.228e-03 div_rel=8.891e-16 |a|=nan H/H0=0.000e+00 t_cum=1.702e+02
B_l2c done: setup 3.89 s, transfers 170 s (8.51 s/remap), diagnostics 33.7 s, wall 208 s, not found 0
total wall 239 s
   rc=0  239 s
== [g_cost] exp4_repeat -N 8 -field abc -epsB 0.3 -p 3 -no-b0 -n 20 -every 4 -ops A_int,A_l2 -gauge none
Options used:
   --N 8
   --order 3
   --geom-order -1
   --field abc
   --no-b0
   --epsA 0
   --fvA 1
   --epsB 0.3
   --fvB 1
   --n 20
   --every 4
   --ops A_int,A_l2
   --nq -1
   --gradfrac
   --gauge none
   --csv results/exp4_gauge_parts/g_cost.csv
   --tag g_cost
N=8 p=3 q=3  A: N8_uni  B: N8_def0.3f1  ND=41472 RT=41472  n=20
A_int step    1 B  E/E0=1.000e+00 errB=2.179e-03 div_rel=3.247e-15 |a|=1.414e+00 H/H0=1.000e+00 t_cum=1.957e+00
A_int step   20 A  E/E0=1.000e+00 errB=8.056e-03 div_rel=3.141e-15 |a|=1.414e+00 H/H0=1.000e+00 t_cum=3.149e+01
A_int done: setup 3.16 s, transfers 31.5 s (1.57 s/remap), diagnostics 50.7 s, wall 85.3 s, not found 0
A_l2 step    1 B  E/E0=1.000e+00 errB=4.380e-03 div_rel=3.248e-15 |a|=1.414e+00 H/H0=1.000e+00 t_cum=2.340e+00
A_l2 step   20 A  E/E0=1.000e+00 errB=9.530e-03 div_rel=3.171e-15 |a|=1.414e+00 H/H0=1.000e+00 t_cum=4.958e+01
A_l2 done: setup 3.03 s, transfers 49.6 s (2.48 s/remap), diagnostics 57.2 s, wall 110 s, not found 0
total wall 205 s
   rc=0  206 s
== [g_cost] exp4_repeat -N 8 -field abc -epsB 0.3 -p 3 -no-b0 -n 20 -every 4 -ops A_int,A_l2 -gauge coulomb
Options used:
   --N 8
   --order 3
   --geom-order -1
   --field abc
   --no-b0
   --epsA 0
   --fvA 1
   --epsB 0.3
   --fvB 1
   --n 20
   --every 4
   --ops A_int,A_l2
   --nq -1
   --gradfrac
   --gauge coulomb
   --csv results/exp4_gauge_parts/g_cost.csv
   --tag g_cost
gauge coulomb: setup 23.4357 s, max|L-K|/max|K| = 2.50679e-15 / 2.92516e-15
N=8 p=3 q=3  A: N8_uni  B: N8_def0.3f1  ND=41472 RT=41472  n=20
A_int step    1 B  E/E0=1.000e+00 errB=2.179e-03 div_rel=3.239e-15 |a|=1.414e+00 H/H0=1.000e+00 t_cum=2.615e+00
A_int step   20 A  E/E0=1.000e+00 errB=8.802e-03 div_rel=3.129e-15 |a|=1.414e+00 H/H0=1.000e+00 t_cum=5.184e+01
A_int done: setup 5.52 s, transfers 51.8 s (2.59 s/remap), diagnostics 54.1 s, wall 185 s, not found 0
A_l2 step    1 B  E/E0=1.000e+00 errB=4.380e-03 div_rel=3.219e-15 |a|=1.414e+00 H/H0=1.000e+00 t_cum=3.118e+00
A_l2 step   20 A  E/E0=1.000e+00 errB=1.297e-02 div_rel=3.161e-15 |a|=1.414e+00 H/H0=1.000e+00 t_cum=5.382e+01
A_l2 done: setup 3.17 s, transfers 53.8 s (2.69 s/remap), diagnostics 53.5 s, wall 183 s, not found 0
total wall 418 s
   rc=0  418 s
