== [g_long] exp4_repeat -N 8 -field abc -epsB 0.3 -p 2 -no-b0 -n 400 -every 20 -ops A_int,A_l2 -gauge coulomb
Options used:
   --N 8
   --order 2
   --geom-order -1
   --field abc
   --no-b0
   --epsA 0
   --fvA 1
   --epsB 0.3
   --fvB 1
   --n 400
   --every 20
   --ops A_int,A_l2
   --nq -1
   --gradfrac
   --gauge coulomb
   --csv results/exp4_gauge_parts/g_long.csv
   --tag g_long
gauge coulomb: setup 4.01771 s, max|L-K|/max|K| = 2.14672e-15 / 2.50756e-15
N=8 p=2 q=2  A: N8_uni  B: N8_def0.3f1  ND=12288 RT=12288  n=400
A_int step    1 B  E/E0=9.996e-01 errB=2.945e-02 div_rel=1.250e-15 |a|=1.413e+00 H/H0=9.992e-01 t_cum=7.840e-01
A_int step  200 A  E/E0=1.035e+00 errB=2.030e-01 div_rel=1.230e-15 |a|=1.413e+00 H/H0=9.949e-01 t_cum=1.498e+02
A_int step  400 A  E/E0=3.310e+00 errB=1.578e+00 div_rel=1.402e-15 |a|=1.427e+00 H/H0=7.054e-01 t_cum=3.051e+02
A_int done: setup 2.29 s, transfers 305 s (0.763 s/remap), diagnostics 70.7 s, wall 474 s, not found 0
A_l2 step    1 B  E/E0=1.000e+00 errB=3.338e-02 div_rel=1.206e-15 |a|=1.414e+00 H/H0=9.999e-01 t_cum=1.282e+00
A_l2 step  200 A  E/E0=1.006e+00 errB=1.445e-01 div_rel=1.165e-15 |a|=1.404e+00 H/H0=9.859e-01 t_cum=2.737e+02
A_l2 step  400 A  E/E0=1.019e+00 errB=2.136e-01 div_rel=1.222e-15 |a|=1.397e+00 H/H0=9.740e-01 t_cum=5.381e+02
A_l2 done: setup 2.17 s, transfers 538 s (1.35 s/remap), diagnostics 72.4 s, wall 709 s, not found 0
total wall 1.2e+03 s
   rc=0  1196 s
