== [g_p2] exp4_repeat -N 8 -field abc -epsB 0.3 -p 2 -no-b0 -n 100 -every 5 -ops A_pt,A_int,A_l2 -gauge coulomb
Options used:
   --N 8
   --order 2
   --geom-order -1
   --field abc
   --no-b0
   --epsA 0
   --fvA 1
   --epsB 0.3
   --fvB 1
   --n 100
   --every 5
   --ops A_pt,A_int,A_l2
   --nq -1
   --gradfrac
   --gauge coulomb
   --csv results/exp4_gauge_parts/g_p2.csv
   --tag g_p2
gauge coulomb: setup 3.52573 s, max|L-K|/max|K| = 2.14672e-15 / 2.50756e-15
N=8 p=2 q=2  A: N8_uni  B: N8_def0.3f1  ND=12288 RT=12288  n=100
A_pt step    1 B  E/E0=9.996e-01 errB=2.946e-02 div_rel=1.234e-15 |a|=1.413e+00 H/H0=9.993e-01 t_cum=3.727e-01
A_pt step   50 A  E/E0=2.146e+01 errB=4.522e+00 div_rel=2.399e-15 |a|=1.807e+00 H/H0=9.783e-01 t_cum=1.356e+01
A_pt step  100 A  E/E0=1.131e+08 errB=1.064e+04 div_rel=4.758e-12 |a|=2.563e+03 H/H0=-3.686e+04 t_cum=2.710e+01
A_pt done: setup 0.472 s, transfers 27.1 s (0.271 s/remap), diagnostics 96.3 s, wall 221 s, not found 0
A_int step    1 B  E/E0=9.996e-01 errB=2.945e-02 div_rel=1.250e-15 |a|=1.413e+00 H/H0=9.992e-01 t_cum=8.379e-01
A_int step   50 A  E/E0=1.002e+00 errB=6.337e-02 div_rel=1.232e-15 |a|=1.413e+00 H/H0=9.982e-01 t_cum=4.047e+01
A_int step  100 A  E/E0=1.009e+00 errB=1.070e-01 div_rel=1.186e-15 |a|=1.413e+00 H/H0=9.983e-01 t_cum=7.834e+01
A_int done: setup 1.94 s, transfers 78.3 s (0.783 s/remap), diagnostics 98.4 s, wall 277 s, not found 0
A_l2 step    1 B  E/E0=1.000e+00 errB=3.338e-02 div_rel=1.206e-15 |a|=1.414e+00 H/H0=9.999e-01 t_cum=1.451e+00
A_l2 step   50 A  E/E0=1.003e+00 errB=8.461e-02 div_rel=1.203e-15 |a|=1.411e+00 H/H0=9.962e-01 t_cum=6.792e+01
A_l2 step  100 A  E/E0=1.004e+00 errB=1.085e-01 div_rel=1.220e-15 |a|=1.409e+00 H/H0=9.926e-01 t_cum=1.347e+02
A_l2 done: setup 1.98 s, transfers 135 s (1.35 s/remap), diagnostics 103 s, wall 337 s, not found 0
total wall 846 s
   rc=0  846 s
