== [g_p3] exp4_repeat -N 8 -field abc -epsB 0.3 -p 3 -no-b0 -n 100 -every 5 -ops A_pt,A_int,A_l2 -gauge coulomb
Options used:
   --N 8
   --order 3
   --geom-order -1
   --field abc
   --no-b0
   --epsA 0
   --fvA 1
   --epsB 0.3
   --fvB 1
   --n 100
   --every 5
   --ops A_pt,A_int,A_l2
   --nq -1
   --gradfrac
   --gauge coulomb
   --csv results/exp4_gauge_parts/g_p3.csv
   --tag g_p3
gauge coulomb: setup 47.9837 s, max|L-K|/max|K| = 2.50679e-15 / 2.92516e-15
N=8 p=3 q=3  A: N8_uni  B: N8_def0.3f1  ND=41472 RT=41472  n=100
A_pt step    1 B  E/E0=1.000e+00 errB=2.179e-03 div_rel=3.254e-15 |a|=1.414e+00 H/H0=1.000e+00 t_cum=2.036e+00
A_pt step   50 A  E/E0=1.041e+00 errB=1.974e-01 div_rel=3.195e-15 |a|=1.416e+00 H/H0=1.002e+00 t_cum=9.538e+01
A_pt step  100 A  E/E0=1.792e+03 errB=4.232e+01 div_rel=3.636e-14 |a|=6.209e+00 H/H0=-2.290e-01 t_cum=1.880e+02
A_pt done: setup 2.47 s, transfers 188 s (1.88 s/remap), diagnostics 336 s, wall 1.02e+03 s, not found 0
A_int step    1 B  E/E0=1.000e+00 errB=2.179e-03 div_rel=3.239e-15 |a|=1.414e+00 H/H0=1.000e+00 t_cum=4.589e+00
A_int step   50 A  E/E0=1.001e+00 errB=1.887e-02 div_rel=3.187e-15 |a|=1.415e+00 H/H0=1.001e+00 t_cum=2.702e+02
A_int step  100 A  E/E0=1.004e+00 errB=3.883e-02 div_rel=3.150e-15 |a|=1.416e+00 H/H0=1.002e+00 t_cum=5.282e+02
A_int done: setup 12.5 s, transfers 528 s (5.28 s/remap), diagnostics 332 s, wall 1.36e+03 s, not found 0
A_l2 step    1 B  E/E0=1.000e+00 errB=4.380e-03 div_rel=3.219e-15 |a|=1.414e+00 H/H0=1.000e+00 t_cum=5.991e+00
A_l2 step   50 A  E/E0=1.000e+00 errB=1.999e-02 div_rel=3.162e-15 |a|=1.414e+00 H/H0=9.999e-01 t_cum=2.827e+02
A_l2 step  100 A  E/E0=1.001e+00 errB=2.826e-02 div_rel=3.180e-15 |a|=1.414e+00 H/H0=9.999e-01 t_cum=5.695e+02
A_l2 done: setup 7.05 s, transfers 570 s (5.7 s/remap), diagnostics 317 s, wall 1.36e+03 s, not found 0
total wall 3.84e+03 s
   rc=0  3838 s
